Component: ARM Compiler 5.06 update 6 (build 750) Tool: armlink [4d35ed]

==============================================================================

Section Cross References

    startup_stm32g070xx.o(RESET) refers to startup_stm32g070xx.o(STACK) for __initial_sp
    startup_stm32g070xx.o(RESET) refers to startup_stm32g070xx.o(.text) for Reset_Handler
    startup_stm32g070xx.o(RESET) refers to stm32g0xx_it.o(i.NMI_Handler) for NMI_Handler
    startup_stm32g070xx.o(RESET) refers to stm32g0xx_it.o(i.HardFault_Handler) for HardFault_Handler
    startup_stm32g070xx.o(RESET) refers to stm32g0xx_it.o(i.SVC_Handler) for SVC_Handler
    startup_stm32g070xx.o(RESET) refers to stm32g0xx_it.o(i.PendSV_Handler) for PendSV_Handler
    startup_stm32g070xx.o(RESET) refers to stm32g0xx_it.o(i.SysTick_Handler) for SysTick_Handler
    startup_stm32g070xx.o(RESET) refers to stm32g0xx_it.o(i.DMA1_Channel1_IRQHandler) for DMA1_Channel1_IRQHandler
    startup_stm32g070xx.o(RESET) refers to stm32g0xx_it.o(i.ADC1_IRQHandler) for ADC1_IRQHandler
    startup_stm32g070xx.o(.text) refers to system_stm32g0xx.o(i.SystemInit) for SystemInit
    startup_stm32g070xx.o(.text) refers to entry.o(.ARM.Collect$$$$00000000) for __main
    main.o(i.SystemClock_Config) refers to memseta.o(.text) for __aeabi_memclr4
    main.o(i.SystemClock_Config) refers to stm32g0xx_hal_pwr_ex.o(i.HAL_PWREx_ControlVoltageScaling) for HAL_PWREx_ControlVoltageScaling
    main.o(i.SystemClock_Config) refers to stm32g0xx_hal_rcc.o(i.HAL_RCC_OscConfig) for HAL_RCC_OscConfig
    main.o(i.SystemClock_Config) refers to stm32g0xx_hal_rcc.o(i.HAL_RCC_ClockConfig) for HAL_RCC_ClockConfig
    main.o(i.SystemClock_Config) refers to stm32g0xx_hal_rcc_ex.o(i.HAL_RCCEx_PeriphCLKConfig) for HAL_RCCEx_PeriphCLKConfig
    main.o(i.main) refers to stm32g0xx_hal.o(i.HAL_Init) for HAL_Init
    main.o(i.main) refers to main.o(i.SystemClock_Config) for SystemClock_Config
    main.o(i.main) refers to gpio.o(i.MX_GPIO_Init) for MX_GPIO_Init
    main.o(i.main) refers to dma.o(i.MX_DMA_Init) for MX_DMA_Init
    main.o(i.main) refers to adc.o(i.MX_ADC1_Init) for MX_ADC1_Init
    main.o(i.main) refers to rtc.o(i.MX_RTC_Init) for MX_RTC_Init
    main.o(i.main) refers to ds18b20.o(i.Ds18b20_Init) for Ds18b20_Init
    main.o(i.main) refers to u8g2_d_setup.o(i.u8g2_Init) for u8g2_Init
    main.o(i.main) refers to ui.o(i.UI_Init) for UI_Init
    main.o(i.main) refers to stm32g0xx_hal_adc_ex.o(i.HAL_ADCEx_Calibration_Start) for HAL_ADCEx_Calibration_Start
    main.o(i.main) refers to stm32g0xx_hal_adc.o(i.HAL_ADC_Start_DMA) for HAL_ADC_Start_DMA
    main.o(i.main) refers to ui.o(i.UI_Update) for UI_Update
    main.o(i.main) refers to ui.o(i.UI_EventCallback) for UI_EventCallback
    main.o(i.main) refers to main.o(.bss) for .bss
    main.o(i.main) refers to adc.o(.bss) for hadc1
    main.o(i.main) refers to joystick.o(.data) for ADC_VALUE
    gpio.o(i.MX_GPIO_Init) refers to memseta.o(.text) for __aeabi_memclr4
    gpio.o(i.MX_GPIO_Init) refers to stm32g0xx_hal_gpio.o(i.HAL_GPIO_WritePin) for HAL_GPIO_WritePin
    gpio.o(i.MX_GPIO_Init) refers to stm32g0xx_hal_gpio.o(i.HAL_GPIO_Init) for HAL_GPIO_Init
    adc.o(i.HAL_ADC_MspDeInit) refers to stm32g0xx_hal_gpio.o(i.HAL_GPIO_DeInit) for HAL_GPIO_DeInit
    adc.o(i.HAL_ADC_MspDeInit) refers to stm32g0xx_hal_dma.o(i.HAL_DMA_DeInit) for HAL_DMA_DeInit
    adc.o(i.HAL_ADC_MspDeInit) refers to stm32g0xx_hal_cortex.o(i.HAL_NVIC_DisableIRQ) for HAL_NVIC_DisableIRQ
    adc.o(i.HAL_ADC_MspInit) refers to memseta.o(.text) for __aeabi_memclr4
    adc.o(i.HAL_ADC_MspInit) refers to stm32g0xx_hal_gpio.o(i.HAL_GPIO_Init) for HAL_GPIO_Init
    adc.o(i.HAL_ADC_MspInit) refers to stm32g0xx_hal_dma.o(i.HAL_DMA_Init) for HAL_DMA_Init
    adc.o(i.HAL_ADC_MspInit) refers to main.o(i.Error_Handler) for Error_Handler
    adc.o(i.HAL_ADC_MspInit) refers to stm32g0xx_hal_cortex.o(i.HAL_NVIC_SetPriority) for HAL_NVIC_SetPriority
    adc.o(i.HAL_ADC_MspInit) refers to stm32g0xx_hal_cortex.o(i.HAL_NVIC_EnableIRQ) for HAL_NVIC_EnableIRQ
    adc.o(i.HAL_ADC_MspInit) refers to adc.o(.bss) for .bss
    adc.o(i.MX_ADC1_Init) refers to stm32g0xx_hal_adc.o(i.HAL_ADC_Init) for HAL_ADC_Init
    adc.o(i.MX_ADC1_Init) refers to main.o(i.Error_Handler) for Error_Handler
    adc.o(i.MX_ADC1_Init) refers to stm32g0xx_hal_adc.o(i.HAL_ADC_ConfigChannel) for HAL_ADC_ConfigChannel
    adc.o(i.MX_ADC1_Init) refers to adc.o(.bss) for .bss
    dma.o(i.MX_DMA_Init) refers to stm32g0xx_hal_cortex.o(i.HAL_NVIC_SetPriority) for HAL_NVIC_SetPriority
    dma.o(i.MX_DMA_Init) refers to stm32g0xx_hal_cortex.o(i.HAL_NVIC_EnableIRQ) for HAL_NVIC_EnableIRQ
    stm32g0xx_it.o(i.ADC1_IRQHandler) refers to stm32g0xx_hal_adc.o(i.HAL_ADC_IRQHandler) for HAL_ADC_IRQHandler
    stm32g0xx_it.o(i.ADC1_IRQHandler) refers to adc.o(.bss) for hadc1
    stm32g0xx_it.o(i.DMA1_Channel1_IRQHandler) refers to stm32g0xx_hal_dma.o(i.HAL_DMA_IRQHandler) for HAL_DMA_IRQHandler
[...]
    i.DHT11_Read                             0x080003d0   Section        0  dht11.o(i.DHT11_Read)
    i.DHT11_Start                            0x08000410   Section        0  dht11.o(i.DHT11_Start)
    i.DMA1_Channel1_IRQHandler               0x08000464   Section        0  stm32g0xx_it.o(i.DMA1_Channel1_IRQHandler)
    i.DMA_CalcDMAMUXChannelBaseAndMask       0x08000474   Section        0  stm32g0xx_hal_dma.o(i.DMA_CalcDMAMUXChannelBaseAndMask)
    DMA_CalcDMAMUXChannelBaseAndMask         0x08000475   Thumb Code    44  stm32g0xx_hal_dma.o(i.DMA_CalcDMAMUXChannelBaseAndMask)
    i.DMA_CalcDMAMUXRequestGenBaseAndMask    0x080004a4   Section        0  stm32g0xx_hal_dma.o(i.DMA_CalcDMAMUXRequestGenBaseAndMask)
    DMA_CalcDMAMUXRequestGenBaseAndMask      0x080004a5   Thumb Code    34  stm32g0xx_hal_dma.o(i.DMA_CalcDMAMUXRequestGenBaseAndMask)
    i.DMA_SetConfig                          0x080004cc   Section        0  stm32g0xx_hal_dma.o(i.DMA_SetConfig)
    DMA_SetConfig                            0x080004cd   Thumb Code    66  stm32g0xx_hal_dma.o(i.DMA_SetConfig)
    i.Delay_Us                               0x08000514   Section        0  main.o(i.Delay_Us)
    i.Ds18b20_Configure                      0x08000524   Section        0  ds18b20.o(i.Ds18b20_Configure)
    i.Ds18b20_Crc                            0x0800056c   Section        0  ds18b20.o(i.Ds18b20_Crc)
    i.Ds18b20_GetTemperture                  0x08000594   Section        0  ds18b20.o(i.Ds18b20_GetTemperture)
    i.Ds18b20_Init                           0x0800060c   Section        0  ds18b20.o(i.Ds18b20_Init)
    i.Ds18b20_ReadByte                       0x08000614   Section        0  ds18b20.o(i.Ds18b20_ReadByte)
    i.Ds18b20_ReadBytes                      0x08000664   Section        0  ds18b20.o(i.Ds18b20_ReadBytes)
    i.Ds18b20_Rest                           0x08000684   Section        0  ds18b20.o(i.Ds18b20_Rest)
    i.Ds18b20_WriteByte                      0x080006d4   Section        0  ds18b20.o(i.Ds18b20_WriteByte)
    i.Error_Handler                          0x08000714   Section        0  main.o(i.Error_Handler)
    i.Game_Snake_Append                      0x08000718   Section        0  game_snake.o(i.Game_Snake_Append)
    i.Game_Snake_Colliding                   0x08000738   Section        0  game_snake.o(i.Game_Snake_Colliding)
    i.Game_Snake_Eaten                       0x08000786   Section        0  game_snake.o(i.Game_Snake_Eaten)
    i.Game_Snake_Generate                    0x080007c2   Section        0  game_snake.o(i.Game_Snake_Generate)
    i.Game_Snake_Init                        0x080007ec   Section        0  game_snake.o(i.Game_Snake_Init)
    i.Game_Snake_Update                      0x08000808   Section        0  game_snake.o(i.Game_Snake_Update)
    i.HAL_ADCEx_Calibration_Start            0x080008f0   Section        0  stm32g0xx_hal_adc_ex.o(i.HAL_ADCEx_Calibration_Start)
    i.HAL_ADCEx_ChannelConfigReadyCallback   0x08000990   Section        0  stm32g0xx_hal_adc_ex.o(i.HAL_ADCEx_ChannelConfigReadyCallback)
    i.HAL_ADCEx_EndOfSamplingCallback        0x08000992   Section        0  stm32g0xx_hal_adc_ex.o(i.HAL_ADCEx_EndOfSamplingCallback)
    i.HAL_ADCEx_LevelOutOfWindow2Callback    0x08000994   Section        0  stm32g0xx_hal_adc_ex.o(i.HAL_ADCEx_LevelOutOfWindow2Callback)
    i.HAL_ADCEx_LevelOutOfWindow3Callback    0x08000996   Section        0  stm32g0xx_hal_adc_ex.o(i.HAL_ADCEx_LevelOutOfWindow3Callback)
    i.HAL_ADC_ConfigChannel                  0x08000998   Section        0  stm32g0xx_hal_adc.o(i.HAL_ADC_ConfigChannel)
    i.HAL_ADC_ConvCpltCallback               0x08000bbc   Section        0  stm32g0xx_hal_adc.o(i.HAL_ADC_ConvCpltCallback)
    i.HAL_ADC_ConvHalfCpltCallback           0x08000bbe   Section        0  stm32g0xx_hal_adc.o(i.HAL_ADC_ConvHalfCpltCallback)
    i.HAL_ADC_ErrorCallback                  0x08000bc0   Section        0  stm32g0xx_hal_adc.o(i.HAL_ADC_ErrorCallback)
    i.HAL_ADC_IRQHandler                     0x08000bc4   Section        0  stm32g0xx_hal_adc.o(i.HAL_ADC_IRQHandler)
    i.HAL_ADC_Init                           0x08000d14   Section        0  stm32g0xx_hal_adc.o(i.HAL_ADC_Init)
    i.HAL_ADC_LevelOutOfWindowCallback       0x08000f60   Section        0  stm32g0xx_hal_adc.o(i.HAL_ADC_LevelOutOfWindowCallback)
    i.HAL_ADC_MspInit                        0x08000f64   Section        0  adc.o(i.HAL_ADC_MspInit)
    i.HAL_ADC_Start_DMA                      0x08001010   Section        0  stm32g0xx_hal_adc.o(i.HAL_ADC_Start_DMA)
    i.HAL_DMA_IRQHandler                     0x080010c4   Section        0  stm32g0xx_hal_dma.o(i.HAL_DMA_IRQHandler)
    i.HAL_DMA_Init                           0x0800117c   Section        0  stm32g0xx_hal_dma.o(i.HAL_DMA_Init)
    i.HAL_DMA_Start_IT                       0x08001220   Section        0  stm32g0xx_hal_dma.o(i.HAL_DMA_Start_IT)
    i.HAL_Delay                              0x080012ac   Section        0  stm32g0xx_hal.o(i.HAL_Delay)
    i.HAL_GPIO_Init                          0x080012d0   Section        0  stm32g0xx_hal_gpio.o(i.HAL_GPIO_Init)
    i.HAL_GPIO_ReadPin                       0x0800142c   Section        0  stm32g0xx_hal_gpio.o(i.HAL_GPIO_ReadPin)
    i.HAL_GPIO_WritePin                      0x08001436   Section        0  stm32g0xx_hal_gpio.o(i.HAL_GPIO_WritePin)
    i.HAL_GetTick                            0x08001444   Section        0  stm32g0xx_hal.o(i.HAL_GetTick)
    i.HAL_IncTick                            0x08001450   Section        0  stm32g0xx_hal.o(i.HAL_IncTick)
    i.HAL_Init                               0x08001460   Section        0  stm32g0xx_hal.o(i.HAL_Init)
    i.HAL_InitTick                           0x08001488   Section        0  stm32g0xx_hal.o(i.HAL_InitTick)
    i.HAL_MspInit                            0x080014d0   Section        0  stm32g0xx_hal_msp.o(i.HAL_MspInit)
    i.HAL_NVIC_EnableIRQ                     0x08001504   Section        0  stm32g0xx_hal_cortex.o(i.HAL_NVIC_EnableIRQ)
    i.HAL_NVIC_SetPriority                   0x0800151c   Section        0  stm32g0xx_hal_cortex.o(i.HAL_NVIC_SetPriority)
    i.HAL_PWREx_ControlVoltageScaling        0x08001524   Section        0  stm32g0xx_hal_pwr_ex.o(i.HAL_PWREx_ControlVoltageScaling)
    i.HAL_RCCEx_PeriphCLKConfig              0x08001570   Section        0  stm32g0xx_hal_rcc_ex.o(i.HAL_RCCEx_PeriphCLKConfig)
    i.HAL_RCC_ClockConfig                    0x080016d0   Section        0  stm32g0xx_hal_rcc.o(i.HAL_RCC_ClockConfig)
    i.HAL_RCC_GetSysClockFreq                0x08001828   Section        0  stm32g0xx_hal_rcc.o(i.HAL_RCC_GetSysClockFreq)
    i.HAL_RCC_OscConfig                      0x080018b4   Section        0  stm32g0xx_hal_rcc.o(i.HAL_RCC_OscConfig)
    i.HAL_RTC_GetDate                        0x08001c94   Section        0  stm32g0xx_hal_rtc.o(i.HAL_RTC_GetDate)
    i.HAL_RTC_GetTime                        0x08001cd8   Section        0  stm32g0xx_hal_rtc.o(i.HAL_RTC_GetTime)
    i.HAL_RTC_Init                           0x08001d30   Section        0  stm32g0xx_hal_rtc.o(i.HAL_RTC_Init)
    i.HAL_RTC_MspInit                        0x08001dd4   Section        0  rtc.o(i.HAL_RTC_MspInit)
    i.HAL_RTC_SetDate                        0x08001e08   Section        0  stm32g0xx_hal_rtc.o(i.HAL_RTC_SetDate)
    i.HAL_RTC_SetTime                        0x08001ea4   Section        0  stm32g0xx_hal_rtc.o(i.HAL_RTC_SetTime)
    i.HAL_RTC_WaitForSynchro                 0x08001f64   Section        0  stm32g0xx_hal_rtc.o(i.HAL_RTC_WaitForSynchro)
    i.HAL_SYSCFG_StrobeDBattpinsConfig       0x08001f98   Section        0  stm32g0xx_hal.o(i.HAL_SYSCFG_StrobeDBattpinsConfig)
    i.HAL_SYSTICK_Config                     0x08001fac   Section        0  stm32g0xx_hal_cortex.o(i.HAL_SYSTICK_Config)
    i.HardFault_Handler                      0x08001fdc   Section        0  stm32g0xx_it.o(i.HardFault_Handler)
    i.Joystick_GetEvent                      0x08001fe0   Section        0  joystick.o(i.Joystick_GetEvent)
    i.LL_ADC_IsEnabled                       0x0800209c   Section        0  stm32g0xx_hal_adc.o(i.LL_ADC_IsEnabled)
    LL_ADC_IsEnabled                         0x0800209d   Thumb Code     8  stm32g0xx_hal_adc.o(i.LL_ADC_IsEnabled)
    i.LL_ADC_REG_IsConversionOngoing         0x080020a4   Section        0  stm32g0xx_hal_adc.o(i.LL_ADC_REG_IsConversionOngoing)
    LL_ADC_REG_IsConversionOngoing           0x080020a5   Thumb Code     8  stm32g0xx_hal_adc.o(i.LL_ADC_REG_IsConversionOngoing)
    i.LL_ADC_REG_IsTriggerSourceSWStart      0x080020ac   Section        0  stm32g0xx_hal_adc.o(i.LL_ADC_REG_IsTriggerSourceSWStart)
    LL_ADC_REG_IsTriggerSourceSWStart        0x080020ad   Thumb Code    16  stm32g0xx_hal_adc.o(i.LL_ADC_REG_IsTriggerSourceSWStart)
    i.LL_ADC_SetCommonPathInternalCh         0x080020bc   Section        0  stm32g0xx_hal_adc.o(i.LL_ADC_SetCommonPathInternalCh)
    LL_ADC_SetCommonPathInternalCh           0x080020bd   Thumb Code    14  stm32g0xx_hal_adc.o(i.LL_ADC_SetCommonPathInternalCh)
    i.LL_ADC_SetSamplingTimeCommonChannels   0x080020ca   Section        0  stm32g0xx_hal_adc.o(i.LL_ADC_SetSamplingTimeCommonChannels)
    LL_ADC_SetSamplingTimeCommonChannels     0x080020cb   Thumb Code    22  stm32g0xx_hal_adc.o(i.LL_ADC_SetSamplingTimeCommonChannels)
    i.MX_ADC1_Init                           0x080020e0   Section        0  adc.o(i.MX_ADC1_Init)
    i.MX_DMA_Init                            0x08002174   Section        0  dma.o(i.MX_DMA_Init)
    i.MX_GPIO_Init                           0x0800219c   Section        0  gpio.o(i.MX_GPIO_Init)
    i.MX_RTC_Init                            0x08002234   Section        0  rtc.o(i.MX_RTC_Init)
    i.NMI_Handler                            0x080022c4   Section        0  stm32g0xx_it.o(i.NMI_Handler)
    i.OLED_Clear                             0x080022c6   Section        0  oled.o(i.OLED_Clear)
    i.OLED_Init                              0x08002304   Section        0  oled.o(i.OLED_Init)
    i.OLED_Set_Pos                           0x0800244c   Section        0  oled.o(i.OLED_Set_Pos)
    i.OLED_WR_Byte                           0x08002474   Section        0  oled.o(i.OLED_WR_Byte)
    i.PendSV_Handler                         0x080024f0   Section        0  stm32g0xx_it.o(i.PendSV_Handler)
    i.RTC_Bcd2ToByte                         0x080024f2   Section        0  stm32g0xx_hal_rtc.o(i.RTC_Bcd2ToByte)
    i.RTC_ByteToBcd2                         0x08002502   Section        0  stm32g0xx_hal_rtc.o(i.RTC_ByteToBcd2)
    i.RTC_EnterInitMode                      0x0800251a   Section        0  stm32g0xx_hal_rtc.o(i.RTC_EnterInitMode)
    i.RTC_ExitInitMode                       0x08002560   Section        0  stm32g0xx_hal_rtc.o(i.RTC_ExitInitMode)
    i.SVC_Handler                            0x080025b0   Section        0  stm32g0xx_it.o(i.SVC_Handler)
    i.SysTick_Handler                        0x080025b2   Section        0  stm32g0xx_it.o(i.SysTick_Handler)
    i.SystemClock_Config                     0x080025ba   Section        0  main.o(i.SystemClock_Config)
    i.SystemInit                             0x08002648   Section        0  system_stm32g0xx.o(i.SystemInit)
    i.UI_EventCallback                       0x08002658   Section        0  ui.o(i.UI_EventCallback)
    i.UI_Init                                0x08002664   Section        0  ui.o(i.UI_Init)
    i.UI_Main_Destroy                        0x08002684   Section        0  ui_main.o(i.UI_Main_Destroy)
    i.UI_Main_EventCallback                  0x08002688   Section        0  ui_main.o(i.UI_Main_EventCallback)
    i.UI_Main_Init                           0x080026d8   Section        0  ui_main.o(i.UI_Main_Init)
    i.UI_Main_Initial                        0x080026dc   Section        0  ui_main.o(i.UI_Main_Initial)
    i.UI_Main_Update                         0x08002704   Section        0  ui_main.o(i.UI_Main_Update)
    i.UI_Snake_Destroy                       0x080028a8   Section        0  ui_snake.o(i.UI_Snake_Destroy)
    i.UI_Snake_EventCallback                 0x080028ac   Section        0  ui_snake.o(i.UI_Snake_EventCallback)
    i.UI_Snake_Init                          0x0800293c   Section        0  ui_snake.o(i.UI_Snake_Init)
    i.UI_Snake_Initial                       0x0800294c   Section        0  ui_snake.o(i.UI_Snake_Initial)
    i.UI_Snake_Update                        0x08002974   Section        0  ui_snake.o(i.UI_Snake_Update)
    i.UI_Update                              0x08002a88   Section        0  ui.o(i.UI_Update)
    i.__0sprintf$6                           0x08002aa8   Section        0  printf6.o(i.__0sprintf$6)
    i.__ARM_common_switch8                   0x08002ad0   Section        0  stm32g0xx_hal_dma.o(i.__ARM_common_switch8)
    i.__NVIC_SetPriority                     0x08002aec   Section        0  stm32g0xx_hal_cortex.o(i.__NVIC_SetPriority)
    __NVIC_SetPriority                       0x08002aed   Thumb Code    60  stm32g0xx_hal_cortex.o(i.__NVIC_SetPriority)
    i.__scatterload_copy                     0x08002b30   Section       14  handlers.o(i.__scatterload_copy)
    i.__scatterload_null                     0x08002b3e   Section        2  handlers.o(i.__scatterload_null)
    i.__scatterload_zeroinit                 0x08002b40   Section       14  handlers.o(i.__scatterload_zeroinit)
    i._printf_core                           0x08002b50   Section        0  printf6.o(i._printf_core)
    _printf_core                             0x08002b51   Thumb Code   768  printf6.o(i._printf_core)
    i._printf_post_padding                   0x08002e54   Section        0  printf6.o(i._printf_post_padding)
    _printf_post_padding                     0x08002e55   Thumb Code    32  printf6.o(i._printf_post_padding)
    i._printf_pre_padding                    0x08002e74   Section        0  printf6.o(i._printf_pre_padding)
    _printf_pre_padding                      0x08002e75   Thumb Code    44  printf6.o(i._printf_pre_padding)
    i._sputc                                 0x08002ea0   Section        0  printf6.o(i._sputc)
    _sputc                                   0x08002ea1   Thumb Code    10  printf6.o(i._sputc)
    i.main                                   0x08002eac   Section        0  main.o(i.main)
    i.malloc                                 0x08002f00   Section        0  malloc.o(i.malloc)
    i.u8g2_ClearBuffer                       0x08002f6c   Section        0  u8g2_buffer.o(i.u8g2_ClearBuffer)
    i.u8g2_DrawBox                           0x08002f82   Section        0  u8g2_box.o(i.u8g2_DrawBox)
    i.u8g2_DrawGlyph                         0x08002fc6   Section        0  u8g2_font.o(i.u8g2_DrawGlyph)
    i.u8g2_DrawHVLine                        0x08003034   Section        0  u8g2_hvline.o(i.u8g2_DrawHVLine)
    i.u8g2_DrawHXBMP                         0x080030d0   Section        0  u8g2_bitmap.o(i.u8g2_DrawHXBMP)
    i.u8g2_DrawStr                           0x08003150   Section        0  u8g2_font.o(i.u8g2_DrawStr)
    i.u8g2_DrawXBMP                          0x08003160   Section        0  u8g2_bitmap.o(i.u8g2_DrawXBMP)
    i.u8g2_Init                              0x080031b0   Section        0  u8g2_d_setup.o(i.u8g2_Init)
    i.u8g2_IsIntersection                    0x080031fc   Section        0  u8g2_intersection.o(i.u8g2_IsIntersection)
    i.u8g2_SendBuffer                        0x08003222   Section        0  u8g2_buffer.o(i.u8g2_SendBuffer)
    i.u8g2_SetBitmapMode                     0x08003232   Section        0  u8g2_bitmap.o(i.u8g2_SetBitmapMode)
    i.u8g2_SetFont                           0x08003238   Section        0  u8g2_font.o(i.u8g2_SetFont)
    i.u8g2_SetFontDirection                  0x08003254   Section        0  u8g2_font.o(i.u8g2_SetFontDirection)
    i.u8g2_SetFontMode                       0x0800325a   Section        0  u8g2_font.o(i.u8g2_SetFontMode)
    i.u8g2_SetFontPosBaseline                0x08003260   Section        0  u8g2_font.o(i.u8g2_SetFontPosBaseline)
    i.u8g2_SetMaxClipWindow                  0x0800326c   Section        0  u8g2_setup.o(i.u8g2_SetMaxClipWindow)
    i.u8g2_SetupBuffer                       0x08003288   Section        0  u8g2_setup.o(i.u8g2_SetupBuffer)
    i.u8g2_Setup_ssd1306_128x64_noname_f     0x080032c8   Section        0  u8g2_d_setup.o(i.u8g2_Setup_ssd1306_128x64_noname_f)
    i.u8g2_UpdateRefHeight                   0x08003300   Section        0  u8g2_font.o(i.u8g2_UpdateRefHeight)
    i.u8g2_add_vector_x                      0x0800334a   Section        0  u8g2_font.o(i.u8g2_add_vector_x)
    i.u8g2_add_vector_y                      0x08003368   Section        0  u8g2_font.o(i.u8g2_add_vector_y)
    i.u8g2_apply_clip_window                 0x08003386   Section        0  u8g2_setup.o(i.u8g2_apply_clip_window)
    u8g2_apply_clip_window                   0x08003387   Thumb Code    82  u8g2_setup.o(i.u8g2_apply_clip_window)
    i.u8g2_clip_intersection2                0x080033d8   Section        0  u8g2_hvline.o(i.u8g2_clip_intersection2)
    u8g2_clip_intersection2                  0x080033d9   Thumb Code    60  u8g2_hvline.o(i.u8g2_clip_intersection2)
    i.u8g2_draw_hv_line_2dir                 0x08003414   Section        0  u8g2_hvline.o(i.u8g2_draw_hv_line_2dir)
    i.u8g2_draw_l90_r0                       0x08003426   Section        0  u8g2_setup.o(i.u8g2_draw_l90_r0)
    i.u8g2_draw_string                       0x08003434   Section        0  u8g2_font.o(i.u8g2_draw_string)
    u8g2_draw_string                         0x08003435   Thumb Code   114  u8g2_font.o(i.u8g2_draw_string)
    i.u8g2_font_calc_vref_font               0x080034ac   Section        0  u8g2_font.o(i.u8g2_font_calc_vref_font)
    i.u8g2_font_decode_get_signed_bits       0x080034b0   Section        0  u8g2_font.o(i.u8g2_font_decode_get_signed_bits)
    i.u8g2_font_decode_get_unsigned_bits     0x080034c4   Section        0  u8g2_font.o(i.u8g2_font_decode_get_unsigned_bits)
    i.u8g2_font_decode_glyph                 0x080034f8   Section        0  u8g2_font.o(i.u8g2_font_decode_glyph)
    i.u8g2_font_decode_len                   0x0800360c   Section        0  u8g2_font.o(i.u8g2_font_decode_len)
    i.u8g2_font_get_glyph_data               0x0800369a   Section        0  u8g2_font.o(i.u8g2_font_get_glyph_data)
    i.u8g2_font_get_word                     0x08003704   Section        0  u8g2_font.o(i.u8g2_font_get_word)
    u8g2_font_get_word                       0x08003705   Thumb Code    14  u8g2_font.o(i.u8g2_font_get_word)
    i.u8g2_font_setup_decode                 0x08003712   Section        0  u8g2_font.o(i.u8g2_font_setup_decode)
    u8g2_font_setup_decode                   0x08003713   Thumb Code    54  u8g2_font.o(i.u8g2_font_setup_decode)
    i.u8g2_is_intersection_decision_tree     0x08003748   Section        0  u8g2_intersection.o(i.u8g2_is_intersection_decision_tree)
    i.u8g2_ll_hvline_vertical_top_lsb        0x08003760   Section        0  u8g2_ll_hvline.o(i.u8g2_ll_hvline_vertical_top_lsb)
    i.u8g2_m_16_8_f                          0x080037ec   Section        0  u8g2_d_memory.o(i.u8g2_m_16_8_f)
    i.u8g2_read_font_info                    0x080037f8   Section        0  u8g2_font.o(i.u8g2_read_font_info)
    i.u8g2_send_buffer                       0x08003862   Section        0  u8g2_buffer.o(i.u8g2_send_buffer)
    u8g2_send_buffer                         0x08003863   Thumb Code    70  u8g2_buffer.o(i.u8g2_send_buffer)
    i.u8g2_update_dimension_common           0x080038a8   Section        0  u8g2_setup.o(i.u8g2_update_dimension_common)
    u8g2_update_dimension_common             0x080038a9   Thumb Code    60  u8g2_setup.o(i.u8g2_update_dimension_common)
    i.u8g2_update_dimension_r0               0x080038e4   Section        0  u8g2_setup.o(i.u8g2_update_dimension_r0)
    i.u8g2_update_page_win_r0                0x080038ec   Section        0  u8g2_setup.o(i.u8g2_update_page_win_r0)
    i.u8x8_DrawTile                          0x08003908   Section        0  u8x8_display.o(i.u8x8_DrawTile)
    i.u8x8_InitDisplay                       0x08003922   Section        0  u8x8_display.o(i.u8x8_InitDisplay)
    i.u8x8_RefreshDisplay                    0x08003932   Section        0  u8x8_display.o(i.u8x8_RefreshDisplay)
    i.u8x8_SetPowerSave                      0x08003942   Section        0  u8x8_display.o(i.u8x8_SetPowerSave)
    i.u8x8_Setup                             0x08003952   Section        0  u8x8_setup.o(i.u8x8_Setup)
    i.u8x8_SetupDefaults                     0x08003970   Section        0  u8x8_setup.o(i.u8x8_SetupDefaults)
    i.u8x8_SetupMemory                       0x08003994   Section        0  u8x8_display.o(i.u8x8_SetupMemory)
    i.u8x8_ascii_next                        0x080039a4   Section        0  u8x8_8x8.o(i.u8x8_ascii_next)
    i.u8x8_byte_4wire_sw_spi                 0x080039b4   Section        0  u8x8_byte.o(i.u8x8_byte_4wire_sw_spi)
    i.u8x8_byte_SendByte                     0x08003a9c   Section        0  u8x8_byte.o(i.u8x8_byte_SendByte)
    i.u8x8_byte_SetDC                        0x08003aaa   Section        0  u8x8_byte.o(i.u8x8_byte_SetDC)
    i.u8x8_cad_001                           0x08003aba   Section        0  u8x8_cad.o(i.u8x8_cad_001)
    i.u8x8_cad_EndTransfer                   0x08003b06   Section        0  u8x8_cad.o(i.u8x8_cad_EndTransfer)
    i.u8x8_cad_SendArg                       0x08003b16   Section        0  u8x8_cad.o(i.u8x8_cad_SendArg)
    i.u8x8_cad_SendCmd                       0x08003b26   Section        0  u8x8_cad.o(i.u8x8_cad_SendCmd)
    i.u8x8_cad_SendData                      0x08003b36   Section        0  u8x8_cad.o(i.u8x8_cad_SendData)
    i.u8x8_cad_SendSequence                  0x08003b46   Section        0  u8x8_cad.o(i.u8x8_cad_SendSequence)
    i.u8x8_cad_StartTransfer                 0x08003bac   Section        0  u8x8_cad.o(i.u8x8_cad_StartTransfer)
    i.u8x8_d_helper_display_init             0x08003bbc   Section        0  u8x8_display.o(i.u8x8_d_helper_display_init)
    i.u8x8_d_helper_display_setup_memory     0x08003c1a   Section        0  u8x8_display.o(i.u8x8_d_helper_display_setup_memory)
    i.u8x8_d_ssd1306_128x64_noname           0x08003c24   Section        0  u8x8_d_ssd1306_128x64_noname.o(i.u8x8_d_ssd1306_128x64_noname)
    i.u8x8_d_ssd1306_sh1106_generic          0x08003c60   Section        0  u8x8_d_ssd1306_128x64_noname.o(i.u8x8_d_ssd1306_sh1106_generic)
    u8x8_d_ssd1306_sh1106_generic            0x08003c61   Thumb Code   192  u8x8_d_ssd1306_128x64_noname.o(i.u8x8_d_ssd1306_sh1106_generic)
    i.u8x8_dummy_cb                          0x08003d24   Section        0  u8x8_setup.o(i.u8x8_dummy_cb)
    i.u8x8_gpio_and_delay                    0x08003d28   Section        0  u8g2_d_setup.o(i.u8x8_gpio_and_delay)
    i.u8x8_gpio_call                         0x08003dac   Section        0  u8x8_gpio.o(i.u8x8_gpio_call)
    i.u8x8_utf8_init                         0x08003db8   Section        0  u8x8_8x8.o(i.u8x8_utf8_init)
    .constdata                               0x08003dc0   Section       64  system_stm32g0xx.o(.constdata)
    .constdata                               0x08003e00   Section     3700  ui_main.o(.constdata)
    .constdata                               0x08004c74   Section     2393  u8g2_fonts.o(.constdata)
    .constdata                               0x080055cd   Section     1127  u8g2_fonts.o(.constdata)
    .constdata                               0x08005a34   Section       12  u8g2_setup.o(.constdata)
    .constdata                               0x08005a40   Section      344  u8x8_d_ssd1306_128x64_noname.o(.constdata)
    u8x8_d_ssd1306_128x64_noname_powersave0_seq 0x08005a40   Data           5  u8x8_d_ssd1306_128x64_noname.o(.constdata)
    u8x8_d_ssd1306_128x64_noname_powersave1_seq 0x08005a45   Data           5  u8x8_d_ssd1306_128x64_noname.o(.constdata)
    u8x8_d_ssd1306_128x64_noname_flip0_seq   0x08005a4a   Data           7  u8x8_d_ssd1306_128x64_noname.o(.constdata)
    u8x8_d_ssd1306_128x64_noname_flip1_seq   0x08005a51   Data           7  u8x8_d_ssd1306_128x64_noname.o(.constdata)
    u8x8_d_ssd1312_128x64_noname_flip0_seq   0x08005a58   Data           7  u8x8_d_ssd1306_128x64_noname.o(.constdata)
    u8x8_d_ssd1312_128x64_noname_flip1_seq   0x08005a5f   Data           7  u8x8_d_ssd1306_128x64_noname.o(.constdata)
    u8x8_d_ssd1306_128x64_noname_init_seq    0x08005a66   Data          53  u8x8_d_ssd1306_128x64_noname.o(.constdata)
    u8x8_d_ssd1306_128x64_vcomh0_init_seq    0x08005a9b   Data          53  u8x8_d_ssd1306_128x64_noname.o(.constdata)
    u8x8_d_ssd1306_128x64_alt0_init_seq      0x08005ad0   Data          53  u8x8_d_ssd1306_128x64_noname.o(.constdata)
    u8x8_d_sh1106_128x64_winstar_init_seq    0x08005b05   Data          45  u8x8_d_ssd1306_128x64_noname.o(.constdata)
    u8x8_d_ssd1312_128x64_noname_init_seq    0x08005b32   Data          53  u8x8_d_ssd1306_128x64_noname.o(.constdata)
    u8x8_ssd1306_128x64_noname_display_info  0x08005b68   Data          24  u8x8_d_ssd1306_128x64_noname.o(.constdata)
    u8x8_sh1106_128x64_noname_display_info   0x08005b80   Data          24  u8x8_d_ssd1306_128x64_noname.o(.constdata)
    .constdata                               0x08005b98   Section      256  ds18b20.o(.constdata)
    .data                                    0x20000000   Section        4  main.o(.data)
    .data                                    0x20000004   Section        4  joystick.o(.data)
    .data                                    0x20000008   Section       12  stm32g0xx_hal.o(.data)
    .data                                    0x20000014   Section        4  system_stm32g0xx.o(.data)
    .data                                    0x20000018   Section        4  ui.o(.data)
    .data                                    0x2000001c   Section        1  ui_main.o(.data)
    .data                                    0x2000001d   Section        8  game_snake.o(.data)
    .data                                    0x20000025   Section        3  ds18b20.o(.data)
    .data                                    0x20000028   Section        7  dht11.o(.data)
    .data                                    0x20000030   Section        4  rand.o(.data)
    _rand_state                              0x20000030   Data           4  rand.o(.data)
    .data                                    0x20000034   Section        4  mvars.o(.data)
    .data                                    0x20000038   Section        4  mvars.o(.data)
    .bss                                     0x2000003c   Section      100  main.o(.bss)
    .bss                                     0x200000a0   Section      148  main.o(.bss)
    .bss                                     0x20000134   Section       20  main.o(.bss)
    .bss                                     0x20000148   Section      192  adc.o(.bss)
    .bss                                     0x20000208   Section       44  rtc.o(.bss)
    .bss                                     0x20000234   Section       16  ui.o(.bss)
    .bss                                     0x20000244   Section       16  ui.o(.bss)
    .bss                                     0x20000254   Section      116  ui_snake.o(.bss)
    .bss                                     0x200002c8   Section     1024  u8g2_d_memory.o(.bss)
    buf                                      0x200002c8   Data        1024  u8g2_d_memory.o(.bss)
    .bss                                     0x200006c8   Section        9  ds18b20.o(.bss)
    HEAP                                     0x200006d8   Section      512  startup_stm32g070xx.o(HEAP)
    STACK                                    0x200008d8   Section     1024  startup_stm32g070xx.o(STACK)

    Global Symbols

    Symbol Name                              Value     Ov Type        Size  Object(Section)

    BuildAttributes$$THM_ISAv3M$S$PE$A:L22$X:L11$S22$IEEE1$IW$USESV6$~STKCKD$USESV7$~SHL$OSPACE$ROPI$EBA8$MICROLIB$REQ8$PRES8$EABIv2 0x00000000   Number         0  anon$$obj.o ABSOLUTE
    __ARM_use_no_argv                        0x00000000   Number         0  main.o ABSOLUTE
    _printf_a                                0x00000000   Number         0  stubs.o ABSOLUTE
    _printf_c                                0x00000000   Number         0  stubs.o ABSOLUTE
    _printf_charcount                        0x00000000   Number         0  stubs.o ABSOLUTE
    _printf_d                                0x00000000   Number         0  stubs.o ABSOLUTE
    _printf_e                                0x00000000   Number         0  stubs.o ABSOLUTE
    _printf_f                                0x00000000   Number         0  stubs.o ABSOLUTE
    _printf_flags                            0x00000000   Number         0  stubs.o ABSOLUTE
    _printf_fp_dec                           0x00000000   Number         0  stubs.o ABSOLUTE
    _printf_fp_hex                           0x00000000   Number         0  stubs.o ABSOLUTE
    _printf_g                                0x00000000   Number         0  stubs.o ABSOLUTE
    _printf_i                                0x00000000   Number         0  stubs.o ABSOLUTE
    _printf_int_dec                          0x00000000   Number         0  stubs.o ABSOLUTE
    _printf_l                                0x00000000   Number         0  stubs.o ABSOLUTE
    _printf_lc                               0x00000000   Number         0  stubs.o ABSOLUTE
    _printf_ll                               0x00000000   Number         0  stubs.o ABSOLUTE
    _printf_lld                              0x00000000   Number         0  stubs.o ABSOLUTE
    _printf_lli                              0x00000000   Number         0  stubs.o ABSOLUTE
    _printf_llo                              0x00000000   Number         0  stubs.o ABSOLUTE
    _printf_llu                              0x00000000   Number         0  stubs.o ABSOLUTE
    _printf_llx                              0x00000000   Number         0  stubs.o ABSOLUTE
    _printf_longlong_dec                     0x00000000   Number         0  stubs.o ABSOLUTE
    _printf_longlong_hex                     0x00000000   Number         0  stubs.o ABSOLUTE
    _printf_longlong_oct                     0x00000000   Number         0  stubs.o ABSOLUTE
    _printf_ls                               0x00000000   Number         0  stubs.o ABSOLUTE
    _printf_mbtowc                           0x00000000   Number         0  stubs.o ABSOLUTE
    _printf_n                                0x00000000   Number         0  stubs.o ABSOLUTE
    _printf_o                                0x00000000   Number         0  stubs.o ABSOLUTE
    _printf_p                                0x00000000   Number         0  stubs.o ABSOLUTE
    _printf_percent                          0x00000000   Number         0  stubs.o ABSOLUTE
    _printf_pre_padding                      0x00000000   Number         0  stubs.o ABSOLUTE
    _printf_return_value                     0x00000000   Number         0  stubs.o ABSOLUTE
    _printf_s                                0x00000000   Number         0  stubs.o ABSOLUTE
    _printf_sizespec                         0x00000000   Number         0  stubs.o ABSOLUTE
    _printf_str                              0x00000000   Number         0  stubs.o ABSOLUTE
    _printf_truncate_signed                  0x00000000   Number         0  stubs.o ABSOLUTE
    _printf_truncate_unsigned                0x00000000   Number         0  stubs.o ABSOLUTE
    _printf_u                                0x00000000   Number         0  stubs.o ABSOLUTE
    _printf_wc                               0x00000000   Number         0  stubs.o ABSOLUTE
    _printf_wctomb                           0x00000000   Number         0  stubs.o ABSOLUTE
    _printf_widthprec                        0x00000000   Number         0  stubs.o ABSOLUTE
    _printf_x                                0x00000000   Number         0  stubs.o ABSOLUTE
    __cpp_initialize__aeabi_                  - Undefined Weak Reference
    __cxa_finalize                            - Undefined Weak Reference
    __decompress                              - Undefined Weak Reference
    _clock_init                               - Undefined Weak Reference
    _microlib_exit                            - Undefined Weak Reference
    __Vectors_Size                           0x000000b8   Number         0  startup_stm32g070xx.o ABSOLUTE
    __Vectors                                0x08000000   Data           4  startup_stm32g070xx.o(RESET)
    __Vectors_End                            0x080000b8   Data           0  startup_stm32g070xx.o(RESET)
    __main                                   0x080000b9   Thumb Code     0  entry.o(.ARM.Collect$$$$00000000)
    _main_stk                                0x080000b9   Thumb Code     0  entry2.o(.ARM.Collect$$$$00000001)
    _main_scatterload                        0x080000bd   Thumb Code     0  entry5.o(.ARM.Collect$$$$00000004)
    __main_after_scatterload                 0x080000c1   Thumb Code     0  entry5.o(.ARM.Collect$$$$00000004)
    _main_clock                              0x080000c1   Thumb Code     0  entry7b.o(.ARM.Collect$$$$00000008)
    _main_cpp_init                           0x080000c1   Thumb Code     0  entry8b.o(.ARM.Collect$$$$0000000A)
    _main_init                               0x080000c1   Thumb Code     0  entry9a.o(.ARM.Collect$$$$0000000B)
    __rt_final_cpp                           0x080000c9   Thumb Code     0  entry10a.o(.ARM.Collect$$$$0000000D)
    __rt_final_exit                          0x080000c9   Thumb Code     0  entry11a.o(.ARM.Collect$$$$0000000F)
    Reset_Handler                            0x080000cd   Thumb Code     8  startup_stm32g070xx.o(.text)
    DMA1_Ch4_7_DMAMUX1_OVR_IRQHandler        0x080000df   Thumb Code     0  startup_stm32g070xx.o(.text)
    DMA1_Channel2_3_IRQHandler               0x080000df   Thumb Code     0  startup_stm32g070xx.o(.text)
    EXTI0_1_IRQHandler                       0x080000df   Thumb Code     0  startup_stm32g070xx.o(.text)
    EXTI2_3_IRQHandler                       0x080000df   Thumb Code     0  startup_stm32g070xx.o(.text)
    EXTI4_15_IRQHandler                      0x080000df   Thumb Code     0  startup_stm32g070xx.o(.text)
    FLASH_IRQHandler                         0x080000df   Thumb Code     0  startup_stm32g070xx.o(.text)
    I2C1_IRQHandler                          0x080000df   Thumb Code     0  startup_stm32g070xx.o(.text)
    I2C2_IRQHandler                          0x080000df   Thumb Code     0  startup_stm32g070xx.o(.text)
    RCC_IRQHandler                           0x080000df   Thumb Code     0  startup_stm32g070xx.o(.text)
    RTC_TAMP_IRQHandler                      0x080000df   Thumb Code     0  startup_stm32g070xx.o(.text)
    SPI1_IRQHandler                          0x080000df   Thumb Code     0  startup_stm32g070xx.o(.text)
    SPI2_IRQHandler                          0x080000df   Thumb Code     0  startup_stm32g070xx.o(.text)
    TIM14_IRQHandler                         0x080000df   Thumb Code     0  startup_stm32g070xx.o(.text)
    TIM15_IRQHandler                         0x080000df   Thumb Code     0  startup_stm32g070xx.o(.text)
    TIM16_IRQHandler                         0x080000df   Thumb Code     0  startup_stm32g070xx.o(.text)
    TIM17_IRQHandler                         0x080000df   Thumb Code     0  startup_stm32g070xx.o(.text)
    TIM1_BRK_UP_TRG_COM_IRQHandler           0x080000df   Thumb Code     0  startup_stm32g070xx.o(.text)
    TIM1_CC_IRQHandler                       0x080000df   Thumb Code     0  startup_stm32g070xx.o(.text)
    TIM3_IRQHandler                          0x080000df   Thumb Code     0  startup_stm32g070xx.o(.text)
    TIM6_IRQHandler                          0x080000df   Thumb Code     0  startup_stm32g070xx.o(.text)
    TIM7_IRQHandler                          0x080000df   Thumb Code     0  startup_stm32g070xx.o(.text)
    USART1_IRQHandler                        0x080000df   Thumb Code     0  startup_stm32g070xx.o(.text)
    USART2_IRQHandler                        0x080000df   Thumb Code     0  startup_stm32g070xx.o(.text)
    USART3_4_IRQHandler                      0x080000df   Thumb Code     0  startup_stm32g070xx.o(.text)
    WWDG_IRQHandler                          0x080000df   Thumb Code     0  startup_stm32g070xx.o(.text)
    __aeabi_uidiv                            0x080000e9   Thumb Code     0  uidiv.o(.text)
    __aeabi_uidivmod                         0x080000e9   Thumb Code    44  uidiv.o(.text)
    __aeabi_idiv                             0x08000115   Thumb Code     0  idiv.o(.text)
    __aeabi_idivmod                          0x08000115   Thumb Code    40  idiv.o(.text)
    rand                                     0x0800013d   Thumb Code    18  rand.o(.text)
    srand                                    0x0800014f   Thumb Code     6  rand.o(.text)
    __aeabi_memcpy                           0x08000161   Thumb Code    36  memcpya.o(.text)
    __aeabi_memcpy4                          0x08000161   Thumb Code     0  memcpya.o(.text)
    __aeabi_memcpy8                          0x08000161   Thumb Code     0  memcpya.o(.text)
    __aeabi_memset                           0x08000185   Thumb Code    14  memseta.o(.text)
    __aeabi_memset4                          0x08000185   Thumb Code     0  memseta.o(.text)
    __aeabi_memset8                          0x08000185   Thumb Code     0  memseta.o(.text)
    __aeabi_memclr                           0x08000193   Thumb Code     4  memseta.o(.text)
    __aeabi_memclr4                          0x08000193   Thumb Code     0  memseta.o(.text)
    __aeabi_memclr8                          0x08000193   Thumb Code     0  memseta.o(.text)
    _memset$wrapper                          0x08000197   Thumb Code    18  memseta.o(.text)
    strlen                                   0x080001a9   Thumb Code    14  strlen.o(.text)
    __scatterload                            0x080001b9   Thumb Code    28  init.o(.text)
    __scatterload_rt2                        0x080001b9   Thumb Code     0  init.o(.text)
    ADC1_IRQHandler                          0x080001dd   Thumb Code    10  stm32g0xx_it.o(i.ADC1_IRQHandler)
    ADC_Disable                              0x08000291   Thumb Code   102  stm32g0xx_hal_adc.o(i.ADC_Disable)
    ADC_Enable                               0x080002fd   Thumb Code   152  stm32g0xx_hal_adc.o(i.ADC_Enable)
    DHT11_GetHumidity                        0x080003a5   Thumb Code    38  dht11.o(i.DHT11_GetHumidity)
    DHT11_Read                               0x080003d1   Thumb Code    60  dht11.o(i.DHT11_Read)
    DHT11_Start                              0x08000411   Thumb Code    78  dht11.o(i.DHT11_Start)
    DMA1_Channel1_IRQHandler                 0x08000465   Thumb Code    10  stm32g0xx_it.o(i.DMA1_Channel1_IRQHandler)
    Delay_Us                                 0x08000515   Thumb Code    16  main.o(i.Delay_Us)
    Ds18b20_Configure                        0x08000525   Thumb Code    70  ds18b20.o(i.Ds18b20_Configure)
    Ds18b20_Crc                              0x0800056d   Thumb Code    30  ds18b20.o(i.Ds18b20_Crc)
    Ds18b20_GetTemperture                    0x08000595   Thumb Code   110  ds18b20.o(i.Ds18b20_GetTemperture)
    Ds18b20_Init                             0x0800060d   Thumb Code     8  ds18b20.o(i.Ds18b20_Init)
    Ds18b20_ReadByte                         0x08000615   Thumb Code    78  ds18b20.o(i.Ds18b20_ReadByte)
    Ds18b20_ReadBytes                        0x08000665   Thumb Code    26  ds18b20.o(i.Ds18b20_ReadBytes)
    Ds18b20_Rest                             0x08000685   Thumb Code    74  ds18b20.o(i.Ds18b20_Rest)
    Ds18b20_WriteByte                        0x080006d5   Thumb Code    64  ds18b20.o(i.Ds18b20_WriteByte)
    Error_Handler                            0x08000715   Thumb Code     4  main.o(i.Error_Handler)
    Game_Snake_Append                        0x08000719   Thumb Code    32  game_snake.o(i.Game_Snake_Append)
    Game_Snake_Colliding                     0x08000739   Thumb Code    78  game_snake.o(i.Game_Snake_Colliding)
    Game_Snake_Eaten                         0x08000787   Thumb Code    60  game_snake.o(i.Game_Snake_Eaten)
    Game_Snake_Generate                      0x080007c3   Thumb Code    42  game_snake.o(i.Game_Snake_Generate)
    Game_Snake_Init                          0x080007ed   Thumb Code    26  game_snake.o(i.Game_Snake_Init)
    Game_Snake_Update                        0x08000809   Thumb Code   226  game_snake.o(i.Game_Snake_Update)
    HAL_ADCEx_Calibration_Start              0x080008f1   Thumb Code   154  stm32g0xx_hal_adc_ex.o(i.HAL_ADCEx_Calibration_Start)
    HAL_ADCEx_ChannelConfigReadyCallback     0x08000991   Thumb Code     2  stm32g0xx_hal_adc_ex.o(i.HAL_ADCEx_ChannelConfigReadyCallback)
    HAL_ADCEx_EndOfSamplingCallback          0x08000993   Thumb Code     2  stm32g0xx_hal_adc_ex.o(i.HAL_ADCEx_EndOfSamplingCallback)
    HAL_ADCEx_LevelOutOfWindow2Callback      0x08000995   Thumb Code     2  stm32g0xx_hal_adc_ex.o(i.HAL_ADCEx_LevelOutOfWindow2Callback)
    HAL_ADCEx_LevelOutOfWindow3Callback      0x08000997   Thumb Code     2  stm32g0xx_hal_adc_ex.o(i.HAL_ADCEx_LevelOutOfWindow3Callback)
    HAL_ADC_ConfigChannel                    0x08000999   Thumb Code   522  stm32g0xx_hal_adc.o(i.HAL_ADC_ConfigChannel)
    HAL_ADC_ConvCpltCallback                 0x08000bbd   Thumb Code     2  stm32g0xx_hal_adc.o(i.HAL_ADC_ConvCpltCallback)
    HAL_ADC_ConvHalfCpltCallback             0x08000bbf   Thumb Code     2  stm32g0xx_hal_adc.o(i.HAL_ADC_ConvHalfCpltCallback)
    HAL_ADC_ErrorCallback                    0x08000bc1   Thumb Code     2  stm32g0xx_hal_adc.o(i.HAL_ADC_ErrorCallback)
    HAL_ADC_IRQHandler                       0x08000bc5   Thumb Code   330  stm32g0xx_hal_adc.o(i.HAL_ADC_IRQHandler)
    HAL_ADC_Init                             0x08000d15   Thumb Code   552  stm32g0xx_hal_adc.o(i.HAL_ADC_Init)
    HAL_ADC_LevelOutOfWindowCallback         0x08000f61   Thumb Code     2  stm32g0xx_hal_adc.o(i.HAL_ADC_LevelOutOfWindowCallback)
    HAL_ADC_MspInit                          0x08000f65   Thumb Code   154  adc.o(i.HAL_ADC_MspInit)
    HAL_ADC_Start_DMA                        0x08001011   Thumb Code   158  stm32g0xx_hal_adc.o(i.HAL_ADC_Start_DMA)
    HAL_DMA_IRQHandler                       0x080010c5   Thumb Code   180  stm32g0xx_hal_dma.o(i.HAL_DMA_IRQHandler)
    HAL_DMA_Init                             0x0800117d   Thumb Code   156  stm32g0xx_hal_dma.o(i.HAL_DMA_Init)
    HAL_DMA_Start_IT                         0x08001221   Thumb Code   136  stm32g0xx_hal_dma.o(i.HAL_DMA_Start_IT)
    HAL_Delay                                0x080012ad   Thumb Code    32  stm32g0xx_hal.o(i.HAL_Delay)
    HAL_GPIO_Init                            0x080012d1   Thumb Code   330  stm32g0xx_hal_gpio.o(i.HAL_GPIO_Init)
    HAL_GPIO_ReadPin                         0x0800142d   Thumb Code    10  stm32g0xx_hal_gpio.o(i.HAL_GPIO_ReadPin)
    HAL_GPIO_WritePin                        0x08001437   Thumb Code    12  stm32g0xx_hal_gpio.o(i.HAL_GPIO_WritePin)
    HAL_GetTick                              0x08001445   Thumb Code     6  stm32g0xx_hal.o(i.HAL_GetTick)
    HAL_IncTick                              0x08001451   Thumb Code    12  stm32g0xx_hal.o(i.HAL_IncTick)
    HAL_Init                                 0x08001461   Thumb Code    36  stm32g0xx_hal.o(i.HAL_Init)
    HAL_InitTick                             0x08001489   Thumb Code    64  stm32g0xx_hal.o(i.HAL_InitTick)
    HAL_MspInit                              0x080014d1   Thumb Code    46  stm32g0xx_hal_msp.o(i.HAL_MspInit)
    HAL_NVIC_EnableIRQ                       0x08001505   Thumb Code    18  stm32g0xx_hal_cortex.o(i.HAL_NVIC_EnableIRQ)
    HAL_NVIC_SetPriority                     0x0800151d   Thumb Code     8  stm32g0xx_hal_cortex.o(i.HAL_NVIC_SetPriority)
    HAL_PWREx_ControlVoltageScaling          0x08001525   Thumb Code    62  stm32g0xx_hal_pwr_ex.o(i.HAL_PWREx_ControlVoltageScaling)
    HAL_RCCEx_PeriphCLKConfig                0x08001571   Thumb Code   338  stm32g0xx_hal_rcc_ex.o(i.HAL_RCCEx_PeriphCLKConfig)
    HAL_RCC_ClockConfig                      0x080016d1   Thumb Code   318  stm32g0xx_hal_rcc.o(i.HAL_RCC_ClockConfig)
    HAL_RCC_GetSysClockFreq                  0x08001829   Thumb Code   130  stm32g0xx_hal_rcc.o(i.HAL_RCC_GetSysClockFreq)
    HAL_RCC_OscConfig                        0x080018b5   Thumb Code   954  stm32g0xx_hal_rcc.o(i.HAL_RCC_OscConfig)
    HAL_RTC_GetDate                          0x08001c95   Thumb Code    68  stm32g0xx_hal_rtc.o(i.HAL_RTC_GetDate)
    HAL_RTC_GetTime                          0x08001cd9   Thumb Code    82  stm32g0xx_hal_rtc.o(i.HAL_RTC_GetTime)
    HAL_RTC_Init                             0x08001d31   Thumb Code   160  stm32g0xx_hal_rtc.o(i.HAL_RTC_Init)
    HAL_RTC_MspInit                          0x08001dd5   Thumb Code    42  rtc.o(i.HAL_RTC_MspInit)
    HAL_RTC_SetDate                          0x08001e09   Thumb Code   152  stm32g0xx_hal_rtc.o(i.HAL_RTC_SetDate)
    HAL_RTC_SetTime                          0x08001ea5   Thumb Code   188  stm32g0xx_hal_rtc.o(i.HAL_RTC_SetTime)
    HAL_RTC_WaitForSynchro                   0x08001f65   Thumb Code    52  stm32g0xx_hal_rtc.o(i.HAL_RTC_WaitForSynchro)
    HAL_SYSCFG_StrobeDBattpinsConfig         0x08001f99   Thumb Code    16  stm32g0xx_hal.o(i.HAL_SYSCFG_StrobeDBattpinsConfig)
    HAL_SYSTICK_Config                       0x08001fad   Thumb Code    38  stm32g0xx_hal_cortex.o(i.HAL_SYSTICK_Config)
    HardFault_Handler                        0x08001fdd   Thumb Code     2  stm32g0xx_it.o(i.HardFault_Handler)
    Joystick_GetEvent                        0x08001fe1   Thumb Code   184  joystick.o(i.Joystick_GetEvent)
    MX_ADC1_Init                             0x080020e1   Thumb Code   132  adc.o(i.MX_ADC1_Init)
    MX_DMA_Init                              0x08002175   Thumb Code    36  dma.o(i.MX_DMA_Init)
    MX_GPIO_Init                             0x0800219d   Thumb Code   142  gpio.o(i.MX_GPIO_Init)
    MX_RTC_Init                              0x08002235   Thumb Code   134  rtc.o(i.MX_RTC_Init)
    NMI_Handler                              0x080022c5   Thumb Code     2  stm32g0xx_it.o(i.NMI_Handler)
    OLED_Clear                               0x080022c7   Thumb Code    60  oled.o(i.OLED_Clear)
    OLED_Init                                0x08002305   Thumb Code   318  oled.o(i.OLED_Init)
    OLED_Set_Pos                             0x0800244d   Thumb Code    40  oled.o(i.OLED_Set_Pos)
    OLED_WR_Byte                             0x08002475   Thumb Code   118  oled.o(i.OLED_WR_Byte)
    PendSV_Handler                           0x080024f1   Thumb Code     2  stm32g0xx_it.o(i.PendSV_Handler)
    RTC_Bcd2ToByte                           0x080024f3   Thumb Code    16  stm32g0xx_hal_rtc.o(i.RTC_Bcd2ToByte)
    RTC_ByteToBcd2                           0x08002503   Thumb Code    24  stm32g0xx_hal_rtc.o(i.RTC_ByteToBcd2)
    RTC_EnterInitMode                        0x0800251b   Thumb Code    68  stm32g0xx_hal_rtc.o(i.RTC_EnterInitMode)
    RTC_ExitInitMode                         0x08002561   Thumb Code    74  stm32g0xx_hal_rtc.o(i.RTC_ExitInitMode)
    SVC_Handler                              0x080025b1   Thumb Code     2  stm32g0xx_it.o(i.SVC_Handler)
    SysTick_Handler                          0x080025b3   Thumb Code     8  stm32g0xx_it.o(i.SysTick_Handler)
    SystemClock_Config                       0x080025bb   Thumb Code   140  main.o(i.SystemClock_Config)
    SystemInit                               0x08002649   Thumb Code    10  system_stm32g0xx.o(i.SystemInit)
    UI_EventCallback                         0x08002659   Thumb Code     8  ui.o(i.UI_EventCallback)
    UI_Init                                  0x08002665   Thumb Code    22  ui.o(i.UI_Init)
    UI_Main_Destroy                          0x08002685   Thumb Code     2  ui_main.o(i.UI_Main_Destroy)
    UI_Main_EventCallback                    0x08002689   Thumb Code    66  ui_main.o(i.UI_Main_EventCallback)
    UI_Main_Init                             0x080026d9   Thumb Code     2  ui_main.o(i.UI_Main_Init)
    UI_Main_Initial                          0x080026dd   Thumb Code    20  ui_main.o(i.UI_Main_Initial)
    UI_Main_Update                           0x08002705   Thumb Code   290  ui_main.o(i.UI_Main_Update)
    UI_Snake_Destroy                         0x080028a9   Thumb Code     2  ui_snake.o(i.UI_Snake_Destroy)
    UI_Snake_EventCallback                   0x080028ad   Thumb Code   138  ui_snake.o(i.UI_Snake_EventCallback)
    UI_Snake_Init                            0x0800293d   Thumb Code    10  ui_snake.o(i.UI_Snake_Init)
    UI_Snake_Initial                         0x0800294d   Thumb Code    20  ui_snake.o(i.UI_Snake_Initial)
    UI_Snake_Update                          0x08002975   Thumb Code   192  ui_snake.o(i.UI_Snake_Update)
    UI_Update                                0x08002a89   Thumb Code    24  ui.o(i.UI_Update)
    __0sprintf$6                             0x08002aa9   Thumb Code    36  printf6.o(i.__0sprintf$6)
    __1sprintf$6                             0x08002aa9   Thumb Code     0  printf6.o(i.__0sprintf$6)
    __2sprintf                               0x08002aa9   Thumb Code     0  printf6.o(i.__0sprintf$6)
    __ARM_common_switch8                     0x08002ad1   Thumb Code    26  stm32g0xx_hal_dma.o(i.__ARM_common_switch8)
    __scatterload_copy                       0x08002b31   Thumb Code    14  handlers.o(i.__scatterload_copy)
    __scatterload_null                       0x08002b3f   Thumb Code     2  handlers.o(i.__scatterload_null)
    __scatterload_zeroinit                   0x08002b41   Thumb Code    14  handlers.o(i.__scatterload_zeroinit)
    main                                     0x08002ead   Thumb Code    72  main.o(i.main)
    malloc                                   0x08002f01   Thumb Code    92  malloc.o(i.malloc)
    u8g2_ClearBuffer                         0x08002f6d   Thumb Code    22  u8g2_buffer.o(i.u8g2_ClearBuffer)
    u8g2_DrawBox                             0x08002f83   Thumb Code    68  u8g2_box.o(i.u8g2_DrawBox)
    u8g2_DrawGlyph                           0x08002fc7   Thumb Code   110  u8g2_font.o(i.u8g2_DrawGlyph)
    u8g2_DrawHVLine                          0x08003035   Thumb Code   156  u8g2_hvline.o(i.u8g2_DrawHVLine)
    u8g2_DrawHXBMP                           0x080030d1   Thumb Code   128  u8g2_bitmap.o(i.u8g2_DrawHXBMP)
    u8g2_DrawStr                             0x08003151   Thumb Code    12  u8g2_font.o(i.u8g2_DrawStr)
    u8g2_DrawXBMP                            0x08003161   Thumb Code    80  u8g2_bitmap.o(i.u8g2_DrawXBMP)
    u8g2_Init                                0x080031b1   Thumb Code    60  u8g2_d_setup.o(i.u8g2_Init)
    u8g2_IsIntersection                      0x080031fd   Thumb Code    38  u8g2_intersection.o(i.u8g2_IsIntersection)
    u8g2_SendBuffer                          0x08003223   Thumb Code    16  u8g2_buffer.o(i.u8g2_SendBuffer)
    u8g2_SetBitmapMode                       0x08003233   Thumb Code     6  u8g2_bitmap.o(i.u8g2_SetBitmapMode)
    u8g2_SetFont                             0x08003239   Thumb Code    28  u8g2_font.o(i.u8g2_SetFont)
    u8g2_SetFontDirection                    0x08003255   Thumb Code     6  u8g2_font.o(i.u8g2_SetFontDirection)
    u8g2_SetFontMode                         0x0800325b   Thumb Code     6  u8g2_font.o(i.u8g2_SetFontMode)
    u8g2_SetFontPosBaseline                  0x08003261   Thumb Code     6  u8g2_font.o(i.u8g2_SetFontPosBaseline)
    u8g2_SetMaxClipWindow                    0x0800326d   Thumb Code    22  u8g2_setup.o(i.u8g2_SetMaxClipWindow)
    u8g2_SetupBuffer                         0x08003289   Thumb Code    64  u8g2_setup.o(i.u8g2_SetupBuffer)
    u8g2_Setup_ssd1306_128x64_noname_f       0x080032c9   Thumb Code    42  u8g2_d_setup.o(i.u8g2_Setup_ssd1306_128x64_noname_f)
    u8g2_UpdateRefHeight                     0x08003301   Thumb Code    74  u8g2_font.o(i.u8g2_UpdateRefHeight)
    u8g2_add_vector_x                        0x0800334b   Thumb Code    30  u8g2_font.o(i.u8g2_add_vector_x)
    u8g2_add_vector_y                        0x08003369   Thumb Code    30  u8g2_font.o(i.u8g2_add_vector_y)
    u8g2_draw_hv_line_2dir                   0x08003415   Thumb Code    18  u8g2_hvline.o(i.u8g2_draw_hv_line_2dir)
    u8g2_draw_l90_r0                         0x08003427   Thumb Code    12  u8g2_setup.o(i.u8g2_draw_l90_r0)
    u8g2_font_calc_vref_font                 0x080034ad   Thumb Code     4  u8g2_font.o(i.u8g2_font_calc_vref_font)
    u8g2_font_decode_get_signed_bits         0x080034b1   Thumb Code    20  u8g2_font.o(i.u8g2_font_decode_get_signed_bits)
    u8g2_font_decode_get_unsigned_bits       0x080034c5   Thumb Code    52  u8g2_font.o(i.u8g2_font_decode_get_unsigned_bits)
    u8g2_font_decode_glyph                   0x080034f9   Thumb Code   276  u8g2_font.o(i.u8g2_font_decode_glyph)
    u8g2_font_decode_len                     0x0800360d   Thumb Code   142  u8g2_font.o(i.u8g2_font_decode_len)
    u8g2_font_get_glyph_data                 0x0800369b   Thumb Code   106  u8g2_font.o(i.u8g2_font_get_glyph_data)
    u8g2_is_intersection_decision_tree       0x08003749   Thumb Code    24  u8g2_intersection.o(i.u8g2_is_intersection_decision_tree)
    u8g2_ll_hvline_vertical_top_lsb          0x08003761   Thumb Code   138  u8g2_ll_hvline.o(i.u8g2_ll_hvline_vertical_top_lsb)
    u8g2_m_16_8_f                            0x080037ed   Thumb Code     8  u8g2_d_memory.o(i.u8g2_m_16_8_f)
    u8g2_read_font_info                      0x080037f9   Thumb Code   106  u8g2_font.o(i.u8g2_read_font_info)
    u8g2_update_dimension_r0                 0x080038e5   Thumb Code     8  u8g2_setup.o(i.u8g2_update_dimension_r0)
    u8g2_update_page_win_r0                  0x080038ed   Thumb Code    28  u8g2_setup.o(i.u8g2_update_page_win_r0)
    u8x8_DrawTile                            0x08003909   Thumb Code    26  u8x8_display.o(i.u8x8_DrawTile)
    u8x8_InitDisplay                         0x08003923   Thumb Code    16  u8x8_display.o(i.u8x8_InitDisplay)
    u8x8_RefreshDisplay                      0x08003933   Thumb Code    16  u8x8_display.o(i.u8x8_RefreshDisplay)
    u8x8_SetPowerSave                        0x08003943   Thumb Code    16  u8x8_display.o(i.u8x8_SetPowerSave)
    u8x8_Setup                               0x08003953   Thumb Code    30  u8x8_setup.o(i.u8x8_Setup)
    u8x8_SetupDefaults                       0x08003971   Thumb Code    32  u8x8_setup.o(i.u8x8_SetupDefaults)
    u8x8_SetupMemory                         0x08003995   Thumb Code    16  u8x8_display.o(i.u8x8_SetupMemory)
    u8x8_ascii_next                          0x080039a5   Thumb Code    12  u8x8_8x8.o(i.u8x8_ascii_next)
    u8x8_byte_4wire_sw_spi                   0x080039b5   Thumb Code   232  u8x8_byte.o(i.u8x8_byte_4wire_sw_spi)
    u8x8_byte_SendByte                       0x08003a9d   Thumb Code    14  u8x8_byte.o(i.u8x8_byte_SendByte)
    u8x8_byte_SetDC                          0x08003aab   Thumb Code    16  u8x8_byte.o(i.u8x8_byte_SetDC)
    u8x8_cad_001                             0x08003abb   Thumb Code    76  u8x8_cad.o(i.u8x8_cad_001)
    u8x8_cad_EndTransfer                     0x08003b07   Thumb Code    16  u8x8_cad.o(i.u8x8_cad_EndTransfer)
    u8x8_cad_SendArg                         0x08003b17   Thumb Code    16  u8x8_cad.o(i.u8x8_cad_SendArg)
    u8x8_cad_SendCmd                         0x08003b27   Thumb Code    16  u8x8_cad.o(i.u8x8_cad_SendCmd)
    u8x8_cad_SendData                        0x08003b37   Thumb Code    16  u8x8_cad.o(i.u8x8_cad_SendData)
    u8x8_cad_SendSequence                    0x08003b47   Thumb Code   102  u8x8_cad.o(i.u8x8_cad_SendSequence)
    u8x8_cad_StartTransfer                   0x08003bad   Thumb Code    16  u8x8_cad.o(i.u8x8_cad_StartTransfer)
    u8x8_d_helper_display_init               0x08003bbd   Thumb Code    94  u8x8_display.o(i.u8x8_d_helper_display_init)
    u8x8_d_helper_display_setup_memory       0x08003c1b   Thumb Code    10  u8x8_display.o(i.u8x8_d_helper_display_setup_memory)
    u8x8_d_ssd1306_128x64_noname             0x08003c25   Thumb Code    52  u8x8_d_ssd1306_128x64_noname.o(i.u8x8_d_ssd1306_128x64_noname)
    u8x8_dummy_cb                            0x08003d25   Thumb Code     4  u8x8_setup.o(i.u8x8_dummy_cb)
    u8x8_gpio_and_delay                      0x08003d29   Thumb Code   128  u8g2_d_setup.o(i.u8x8_gpio_and_delay)
    u8x8_gpio_call                           0x08003dad   Thumb Code    12  u8x8_gpio.o(i.u8x8_gpio_call)
    u8x8_utf8_init                           0x08003db9   Thumb Code     8  u8x8_8x8.o(i.u8x8_utf8_init)
    AHBPrescTable                            0x08003dc0   Data          64  system_stm32g0xx.o(.constdata)
    bitmap_menu_snake                        0x08003e00   Data        3600  ui_main.o(.constdata)
    menu_list                                0x08004c10   Data         100  ui_main.o(.constdata)
    u8g2_font_6x10_mf                        0x08004c74   Data        2393  u8g2_fonts.o(.constdata)
    u8g2_font_8x13_tr                        0x080055cd   Data        1127  u8g2_fonts.o(.constdata)
    u8g2_cb_r0                               0x08005a34   Data          12  u8g2_setup.o(.constdata)
    CrcTable                                 0x08005b98   Data         256  ds18b20.o(.constdata)
    Region$$Table$$Base                      0x08005c98   Number         0  anon$$obj.o(Region$$Table)
    Region$$Table$$Limit                     0x08005cb8   Number         0  anon$$obj.o(Region$$Table)
    RTC_Date                                 0x20000000   Data           4  main.o(.data)
    ADC_VALUE                                0x20000004   Data           4  joystick.o(.data)
    uwTickFreq                               0x20000008   Data           1  stm32g0xx_hal.o(.data)
    uwTickPrio                               0x2000000c   Data           4  stm32g0xx_hal.o(.data)
    uwTick                                   0x20000010   Data           4  stm32g0xx_hal.o(.data)
    SystemCoreClock                          0x20000014   Data           4  system_stm32g0xx.o(.data)
    UI_Current                               0x20000018   Data           4  ui.o(.data)
    item_current                             0x2000001c   Data           1  ui_main.o(.data)
    direction                                0x2000001d   Data           8  game_snake.o(.data)
    flag                                     0x20000025   Data           1  ds18b20.o(.data)
    Ds18b20_Temp_m                           0x20000026   Data           1  ds18b20.o(.data)
    Ds18b20_Temp_l                           0x20000027   Data           1  ds18b20.o(.data)
    DHT11_Decimal                            0x20000028   Data           1  dht11.o(.data)
    DHT11_Integral                           0x20000029   Data           1  dht11.o(.data)
    dht11_rec_data                           0x2000002a   Data           5  dht11.o(.data)
    __microlib_freelist                      0x20000034   Data           4  mvars.o(.data)
    __microlib_freelist_initialised          0x20000038   Data           4  mvars.o(.data)
    led_str                                  0x2000003c   Data         100  main.o(.bss)
    u8g2                                     0x200000a0   Data         148  main.o(.bss)
    RTC_Time                                 0x20000134   Data          20  main.o(.bss)
    hadc1                                    0x20000148   Data         100  adc.o(.bss)
    hdma_adc1                                0x200001ac   Data          92  adc.o(.bss)
    hrtc                                     0x20000208   Data          44  rtc.o(.bss)
    UI_Main                                  0x20000234   Data          16  ui.o(.bss)
    UI_Snake                                 0x20000244   Data          16  ui.o(.bss)
    game_snake                               0x20000254   Data          16  ui_snake.o(.bss)
    snake_str                                0x20000264   Data         100  ui_snake.o(.bss)
    rec_data                                 0x200006c8   Data           9  ds18b20.o(.bss)
    __heap_base                              0x200006d8   Data           0  startup_stm32g070xx.o(HEAP)
    __heap_limit                             0x200008d8   Data           0  startup_stm32g070xx.o(HEAP)
    __initial_sp                             0x20000cd8   Data           0  startup_stm32g070xx.o(STACK)



==============================================================================

Memory Map of the image

  Image Entry point : 0x080000b9

  Load Region LR_IROM1 (Base: 0x08000000, Size: 0x00005cf4, Max: 0x00020000, ABSOLUTE)

    Execution Region ER_IROM1 (Exec base: 0x08000000, Load base: 0x08000000, Size: 0x00005cb8, Max: 0x00020000, ABSOLUTE)

    Exec Addr    Load Addr    Size         Type   Attr      Idx    E Section Name        Object

    0x08000000   0x08000000   0x000000b8   Data   RO            3    RESET               startup_stm32g070xx.o
    0x080000b8   0x080000b8   0x00000000   Code   RO         7428  * .ARM.Collect$$$$00000000  mc_p.l(entry.o)
    0x080000b8   0x080000b8   0x00000004   Code   RO         7735    .ARM.Collect$$$$00000001  mc_p.l(entry2.o)
    0x080000bc   0x080000bc   0x00000004   Code   RO         7738    .ARM.Collect$$$$00000004  mc_p.l(entry5.o)
    0x080000c0   0x080000c0   0x00000000   Code   RO         7740    .ARM.Collect$$$$00000008  mc_p.l(entry7b.o)
    0x080000c0   0x080000c0   0x00000000   Code   RO         7742    .ARM.Collect$$$$0000000A  mc_p.l(entry8b.o)
    0x080000c0   0x080000c0   0x00000008   Code   RO         7743    .ARM.Collect$$$$0000000B  mc_p.l(entry9a.o)
    0x080000c8   0x080000c8   0x00000000   Code   RO         7745    .ARM.Collect$$$$0000000D  mc_p.l(entry10a.o)
    0x080000c8   0x080000c8   0x00000000   Code   RO         7747    .ARM.Collect$$$$0000000F  mc_p.l(entry11a.o)
    0x080000c8   0x080000c8   0x00000004   Code   RO         7736    .ARM.Collect$$$$00002712  mc_p.l(entry2.o)
    0x080000cc   0x080000cc   0x0000001c   Code   RO            4    .text               startup_stm32g070xx.o
    0x080000e8   0x080000e8   0x0000002c   Code   RO         7431    .text               mc_p.l(uidiv.o)
    0x08000114   0x08000114   0x00000028   Code   RO         7433    .text               mc_p.l(idiv.o)
    0x0800013c   0x0800013c   0x00000024   Code   RO         7435    .text               mc_p.l(rand.o)
    0x08000160   0x08000160   0x00000024   Code   RO         7438    .text               mc_p.l(memcpya.o)
    0x08000184   0x08000184   0x00000024   Code   RO         7440    .text               mc_p.l(memseta.o)
    0x080001a8   0x080001a8   0x0000000e   Code   RO         7442    .text               mc_p.l(strlen.o)
    0x080001b6   0x080001b6   0x00000002   PAD
    0x080001b8   0x080001b8   0x00000024   Code   RO         7767    .text               mc_p.l(init.o)
    0x080001dc   0x080001dc   0x00000010   Code   RO          298    i.ADC1_IRQHandler   stm32g0xx_it.o
    0x080001ec   0x080001ec   0x00000080   Code   RO          543    i.ADC_DMAConvCplt   stm32g0xx_hal_adc.o
    0x0800026c   0x0800026c   0x0000001a   Code   RO          544    i.ADC_DMAError      stm32g0xx_hal_adc.o
    0x08000286   0x08000286   0x0000000a   Code   RO          545    i.ADC_DMAHalfConvCplt  stm32g0xx_hal_adc.o
    0x08000290   0x08000290   0x0000006c   Code   RO          546    i.ADC_Disable       stm32g0xx_hal_adc.o
    0x080002fc   0x080002fc   0x000000a8   Code   RO          547    i.ADC_Enable        stm32g0xx_hal_adc.o
    0x080003a4   0x080003a4   0x0000002c   Code   RO         7387    i.DHT11_GetHumidity  dht11.o
    0x080003d0   0x080003d0   0x00000040   Code   RO         7388    i.DHT11_Read        dht11.o
    0x08000410   0x08000410   0x00000054   Code   RO         7389    i.DHT11_Start       dht11.o
    0x08000464   0x08000464   0x00000010   Code   RO          299    i.DMA1_Channel1_IRQHandler  stm32g0xx_it.o
    0x08000474   0x08000474   0x00000030   Code   RO         1231    i.DMA_CalcDMAMUXChannelBaseAndMask  stm32g0xx_hal_dma.o
    0x080004a4   0x080004a4   0x00000028   Code   RO         1232    i.DMA_CalcDMAMUXRequestGenBaseAndMask  stm32g0xx_hal_dma.o
    0x080004cc   0x080004cc   0x00000048   Code   RO         1233    i.DMA_SetConfig     stm32g0xx_hal_dma.o
    0x08000514   0x08000514   0x00000010   Code   RO           12    i.Delay_Us          main.o
    0x08000524   0x08000524   0x00000046   Code   RO         7317    i.Ds18b20_Configure  ds18b20.o
    0x0800056a   0x0800056a   0x00000002   PAD
    0x0800056c   0x0800056c   0x00000028   Code   RO         7318    i.Ds18b20_Crc       ds18b20.o
    0x08000594   0x08000594   0x00000078   Code   RO         7319    i.Ds18b20_GetTemperture  ds18b20.o
    0x0800060c   0x0800060c   0x00000008   Code   RO         7320    i.Ds18b20_Init      ds18b20.o
    0x08000614   0x08000614   0x0000004e   Code   RO         7321    i.Ds18b20_ReadByte  ds18b20.o
    0x08000662   0x08000662   0x00000002   PAD
    0x08000664   0x08000664   0x00000020   Code   RO         7322    i.Ds18b20_ReadBytes  ds18b20.o
    0x08000684   0x08000684   0x00000050   Code   RO         7323    i.Ds18b20_Rest      ds18b20.o
    0x080006d4   0x080006d4   0x00000040   Code   RO         7324    i.Ds18b20_WriteByte  ds18b20.o
    0x08000714   0x08000714   0x00000004   Code   RO           13    i.Error_Handler     main.o
    0x08000718   0x08000718   0x00000020   Code   RO         7264    i.Game_Snake_Append  game_snake.o
    0x08000738   0x08000738   0x0000004e   Code   RO         7265    i.Game_Snake_Colliding  game_snake.o
    0x08000786   0x08000786   0x0000003c   Code   RO         7266    i.Game_Snake_Eaten  game_snake.o
    0x080007c2   0x080007c2   0x0000002a   Code   RO         7267    i.Game_Snake_Generate  game_snake.o
    0x080007ec   0x080007ec   0x0000001a   Code   RO         7268    i.Game_Snake_Init   game_snake.o
    0x08000806   0x08000806   0x00000002   PAD
    0x08000808   0x08000808   0x000000e8   Code   RO         7269    i.Game_Snake_Update  game_snake.o
    0x080008f0   0x080008f0   0x000000a0   Code   RO          756    i.HAL_ADCEx_Calibration_Start  stm32g0xx_hal_adc_ex.o
    0x08000990   0x08000990   0x00000002   Code   RO          757    i.HAL_ADCEx_ChannelConfigReadyCallback  stm32g0xx_hal_adc_ex.o
    0x08000992   0x08000992   0x00000002   Code   RO          759    i.HAL_ADCEx_EndOfSamplingCallback  stm32g0xx_hal_adc_ex.o
    0x08000994   0x08000994   0x00000002   Code   RO          760    i.HAL_ADCEx_LevelOutOfWindow2Callback  stm32g0xx_hal_adc_ex.o
    0x08000996   0x08000996   0x00000002   Code   RO          761    i.HAL_ADCEx_LevelOutOfWindow3Callback  stm32g0xx_hal_adc_ex.o
    0x08000998   0x08000998   0x00000224   Code   RO          549    i.HAL_ADC_ConfigChannel  stm32g0xx_hal_adc.o
    0x08000bbc   0x08000bbc   0x00000002   Code   RO          550    i.HAL_ADC_ConvCpltCallback  stm32g0xx_hal_adc.o
    0x08000bbe   0x08000bbe   0x00000002   Code   RO          551    i.HAL_ADC_ConvHalfCpltCallback  stm32g0xx_hal_adc.o
    0x08000bc0   0x08000bc0   0x00000002   Code   RO          553    i.HAL_ADC_ErrorCallback  stm32g0xx_hal_adc.o
    0x08000bc2   0x08000bc2   0x00000002   PAD
    0x08000bc4   0x08000bc4   0x00000150   Code   RO          557    i.HAL_ADC_IRQHandler  stm32g0xx_hal_adc.o
    0x08000d14   0x08000d14   0x0000024c   Code   RO          558    i.HAL_ADC_Init      stm32g0xx_hal_adc.o
    0x08000f60   0x08000f60   0x00000002   Code   RO          559    i.HAL_ADC_LevelOutOfWindowCallback  stm32g0xx_hal_adc.o
    0x08000f62   0x08000f62   0x00000002   PAD
    0x08000f64   0x08000f64   0x000000ac   Code   RO          241    i.HAL_ADC_MspInit   adc.o
    0x08001010   0x08001010   0x000000b4   Code   RO          565    i.HAL_ADC_Start_DMA  stm32g0xx_hal_adc.o
    0x080010c4   0x080010c4   0x000000b8   Code   RO         1239    i.HAL_DMA_IRQHandler  stm32g0xx_hal_dma.o
    0x0800117c   0x0800117c   0x000000a4   Code   RO         1240    i.HAL_DMA_Init      stm32g0xx_hal_dma.o
    0x08001220   0x08001220   0x0000008c   Code   RO         1244    i.HAL_DMA_Start_IT  stm32g0xx_hal_dma.o
    0x080012ac   0x080012ac   0x00000024   Code   RO         1694    i.HAL_Delay         stm32g0xx_hal.o
    0x080012d0   0x080012d0   0x0000015c   Code   RO         1167    i.HAL_GPIO_Init     stm32g0xx_hal_gpio.o
    0x0800142c   0x0800142c   0x0000000a   Code   RO         1169    i.HAL_GPIO_ReadPin  stm32g0xx_hal_gpio.o
    0x08001436   0x08001436   0x0000000c   Code   RO         1171    i.HAL_GPIO_WritePin  stm32g0xx_hal_gpio.o
    0x08001442   0x08001442   0x00000002   PAD
    0x08001444   0x08001444   0x0000000c   Code   RO         1698    i.HAL_GetTick       stm32g0xx_hal.o
    0x08001450   0x08001450   0x00000010   Code   RO         1704    i.HAL_IncTick       stm32g0xx_hal.o
    0x08001460   0x08001460   0x00000028   Code   RO         1705    i.HAL_Init          stm32g0xx_hal.o
    0x08001488   0x08001488   0x00000048   Code   RO         1706    i.HAL_InitTick      stm32g0xx_hal.o
    0x080014d0   0x080014d0   0x00000034   Code   RO          358    i.HAL_MspInit       stm32g0xx_hal_msp.o
    0x08001504   0x08001504   0x00000018   Code   RO         1582    i.HAL_NVIC_EnableIRQ  stm32g0xx_hal_cortex.o
    0x0800151c   0x0800151c   0x00000008   Code   RO         1586    i.HAL_NVIC_SetPriority  stm32g0xx_hal_cortex.o
    0x08001524   0x08001524   0x0000004c   Code   RO         1467    i.HAL_PWREx_ControlVoltageScaling  stm32g0xx_hal_pwr_ex.o
    0x08001570   0x08001570   0x00000160   Code   RO          933    i.HAL_RCCEx_PeriphCLKConfig  stm32g0xx_hal_rcc_ex.o
    0x080016d0   0x080016d0   0x00000158   Code   RO          823    i.HAL_RCC_ClockConfig  stm32g0xx_hal_rcc.o
    0x08001828   0x08001828   0x0000008c   Code   RO          832    i.HAL_RCC_GetSysClockFreq  stm32g0xx_hal_rcc.o
    0x080018b4   0x080018b4   0x000003e0   Code   RO          836    i.HAL_RCC_OscConfig  stm32g0xx_hal_rcc.o
    0x08001c94   0x08001c94   0x00000044   Code   RO         1978    i.HAL_RTC_GetDate   stm32g0xx_hal_rtc.o
    0x08001cd8   0x08001cd8   0x00000058   Code   RO         1980    i.HAL_RTC_GetTime   stm32g0xx_hal_rtc.o
    0x08001d30   0x08001d30   0x000000a4   Code   RO         1981    i.HAL_RTC_Init      stm32g0xx_hal_rtc.o
    0x08001dd4   0x08001dd4   0x00000034   Code   RO          379    i.HAL_RTC_MspInit   rtc.o
    0x08001e08   0x08001e08   0x0000009c   Code   RO         1987    i.HAL_RTC_SetDate   stm32g0xx_hal_rtc.o
    0x08001ea4   0x08001ea4   0x000000c0   Code   RO         1988    i.HAL_RTC_SetTime   stm32g0xx_hal_rtc.o
    0x08001f64   0x08001f64   0x00000034   Code   RO         1989    i.HAL_RTC_WaitForSynchro  stm32g0xx_hal_rtc.o
    0x08001f98   0x08001f98   0x00000014   Code   RO         1714    i.HAL_SYSCFG_StrobeDBattpinsConfig  stm32g0xx_hal.o
    0x08001fac   0x08001fac   0x00000030   Code   RO         1590    i.HAL_SYSTICK_Config  stm32g0xx_hal_cortex.o
    0x08001fdc   0x08001fdc   0x00000002   Code   RO          300    i.HardFault_Handler  stm32g0xx_it.o
    0x08001fde   0x08001fde   0x00000002   PAD
    0x08001fe0   0x08001fe0   0x000000bc   Code   RO          510    i.Joystick_GetEvent  joystick.o
    0x0800209c   0x0800209c   0x00000008   Code   RO          570    i.LL_ADC_IsEnabled  stm32g0xx_hal_adc.o
    0x080020a4   0x080020a4   0x00000008   Code   RO          571    i.LL_ADC_REG_IsConversionOngoing  stm32g0xx_hal_adc.o
    0x080020ac   0x080020ac   0x00000010   Code   RO          572    i.LL_ADC_REG_IsTriggerSourceSWStart  stm32g0xx_hal_adc.o
    0x080020bc   0x080020bc   0x0000000e   Code   RO          574    i.LL_ADC_SetCommonPathInternalCh  stm32g0xx_hal_adc.o
    0x080020ca   0x080020ca   0x00000016   Code   RO          575    i.LL_ADC_SetSamplingTimeCommonChannels  stm32g0xx_hal_adc.o
    0x080020e0   0x080020e0   0x00000094   Code   RO          242    i.MX_ADC1_Init      adc.o
    0x08002174   0x08002174   0x00000028   Code   RO          278    i.MX_DMA_Init       dma.o
    0x0800219c   0x0800219c   0x00000098   Code   RO          216    i.MX_GPIO_Init      gpio.o
    0x08002234   0x08002234   0x00000090   Code   RO          380    i.MX_RTC_Init       rtc.o
    0x080022c4   0x080022c4   0x00000002   Code   RO          301    i.NMI_Handler       stm32g0xx_it.o
    0x080022c6   0x080022c6   0x0000003c   Code   RO          416    i.OLED_Clear        oled.o
    0x08002302   0x08002302   0x00000002   PAD
    0x08002304   0x08002304   0x00000148   Code   RO          420    i.OLED_Init         oled.o
    0x0800244c   0x0800244c   0x00000028   Code   RO          421    i.OLED_Set_Pos      oled.o
    0x08002474   0x08002474   0x0000007c   Code   RO          426    i.OLED_WR_Byte      oled.o
    0x080024f0   0x080024f0   0x00000002   Code   RO          302    i.PendSV_Handler    stm32g0xx_it.o
    0x080024f2   0x080024f2   0x00000010   Code   RO         1990    i.RTC_Bcd2ToByte    stm32g0xx_hal_rtc.o
    0x08002502   0x08002502   0x00000018   Code   RO         1991    i.RTC_ByteToBcd2    stm32g0xx_hal_rtc.o
    0x0800251a   0x0800251a   0x00000044   Code   RO         1992    i.RTC_EnterInitMode  stm32g0xx_hal_rtc.o
    0x0800255e   0x0800255e   0x00000002   PAD
    0x08002560   0x08002560   0x00000050   Code   RO         1993    i.RTC_ExitInitMode  stm32g0xx_hal_rtc.o
    0x080025b0   0x080025b0   0x00000002   Code   RO          303    i.SVC_Handler       stm32g0xx_it.o
    0x080025b2   0x080025b2   0x00000008   Code   RO          304    i.SysTick_Handler   stm32g0xx_it.o
    0x080025ba   0x080025ba   0x0000008c   Code   RO           14    i.SystemClock_Config  main.o
    0x08002646   0x08002646   0x00000002   PAD
    0x08002648   0x08002648   0x00000010   Code   RO         2385    i.SystemInit        system_stm32g0xx.o
    0x08002658   0x08002658   0x0000000c   Code   RO         2418    i.UI_EventCallback  ui.o
    0x08002664   0x08002664   0x00000020   Code   RO         2419    i.UI_Init           ui.o
    0x08002684   0x08002684   0x00000002   Code   RO         2460    i.UI_Main_Destroy   ui_main.o
    0x08002686   0x08002686   0x00000002   PAD
    0x08002688   0x08002688   0x00000050   Code   RO         2461    i.UI_Main_EventCallback  ui_main.o
    0x080026d8   0x080026d8   0x00000002   Code   RO         2462    i.UI_Main_Init      ui_main.o
    0x080026da   0x080026da   0x00000002   PAD
    0x080026dc   0x080026dc   0x00000028   Code   RO         2463    i.UI_Main_Initial   ui_main.o
    0x08002704   0x08002704   0x000001a4   Code   RO         2464    i.UI_Main_Update    ui_main.o
    0x080028a8   0x080028a8   0x00000002   Code   RO         2523    i.UI_Snake_Destroy  ui_snake.o
    0x080028aa   0x080028aa   0x00000002   PAD
    0x080028ac   0x080028ac   0x00000090   Code   RO         2524    i.UI_Snake_EventCallback  ui_snake.o
    0x0800293c   0x0800293c   0x00000010   Code   RO         2525    i.UI_Snake_Init     ui_snake.o
    0x0800294c   0x0800294c   0x00000028   Code   RO         2526    i.UI_Snake_Initial  ui_snake.o
    0x08002974   0x08002974   0x00000114   Code   RO         2527    i.UI_Snake_Update   ui_snake.o
    0x08002a88   0x08002a88   0x00000020   Code   RO         2420    i.UI_Update         ui.o
    0x08002aa8   0x08002aa8   0x00000028   Code   RO         7603    i.__0sprintf$6      mc_p.l(printf6.o)
    0x08002ad0   0x08002ad0   0x0000001a   Code   RO         1327    i.__ARM_common_switch8  stm32g0xx_hal_dma.o
    0x08002aea   0x08002aea   0x00000002   PAD
    0x08002aec   0x08002aec   0x00000044   Code   RO         1592    i.__NVIC_SetPriority  stm32g0xx_hal_cortex.o
    0x08002b30   0x08002b30   0x0000000e   Code   RO         7783    i.__scatterload_copy  mc_p.l(handlers.o)
    0x08002b3e   0x08002b3e   0x00000002   Code   RO         7784    i.__scatterload_null  mc_p.l(handlers.o)
    0x08002b40   0x08002b40   0x0000000e   Code   RO         7785    i.__scatterload_zeroinit  mc_p.l(handlers.o)
    0x08002b4e   0x08002b4e   0x00000002   PAD
    0x08002b50   0x08002b50   0x00000304   Code   RO         7608    i._printf_core      mc_p.l(printf6.o)
    0x08002e54   0x08002e54   0x00000020   Code   RO         7609    i._printf_post_padding  mc_p.l(printf6.o)
    0x08002e74   0x08002e74   0x0000002c   Code   RO         7610    i._printf_pre_padding  mc_p.l(printf6.o)
    0x08002ea0   0x08002ea0   0x0000000a   Code   RO         7612    i._sputc            mc_p.l(printf6.o)
    0x08002eaa   0x08002eaa   0x00000002   PAD
    0x08002eac   0x08002eac   0x00000054   Code   RO           15    i.main              main.o
    0x08002f00   0x08002f00   0x0000006c   Code   RO         7708    i.malloc            mc_p.l(malloc.o)
    0x08002f6c   0x08002f6c   0x00000016   Code   RO         3295    i.u8g2_ClearBuffer  u8g2_buffer.o
    0x08002f82   0x08002f82   0x00000044   Code   RO         3265    i.u8g2_DrawBox      u8g2_box.o
    0x08002fc6   0x08002fc6   0x0000006e   Code   RO         3518    i.u8g2_DrawGlyph    u8g2_font.o
    0x08003034   0x08003034   0x0000009c   Code   RO         5773    i.u8g2_DrawHVLine   u8g2_hvline.o
    0x080030d0   0x080030d0   0x00000080   Code   RO         3219    i.u8g2_DrawHXBMP    u8g2_bitmap.o
    0x08003150   0x08003150   0x00000010   Code   RO         3520    i.u8g2_DrawStr      u8g2_font.o
    0x08003160   0x08003160   0x00000050   Code   RO         3222    i.u8g2_DrawXBMP     u8g2_bitmap.o
    0x080031b0   0x080031b0   0x0000004c   Code   RO         3486    i.u8g2_Init         u8g2_d_setup.o
    0x080031fc   0x080031fc   0x00000026   Code   RO         5834    i.u8g2_IsIntersection  u8g2_intersection.o
    0x08003222   0x08003222   0x00000010   Code   RO         3298    i.u8g2_SendBuffer   u8g2_buffer.o
    0x08003232   0x08003232   0x00000006   Code   RO         3223    i.u8g2_SetBitmapMode  u8g2_bitmap.o
    0x08003238   0x08003238   0x0000001c   Code   RO         3536    i.u8g2_SetFont      u8g2_font.o
    0x08003254   0x08003254   0x00000006   Code   RO         3537    i.u8g2_SetFontDirection  u8g2_font.o
    0x0800325a   0x0800325a   0x00000006   Code   RO         3538    i.u8g2_SetFontMode  u8g2_font.o
    0x08003260   0x08003260   0x0000000c   Code   RO         3539    i.u8g2_SetFontPosBaseline  u8g2_font.o
    0x0800326c   0x0800326c   0x0000001c   Code   RO         6022    i.u8g2_SetMaxClipWindow  u8g2_setup.o
    0x08003288   0x08003288   0x00000040   Code   RO         6023    i.u8g2_SetupBuffer  u8g2_setup.o
    0x080032c8   0x080032c8   0x00000038   Code   RO         3487    i.u8g2_Setup_ssd1306_128x64_noname_f  u8g2_d_setup.o
    0x08003300   0x08003300   0x0000004a   Code   RO         3546    i.u8g2_UpdateRefHeight  u8g2_font.o
    0x0800334a   0x0800334a   0x0000001e   Code   RO         3547    i.u8g2_add_vector_x  u8g2_font.o
    0x08003368   0x08003368   0x0000001e   Code   RO         3548    i.u8g2_add_vector_y  u8g2_font.o
    0x08003386   0x08003386   0x00000052   Code   RO         6025    i.u8g2_apply_clip_window  u8g2_setup.o
    0x080033d8   0x080033d8   0x0000003c   Code   RO         5777    i.u8g2_clip_intersection2  u8g2_hvline.o
    0x08003414   0x08003414   0x00000012   Code   RO         5778    i.u8g2_draw_hv_line_2dir  u8g2_hvline.o
    0x08003426   0x08003426   0x0000000c   Code   RO         6027    i.u8g2_draw_l90_r0  u8g2_setup.o
    0x08003432   0x08003432   0x00000002   PAD
    0x08003434   0x08003434   0x00000078   Code   RO         3549    i.u8g2_draw_string  u8g2_font.o
    0x080034ac   0x080034ac   0x00000004   Code   RO         3555    i.u8g2_font_calc_vref_font  u8g2_font.o
    0x080034b0   0x080034b0   0x00000014   Code   RO         3557    i.u8g2_font_decode_get_signed_bits  u8g2_font.o
    0x080034c4   0x080034c4   0x00000034   Code   RO         3558    i.u8g2_font_decode_get_unsigned_bits  u8g2_font.o
    0x080034f8   0x080034f8   0x00000114   Code   RO         3559    i.u8g2_font_decode_glyph  u8g2_font.o
    0x0800360c   0x0800360c   0x0000008e   Code   RO         3560    i.u8g2_font_decode_len  u8g2_font.o
    0x0800369a   0x0800369a   0x0000006a   Code   RO         3561    i.u8g2_font_get_glyph_data  u8g2_font.o
    0x08003704   0x08003704   0x0000000e   Code   RO         3562    i.u8g2_font_get_word  u8g2_font.o
    0x08003712   0x08003712   0x00000036   Code   RO         3563    i.u8g2_font_setup_decode  u8g2_font.o
    0x08003748   0x08003748   0x00000018   Code   RO         5835    i.u8g2_is_intersection_decision_tree  u8g2_intersection.o
    0x08003760   0x08003760   0x0000008a   Code   RO         5883    i.u8g2_ll_hvline_vertical_top_lsb  u8g2_ll_hvline.o
    0x080037ea   0x080037ea   0x00000002   PAD
    0x080037ec   0x080037ec   0x0000000c   Code   RO         3471    i.u8g2_m_16_8_f     u8g2_d_memory.o
    0x080037f8   0x080037f8   0x0000006a   Code   RO         3564    i.u8g2_read_font_info  u8g2_font.o
    0x08003862   0x08003862   0x00000046   Code   RO         3306    i.u8g2_send_buffer  u8g2_buffer.o
    0x080038a8   0x080038a8   0x0000003c   Code   RO         6032    i.u8g2_update_dimension_common  u8g2_setup.o
    0x080038e4   0x080038e4   0x00000008   Code   RO         6033    i.u8g2_update_dimension_r0  u8g2_setup.o
    0x080038ec   0x080038ec   0x0000001c   Code   RO         6037    i.u8g2_update_page_win_r0  u8g2_setup.o
    0x08003908   0x08003908   0x0000001a   Code   RO         6843    i.u8x8_DrawTile     u8x8_display.o
    0x08003922   0x08003922   0x00000010   Code   RO         6845    i.u8x8_InitDisplay  u8x8_display.o
    0x08003932   0x08003932   0x00000010   Code   RO         6847    i.u8x8_RefreshDisplay  u8x8_display.o
    0x08003942   0x08003942   0x00000010   Code   RO         6850    i.u8x8_SetPowerSave  u8x8_display.o
    0x08003952   0x08003952   0x0000001e   Code   RO         7149    i.u8x8_Setup        u8x8_setup.o
    0x08003970   0x08003970   0x00000024   Code   RO         7150    i.u8x8_SetupDefaults  u8x8_setup.o
    0x08003994   0x08003994   0x00000010   Code   RO         6851    i.u8x8_SetupMemory  u8x8_display.o
    0x080039a4   0x080039a4   0x00000010   Code   RO         6317    i.u8x8_ascii_next   u8x8_8x8.o
    0x080039b4   0x080039b4   0x000000e8   Code   RO         6441    i.u8x8_byte_4wire_sw_spi  u8x8_byte.o
    0x08003a9c   0x08003a9c   0x0000000e   Code   RO         6445    i.u8x8_byte_SendByte  u8x8_byte.o
    0x08003aaa   0x08003aaa   0x00000010   Code   RO         6447    i.u8x8_byte_SetDC   u8x8_byte.o
    0x08003aba   0x08003aba   0x0000004c   Code   RO         6560    i.u8x8_cad_001      u8x8_cad.o
    0x08003b06   0x08003b06   0x00000010   Code   RO         6564    i.u8x8_cad_EndTransfer  u8x8_cad.o
    0x08003b16   0x08003b16   0x00000010   Code   RO         6565    i.u8x8_cad_SendArg  u8x8_cad.o
    0x08003b26   0x08003b26   0x00000010   Code   RO         6566    i.u8x8_cad_SendCmd  u8x8_cad.o
    0x08003b36   0x08003b36   0x00000010   Code   RO         6567    i.u8x8_cad_SendData  u8x8_cad.o
    0x08003b46   0x08003b46   0x00000066   Code   RO         6569    i.u8x8_cad_SendSequence  u8x8_cad.o
    0x08003bac   0x08003bac   0x00000010   Code   RO         6570    i.u8x8_cad_StartTransfer  u8x8_cad.o
    0x08003bbc   0x08003bbc   0x0000005e   Code   RO         6852    i.u8x8_d_helper_display_init  u8x8_display.o
    0x08003c1a   0x08003c1a   0x0000000a   Code   RO         6853    i.u8x8_d_helper_display_setup_memory  u8x8_display.o
    0x08003c24   0x08003c24   0x0000003c   Code   RO         6777    i.u8x8_d_ssd1306_128x64_noname  u8x8_d_ssd1306_128x64_noname.o
    0x08003c60   0x08003c60   0x000000c4   Code   RO         6779    i.u8x8_d_ssd1306_sh1106_generic  u8x8_d_ssd1306_128x64_noname.o
    0x08003d24   0x08003d24   0x00000004   Code   RO         7152    i.u8x8_dummy_cb     u8x8_setup.o
    0x08003d28   0x08003d28   0x00000084   Code   RO         3488    i.u8x8_gpio_and_delay  u8g2_d_setup.o
    0x08003dac   0x08003dac   0x0000000c   Code   RO         7071    i.u8x8_gpio_call    u8x8_gpio.o
    0x08003db8   0x08003db8   0x00000008   Code   RO         6325    i.u8x8_utf8_init    u8x8_8x8.o
    0x08003dc0   0x08003dc0   0x00000040   Data   RO         2386    .constdata          system_stm32g0xx.o
    0x08003e00   0x08003e00   0x00000e74   Data   RO         2465    .constdata          ui_main.o
    0x08004c74   0x08004c74   0x00000959   Data   RO         3879    .constdata          u8g2_fonts.o
    0x080055cd   0x080055cd   0x00000467   Data   RO         3953    .constdata          u8g2_fonts.o
    0x08005a34   0x08005a34   0x0000000c   Data   RO         6041    .constdata          u8g2_setup.o
    0x08005a40   0x08005a40   0x00000158   Data   RO         6781    .constdata          u8x8_d_ssd1306_128x64_noname.o
    0x08005b98   0x08005b98   0x00000100   Data   RO         7326    .constdata          ds18b20.o
    0x08005c98   0x08005c98   0x00000020   Data   RO         7781    Region$$Table       anon$$obj.o


    Execution Region RW_IRAM1 (Exec base: 0x20000000, Load base: 0x08005cb8, Size: 0x00000cd8, Max: 0x00009000, ABSOLUTE)

    Exec Addr    Load Addr    Size         Type   Attr      Idx    E Section Name        Object

    0x20000000   0x08005cb8   0x00000004   Data   RW           21    .data               main.o
    0x20000004   0x08005cbc   0x00000004   Data   RW          512    .data               joystick.o
    0x20000008   0x08005cc0   0x0000000c   Data   RW         1717    .data               stm32g0xx_hal.o
    0x20000014   0x08005ccc   0x00000004   Data   RW         2388    .data               system_stm32g0xx.o
    0x20000018   0x08005cd0   0x00000004   Data   RW         2424    .data               ui.o
    0x2000001c   0x08005cd4   0x00000001   Data   RW         2466    .data               ui_main.o
    0x2000001d   0x08005cd5   0x00000008   Data   RW         7270    .data               game_snake.o
    0x20000025   0x08005cdd   0x00000003   Data   RW         7327    .data               ds18b20.o
    0x20000028   0x08005ce0   0x00000007   Data   RW         7390    .data               dht11.o
    0x2000002f   0x08005ce7   0x00000001   PAD
    0x20000030   0x08005ce8   0x00000004   Data   RW         7436    .data               mc_p.l(rand.o)
    0x20000034   0x08005cec   0x00000004   Data   RW         7754    .data               mc_p.l(mvars.o)
    0x20000038   0x08005cf0   0x00000004   Data   RW         7755    .data               mc_p.l(mvars.o)
    0x2000003c        -       0x00000064   Zero   RW           16    .bss                main.o
    0x200000a0        -       0x00000094   Zero   RW           17    .bss                main.o
    0x20000134        -       0x00000014   Zero   RW           18    .bss                main.o
    0x20000148        -       0x000000c0   Zero   RW          243    .bss                adc.o
    0x20000208        -       0x0000002c   Zero   RW          381    .bss                rtc.o
    0x20000234        -       0x00000010   Zero   RW         2421    .bss                ui.o
    0x20000244        -       0x00000010   Zero   RW         2422    .bss                ui.o
    0x20000254        -       0x00000074   Zero   RW         2528    .bss                ui_snake.o
    0x200002c8        -       0x00000400   Zero   RW         3472    .bss                u8g2_d_memory.o
    0x200006c8        -       0x00000009   Zero   RW         7325    .bss                ds18b20.o
    0x200006d1   0x08005cf4   0x00000007   PAD
    0x200006d8        -       0x00000200   Zero   RW            2    HEAP                startup_stm32g070xx.o
    0x200008d8        -       0x00000400   Zero   RW            1    STACK               startup_stm32g070xx.o


==============================================================================

Image component sizes


      Code (inc. data)   RO Data    RW Data    ZI Data      Debug   Object Name

       320         34          0          0        192       1647   adc.o
       192         16          0          7          0       2145   dht11.o
        40          4          0          0          0        666   dma.o
       492         32        256          3          9       4868   ds18b20.o
       470          6          0          8          0       4342   game_snake.o
       152         10          0          0          0        859   gpio.o
       188          4          0          4          0       2000   joystick.o
       244         12          0          4        268     529129   main.o
       552         16          0          0          0       2686   oled.o
       196         20          0          0         44       1451   rtc.o
        28          8        184          0       1536        596   startup_stm32g070xx.o
       196         30          0         12          0      16556   stm32g0xx_hal.o
      2168        112          0          0          0      45504   stm32g0xx_hal_adc.o
       168          6          0          0          0      35339   stm32g0xx_hal_adc_ex.o
       148         24          0          0          0      11921   stm32g0xx_hal_cortex.o
       674         32          0          0          0       4671   stm32g0xx_hal_dma.o
       370         18          0          0          0       2751   stm32g0xx_hal_gpio.o
        52          6          0          0          0        762   stm32g0xx_hal_msp.o
        76         14          0          0          0        706   stm32g0xx_hal_pwr_ex.o
      1476         74          0          0          0       4254   stm32g0xx_hal_rcc.o
       352         14          0          0          0       1572   stm32g0xx_hal_rcc_ex.o
       908         24          0          0          0       7495   stm32g0xx_hal_rtc.o
        48         12          0          0          0       2812   stm32g0xx_it.o
        16          6         64          4          0       1035   system_stm32g0xx.o
       214          0          0          0          0       2642   u8g2_bitmap.o
        68          0          0          0          0        695   u8g2_box.o
       108          0          0          0          0       2251   u8g2_buffer.o
        12          4          0          0       1024        764   u8g2_d_memory.o
       264         34          0          0          0       2791   u8g2_d_setup.o
      1206         16          0          0          0      14007   u8g2_font.o
         0          0       3520          0          0     145278   u8g2_fonts.o
       234          0          0          0          0       2319   u8g2_hvline.o
        62          0          0          0          0       1719   u8g2_intersection.o
       138          0          0          0          0       1310   u8g2_ll_hvline.o
       282          6         12          0          0     146326   u8g2_setup.o
        24          4          0          0          0       1607   u8x8_8x8.o
       262          0          0          0          0       2792   u8x8_byte.o
       258          8          0          0          0       4589   u8x8_cad.o
       256         12        344          0          0       2939   u8x8_d_ssd1306_128x64_noname.o
       194          0          0          0          0       3930   u8x8_display.o
        12          0          0          0          0        537   u8x8_gpio.o
        70          4          0          0          0       1570   u8x8_setup.o
        76         22          0          4         32       2338   ui.o
       544        164       3700          1          0       3027   ui_main.o
       478        116          0          0        116       3576   ui_snake.o

    ----------------------------------------------------------------------
     14320        924       8112         48       3228    1032774   Object Totals
         0          0         32          0          0          0   (incl. Generated)
        32          0          0          1          7          0   (incl. Padding)

    ----------------------------------------------------------------------

      Code (inc. data)   RO Data    RW Data    ZI Data      Debug   Library Member Name

         0          0          0          0          0          0   entry.o
         0          0          0          0          0          0   entry10a.o
         0          0          0          0          0          0   entry11a.o
         8          4          0          0          0          0   entry2.o
         4          0          0          0          0          0   entry5.o
         0          0          0          0          0          0   entry7b.o
         0          0          0          0          0          0   entry8b.o
         8          4          0          0          0          0   entry9a.o
        30          0          0          0          0          0   handlers.o
        40          0          0          0          0         72   idiv.o
        36          8          0          0          0         68   init.o
       108         16          0          0          0         76   malloc.o
        36          0          0          0          0         60   memcpya.o
        36          0          0          0          0        100   memseta.o
         0          0          0          8          0          0   mvars.o
       898          8          0          0          0        384   printf6.o
        36         12          0          4          0        120   rand.o
        14          0          0          0          0         60   strlen.o
        44          0          0          0          0         72   uidiv.o

    ----------------------------------------------------------------------
      1304         52          0         12          0       1012   Library Totals
         6          0          0          0          0          0   (incl. Padding)

    ----------------------------------------------------------------------

      Code (inc. data)   RO Data    RW Data    ZI Data      Debug   Library Name

      1298         52          0         12          0       1012   mc_p.l

    ----------------------------------------------------------------------
      1304         52          0         12          0       1012   Library Totals

    ----------------------------------------------------------------------

==============================================================================


      Code (inc. data)   RO Data    RW Data    ZI Data      Debug   

     15624        976       8112         60       3228    1025710   Grand Totals
     15624        976       8112         60       3228    1025710   ELF Image Totals
     15624        976       8112         60          0          0   ROM Totals

==============================================================================

    Total RO  Size (Code + RO Data)                23736 (  23.18kB)
    Total RW  Size (RW Data + ZI Data)              3288 (   3.21kB)
    Total ROM Size (Code + RO Data + RW Data)      23796 (  23.24kB)

==============================================================================

