Component: ARM Compiler 5.06 update 6 (build 750) Tool: armlink [4d35ed]

==============================================================================

Section Cross References

    startup_stm32g070xx.o(RESET) refers to startup_stm32g070xx.o(STACK) for __initial_sp
    startup_stm32g070xx.o(RESET) refers to startup_stm32g070xx.o(.text) for Reset_Handler
    startup_stm32g070xx.o(RESET) refers to stm32g0xx_it.o(i.NMI_Handler) for NMI_Handler
    startup_stm32g070xx.o(RESET) refers to stm32g0xx_it.o(i.HardFault_Handler) for HardFault_Handler
    startup_stm32g070xx.o(RESET) refers to port.o(i.vPortSVCHandler) for vPortSVCHandler
    startup_stm32g070xx.o(RESET) refers to port.o(.emb_text) for xPortPendSVHandler
    startup_stm32g070xx.o(RESET) refers to port.o(i.xPortSysTickHandler) for xPortSysTickHandler
    startup_stm32g070xx.o(RESET) refers to stm32g0xx_it.o(i.DMA1_Channel1_IRQHandler) for DMA1_Channel1_IRQHandler
    startup_stm32g070xx.o(RESET) refers to stm32g0xx_it.o(i.ADC1_IRQHandler) for ADC1_IRQHandler
    startup_stm32g070xx.o(.text) refers to system_stm32g0xx.o(i.SystemInit) for SystemInit
    startup_stm32g070xx.o(.text) refers to entry.o(.ARM.Collect$$$$00000000) for __main
    main.o(i.SystemClock_Config) refers to memseta.o(.text) for __aeabi_memclr4
    main.o(i.SystemClock_Config) refers to stm32g0xx_hal_pwr_ex.o(i.HAL_PWREx_ControlVoltageScaling) for HAL_PWREx_ControlVoltageScaling
    main.o(i.SystemClock_Config) refers to stm32g0xx_hal_rcc.o(i.HAL_RCC_OscConfig) for HAL_RCC_OscConfig
    main.o(i.SystemClock_Config) refers to stm32g0xx_hal_rcc.o(i.HAL_RCC_ClockConfig) for HAL_RCC_ClockConfig
    main.o(i.SystemClock_Config) refers to stm32g0xx_hal_rcc_ex.o(i.HAL_RCCEx_PeriphCLKConfig) for HAL_RCCEx_PeriphCLKConfig
    main.o(i.main) refers to stm32g0xx_hal.o(i.HAL_Init) for HAL_Init
    main.o(i.main) refers to main.o(i.SystemClock_Config) for SystemClock_Config
    main.o(i.main) refers to gpio.o(i.MX_GPIO_Init) for MX_GPIO_Init
    main.o(i.main) refers to dma.o(i.MX_DMA_Init) for MX_DMA_Init
    main.o(i.main) refers to adc.o(i.MX_ADC1_Init) for MX_ADC1_Init
    main.o(i.main) refers to rtc.o(i.MX_RTC_Init) for MX_RTC_Init
    main.o(i.main) refers to stm32g0xx_hal_adc_ex.o(i.HAL_ADCEx_Calibration_Start) for HAL_ADCEx_Calibration_Start
    main.o(i.main) refers to stm32g0xx_hal_adc.o(i.HAL_ADC_Start_DMA) for HAL_ADC_Start_DMA
    main.o(i.main) refers to tasks.o(i.xTaskCreate) for xTaskCreate
    main.o(i.main) refers to port.o(i.xPortStartScheduler) for xPortStartScheduler
    main.o(i.main) refers to adc.o(.bss) for hadc1
    main.o(i.main) refers to joystick.o(.data) for ADC_VALUE
    main.o(i.main) refers to main.o(i.vTask_Update) for vTask_Update
    gpio.o(i.MX_GPIO_Init) refers to memseta.o(.text) for __aeabi_memclr4
    gpio.o(i.MX_GPIO_Init) refers to stm32g0xx_hal_gpio.o(i.HAL_GPIO_WritePin) for HAL_GPIO_WritePin
    gpio.o(i.MX_GPIO_Init) refers to stm32g0xx_hal_gpio.o(i.HAL_GPIO_Init) for HAL_GPIO_Init
    adc.o(i.HAL_ADC_MspDeInit) refers to stm32g0xx_hal_gpio.o(i.HAL_GPIO_DeInit) for HAL_GPIO_DeInit
    adc.o(i.HAL_ADC_MspDeInit) refers to stm32g0xx_hal_dma.o(i.HAL_DMA_DeInit) for HAL_DMA_DeInit
    adc.o(i.HAL_ADC_MspDeInit) refers to stm32g0xx_hal_cortex.o(i.HAL_NVIC_DisableIRQ) for HAL_NVIC_DisableIRQ
    adc.o(i.HAL_ADC_MspInit) refers to memseta.o(.text) for __aeabi_memclr4
    adc.o(i.HAL_ADC_MspInit) refers to stm32g0xx_hal_gpio.o(i.HAL_GPIO_Init) for HAL_GPIO_Init
    adc.o(i.HAL_ADC_MspInit) refers to stm32g0xx_hal_dma.o(i.HAL_DMA_Init) for HAL_DMA_Init
    adc.o(i.HAL_ADC_MspInit) refers to main.o(i.Error_Handler) for Error_Handler
    adc.o(i.HAL_ADC_MspInit) refers to stm32g0xx_hal_cortex.o(i.HAL_NVIC_SetPriority) for HAL_NVIC_SetPriority
    adc.o(i.HAL_ADC_MspInit) refers to stm32g0xx_hal_cortex.o(i.HAL_NVIC_EnableIRQ) for HAL_NVIC_EnableIRQ
    adc.o(i.HAL_ADC_MspInit) refers to adc.o(.bss) for .bss
    adc.o(i.MX_ADC1_Init) refers to stm32g0xx_hal_adc.o(i.HAL_ADC_Init) for HAL_ADC_Init
    adc.o(i.MX_ADC1_Init) refers to main.o(i.Error_Handler) for Error_Handler
    adc.o(i.MX_ADC1_Init) refers to stm32g0xx_hal_adc.o(i.HAL_ADC_ConfigChannel) for HAL_ADC_ConfigChannel
    adc.o(i.MX_ADC1_Init) refers to adc.o(.bss) for .bss
    dma.o(i.MX_DMA_Init) refers to stm32g0xx_hal_cortex.o(i.HAL_NVIC_SetPriority) for HAL_NVIC_SetPriority
    dma.o(i.MX_DMA_Init) refers to stm32g0xx_hal_cortex.o(i.HAL_NVIC_EnableIRQ) for HAL_NVIC_EnableIRQ
    rtc.o(i.MX_RTC_Init) refers to memseta.o(.text) for __aeabi_memclr4
    rtc.o(i.MX_RTC_Init) refers to stm32g0xx_hal_rtc.o(i.HAL_RTC_Init) for HAL_RTC_Init
    rtc.o(i.MX_RTC_Init) refers to main.o(i.Error_Handler) for Error_Handler
    rtc.o(i.MX_RTC_Init) refers to stm32g0xx_hal_rtc.o(i.HAL_RTC_SetTime) for HAL_RTC_SetTime
    rtc.o(i.MX_RTC_Init) refers to stm32g0xx_hal_rtc.o(i.HAL_RTC_SetDate) for HAL_RTC_SetDate
    rtc.o(i.MX_RTC_Init) refers to rtc.o(.bss) for .bss
[...]
    Removing u8x8_cad.o(i.u8x8_cad_SendSequence), (102 bytes).
    Removing u8x8_cad.o(i.u8x8_cad_StartTransfer), (16 bytes).
    Removing u8x8_cad.o(i.u8x8_cad_empty), (44 bytes).
    Removing u8x8_cad.o(i.u8x8_cad_ld7032_i2c), (176 bytes).
    Removing u8x8_cad.o(i.u8x8_cad_ssd13xx_fast_i2c), (184 bytes).
    Removing u8x8_cad.o(i.u8x8_cad_ssd13xx_i2c), (118 bytes).
    Removing u8x8_cad.o(i.u8x8_cad_st75256_i2c), (128 bytes).
    Removing u8x8_cad.o(i.u8x8_cad_st7920_spi), (240 bytes).
    Removing u8x8_cad.o(i.u8x8_cad_uc1638_i2c), (272 bytes).
    Removing u8x8_cad.o(i.u8x8_cad_uc16xx_i2c), (228 bytes).
    Removing u8x8_cad.o(i.u8x8_cad_vsendf), (80 bytes).
    Removing u8x8_cad.o(i.u8x8_gu800_cad_110), (114 bytes).
    Removing u8x8_cad.o(i.u8x8_i2c_data_transfer), (40 bytes).
    Removing u8x8_cad.o(.bss), (16 bytes).
    Removing u8x8_cad.o(.data), (6 bytes).
    Removing u8x8_capture.o(i.u8x8_capture_get_pixel_1), (30 bytes).
    Removing u8x8_capture.o(i.u8x8_capture_get_pixel_2), (32 bytes).
    Removing u8x8_capture.o(i.u8x8_capture_write_pbm_buffer), (88 bytes).
    Removing u8x8_capture.o(i.u8x8_capture_write_pbm_pre), (48 bytes).
    Removing u8x8_capture.o(i.u8x8_capture_write_xbm_buffer), (200 bytes).
    Removing u8x8_capture.o(i.u8x8_capture_write_xbm_pre), (132 bytes).
    Removing u8x8_d_ssd1306_128x32.o(i.u8x8_d_sh1106_128x32_visionox), (64 bytes).
    Removing u8x8_d_ssd1306_128x32.o(i.u8x8_d_ssd1306_128x32_generic), (212 bytes).
    Removing u8x8_d_ssd1306_128x32.o(i.u8x8_d_ssd1306_128x32_univision), (28 bytes).
    Removing u8x8_d_ssd1306_128x32.o(i.u8x8_d_ssd1306_128x32_winstar), (28 bytes).
    Removing u8x8_d_ssd1306_128x32.o(.constdata), (204 bytes).
    Removing u8x8_d_ssd1306_128x64_noname.o(i.u8x8_d_sh1106_128x64_noname), (60 bytes).
    Removing u8x8_d_ssd1306_128x64_noname.o(i.u8x8_d_sh1106_128x64_vcomh0), (60 bytes).
    Removing u8x8_d_ssd1306_128x64_noname.o(i.u8x8_d_sh1106_128x64_winstar), (60 bytes).
    Removing u8x8_d_ssd1306_128x64_noname.o(i.u8x8_d_ssd1306_128x64_alt0), (60 bytes).
    Removing u8x8_d_ssd1306_128x64_noname.o(i.u8x8_d_ssd1306_128x64_noname), (60 bytes).
    Removing u8x8_d_ssd1306_128x64_noname.o(i.u8x8_d_ssd1306_128x64_vcomh0), (60 bytes).
    Removing u8x8_d_ssd1306_128x64_noname.o(i.u8x8_d_ssd1306_sh1106_generic), (196 bytes).
    Removing u8x8_d_ssd1306_128x64_noname.o(i.u8x8_d_ssd1312_128x64_noname), (92 bytes).
    Removing u8x8_d_ssd1306_128x64_noname.o(.constdata), (344 bytes).
    Removing u8x8_debounce.o(i.u8x8_GetMenuEvent), (170 bytes).
    Removing u8x8_display.o(i.u8x8_ClearDisplay), (16 bytes).
    Removing u8x8_display.o(i.u8x8_ClearDisplayWithTile), (52 bytes).
    Removing u8x8_display.o(i.u8x8_ClearLine), (44 bytes).
    Removing u8x8_display.o(i.u8x8_DrawTile), (26 bytes).
    Removing u8x8_display.o(i.u8x8_FillDisplay), (28 bytes).
    Removing u8x8_display.o(i.u8x8_InitDisplay), (16 bytes).
    Removing u8x8_display.o(i.u8x8_InitInterface), (28 bytes).
    Removing u8x8_display.o(i.u8x8_RefreshDisplay), (16 bytes).
    Removing u8x8_display.o(i.u8x8_SetContrast), (16 bytes).
    Removing u8x8_display.o(i.u8x8_SetFlipMode), (16 bytes).
    Removing u8x8_display.o(i.u8x8_SetPowerSave), (16 bytes).
    Removing u8x8_display.o(i.u8x8_SetupMemory), (16 bytes).
    Removing u8x8_display.o(i.u8x8_d_helper_display_init), (94 bytes).
    Removing u8x8_display.o(i.u8x8_d_helper_display_setup_memory), (10 bytes).
    Removing u8x8_fonts.o(.constdata), (1796 bytes).
    Removing u8x8_fonts.o(.constdata), (764 bytes).
    Removing u8x8_fonts.o(.constdata), (220 bytes).
    Removing u8x8_fonts.o(.constdata), (517 bytes).
    Removing u8x8_fonts.o(.constdata), (1796 bytes).
    Removing u8x8_fonts.o(.constdata), (764 bytes).
    Removing u8x8_fonts.o(.constdata), (220 bytes).
    Removing u8x8_fonts.o(.constdata), (1796 bytes).
    Removing u8x8_fonts.o(.constdata), (764 bytes).
    Removing u8x8_fonts.o(.constdata), (220 bytes).
    Removing u8x8_fonts.o(.constdata), (3588 bytes).
    Removing u8x8_fonts.o(.constdata), (1524 bytes).
    Removing u8x8_fonts.o(.constdata), (436 bytes).
    Removing u8x8_fonts.o(.constdata), (3588 bytes).
    Removing u8x8_fonts.o(.constdata), (1524 bytes).
    Removing u8x8_fonts.o(.constdata), (436 bytes).
    Removing u8x8_fonts.o(.constdata), (3588 bytes).
    Removing u8x8_fonts.o(.constdata), (1524 bytes).
    Removing u8x8_fonts.o(.constdata), (436 bytes).
    Removing u8x8_fonts.o(.constdata), (3588 bytes).
    Removing u8x8_fonts.o(.constdata), (1524 bytes).
    Removing u8x8_fonts.o(.constdata), (436 bytes).
    Removing u8x8_fonts.o(.constdata), (229 bytes).
    Removing u8x8_fonts.o(.constdata), (45 bytes).
    Removing u8x8_fonts.o(.constdata), (140 bytes).
    Removing u8x8_fonts.o(.constdata), (148 bytes).
    Removing u8x8_fonts.o(.constdata), (156 bytes).
    Removing u8x8_fonts.o(.constdata), (52 bytes).
    Removing u8x8_fonts.o(.constdata), (900 bytes).
    Removing u8x8_fonts.o(.constdata), (164 bytes).
    Removing u8x8_fonts.o(.constdata), (548 bytes).
    Removing u8x8_fonts.o(.constdata), (580 bytes).
    Removing u8x8_fonts.o(.constdata), (612 bytes).
    Removing u8x8_fonts.o(.constdata), (197 bytes).
    Removing u8x8_fonts.o(.constdata), (3588 bytes).
    Removing u8x8_fonts.o(.constdata), (644 bytes).
    Removing u8x8_fonts.o(.constdata), (2180 bytes).
    Removing u8x8_fonts.o(.constdata), (2308 bytes).
    Removing u8x8_fonts.o(.constdata), (2436 bytes).
    Removing u8x8_fonts.o(.constdata), (772 bytes).
    Removing u8x8_fonts.o(.constdata), (14340 bytes).
    Removing u8x8_fonts.o(.constdata), (2564 bytes).
    Removing u8x8_fonts.o(.constdata), (8708 bytes).
    Removing u8x8_fonts.o(.constdata), (9220 bytes).
    Removing u8x8_fonts.o(.constdata), (9732 bytes).
    Removing u8x8_fonts.o(.constdata), (3076 bytes).
    Removing u8x8_fonts.o(.constdata), (10756 bytes).
    Removing u8x8_fonts.o(.constdata), (4612 bytes).
    Removing u8x8_fonts.o(.constdata), (1300 bytes).
    Removing u8x8_fonts.o(.constdata), (772 bytes).
    Removing u8x8_fonts.o(.constdata), (220 bytes).
    Removing u8x8_fonts.o(.constdata), (517 bytes).
    Removing u8x8_fonts.o(.constdata), (764 bytes).
    Removing u8x8_fonts.o(.constdata), (220 bytes).
    Removing u8x8_fonts.o(.constdata), (517 bytes).
    Removing u8x8_fonts.o(.constdata), (772 bytes).
    Removing u8x8_fonts.o(.constdata), (220 bytes).
    Removing u8x8_fonts.o(.constdata), (517 bytes).
    Removing u8x8_fonts.o(.constdata), (220 bytes).
    Removing u8x8_fonts.o(.constdata), (517 bytes).
    Removing u8x8_fonts.o(.constdata), (772 bytes).
    Removing u8x8_fonts.o(.constdata), (220 bytes).
    Removing u8x8_fonts.o(.constdata), (517 bytes).
    Removing u8x8_fonts.o(.constdata), (772 bytes).
    Removing u8x8_fonts.o(.constdata), (220 bytes).
    Removing u8x8_fonts.o(.constdata), (517 bytes).
    Removing u8x8_fonts.o(.constdata), (772 bytes).
    Removing u8x8_fonts.o(.constdata), (220 bytes).
    Removing u8x8_fonts.o(.constdata), (517 bytes).
    Removing u8x8_fonts.o(.constdata), (10756 bytes).
    Removing u8x8_fonts.o(.constdata), (4564 bytes).
    Removing u8x8_fonts.o(.constdata), (1300 bytes).
    Removing u8x8_fonts.o(.constdata), (10756 bytes).
    Removing u8x8_fonts.o(.constdata), (4564 bytes).
    Removing u8x8_fonts.o(.constdata), (1300 bytes).
    Removing u8x8_fonts.o(.constdata), (21508 bytes).
    Removing u8x8_fonts.o(.constdata), (9124 bytes).
    Removing u8x8_fonts.o(.constdata), (2596 bytes).
    Removing u8x8_fonts.o(.constdata), (21508 bytes).
    Removing u8x8_fonts.o(.constdata), (9124 bytes).
    Removing u8x8_fonts.o(.constdata), (2596 bytes).
    Removing u8x8_fonts.o(.constdata), (7076 bytes).
    Removing u8x8_fonts.o(.constdata), (2916 bytes).
    Removing u8x8_fonts.o(.constdata), (868 bytes).
    Removing u8x8_fonts.o(.constdata), (7076 bytes).
    Removing u8x8_fonts.o(.constdata), (2916 bytes).
    Removing u8x8_fonts.o(.constdata), (868 bytes).
    Removing u8x8_fonts.o(.constdata), (14340 bytes).
    Removing u8x8_fonts.o(.constdata), (6084 bytes).
    Removing u8x8_fonts.o(.constdata), (1732 bytes).
    Removing u8x8_fonts.o(.constdata), (32260 bytes).
    Removing u8x8_fonts.o(.constdata), (13684 bytes).
    Removing u8x8_fonts.o(.constdata), (3892 bytes).
    Removing u8x8_fonts.o(.constdata), (24324 bytes).
    Removing u8x8_fonts.o(.constdata), (6916 bytes).
    Removing u8x8_fonts.o(.constdata), (14340 bytes).
    Removing u8x8_fonts.o(.constdata), (6084 bytes).
    Removing u8x8_fonts.o(.constdata), (1732 bytes).
    Removing u8x8_fonts.o(.constdata), (32260 bytes).
    Removing u8x8_fonts.o(.constdata), (13684 bytes).
    Removing u8x8_fonts.o(.constdata), (3892 bytes).
    Removing u8x8_fonts.o(.constdata), (24324 bytes).
    Removing u8x8_fonts.o(.constdata), (6916 bytes).
    Removing u8x8_fonts.o(.constdata), (1796 bytes).
    Removing u8x8_fonts.o(.constdata), (772 bytes).
    Removing u8x8_fonts.o(.constdata), (220 bytes).
    Removing u8x8_fonts.o(.constdata), (516 bytes).
    Removing u8x8_fonts.o(.constdata), (1796 bytes).
    Removing u8x8_fonts.o(.constdata), (772 bytes).
    Removing u8x8_fonts.o(.constdata), (220 bytes).
    Removing u8x8_fonts.o(.constdata), (517 bytes).
    Removing u8x8_fonts.o(.constdata), (1796 bytes).
    Removing u8x8_fonts.o(.constdata), (773 bytes).
    Removing u8x8_fonts.o(.constdata), (220 bytes).
    Removing u8x8_fonts.o(.constdata), (517 bytes).
    Removing u8x8_fonts.o(.constdata), (1796 bytes).
    Removing u8x8_fonts.o(.constdata), (772 bytes).
    Removing u8x8_fonts.o(.constdata), (220 bytes).
    Removing u8x8_fonts.o(.constdata), (517 bytes).
    Removing u8x8_fonts.o(.constdata), (1796 bytes).
    Removing u8x8_fonts.o(.constdata), (772 bytes).
    Removing u8x8_fonts.o(.constdata), (220 bytes).
    Removing u8x8_fonts.o(.constdata), (517 bytes).
    Removing u8x8_fonts.o(.constdata), (7172 bytes).
    Removing u8x8_fonts.o(.constdata), (3077 bytes).
    Removing u8x8_fonts.o(.constdata), (868 bytes).
    Removing u8x8_fonts.o(.constdata), (7172 bytes).
    Removing u8x8_fonts.o(.constdata), (3077 bytes).
    Removing u8x8_fonts.o(.constdata), (868 bytes).
    Removing u8x8_gpio.o(i.u8x8_gpio_call), (12 bytes).
    Removing u8x8_input_value.o(i.u8x8_UserInterfaceInputValue), (256 bytes).
    Removing u8x8_message.o(i.u8x8_UserInterfaceMessage), (238 bytes).
    Removing u8x8_message.o(i.u8x8_draw_button_line), (152 bytes).
    Removing u8x8_selection_list.o(i.u8sl_Next), (42 bytes).
    Removing u8x8_selection_list.o(i.u8sl_Prev), (42 bytes).
    Removing u8x8_selection_list.o(i.u8x8_DrawSelectionList), (42 bytes).
    Removing u8x8_selection_list.o(i.u8x8_UserInterfaceSelectionList), (180 bytes).
    Removing u8x8_selection_list.o(i.u8x8_sl_string_line_cb), (76 bytes).
    Removing u8x8_setup.o(i.u8x8_Setup), (30 bytes).
    Removing u8x8_setup.o(i.u8x8_SetupDefaults), (36 bytes).
    Removing u8x8_setup.o(i.u8x8_d_null_cb), (32 bytes).
    Removing u8x8_setup.o(i.u8x8_dummy_cb), (4 bytes).
    Removing u8x8_setup.o(.constdata), (24 bytes).
    Removing u8x8_string.o(i.u8x8_CopyStringLine), (44 bytes).
    Removing u8x8_string.o(i.u8x8_DrawUTF8Line), (112 bytes).
    Removing u8x8_string.o(i.u8x8_DrawUTF8Lines), (60 bytes).
    Removing u8x8_string.o(i.u8x8_GetStringLineCnt), (28 bytes).
    Removing u8x8_string.o(i.u8x8_GetStringLineStart), (38 bytes).
    Removing u8x8_u8toa.o(i.u8x8_u8toa), (24 bytes).
    Removing u8x8_u8toa.o(i.u8x8_u8toap), (44 bytes).
    Removing u8x8_u8toa.o(.constdata), (3 bytes).
    Removing u8x8_u8toa.o(.data), (4 bytes).
    Removing u8x8_u16toa.o(i.u8x8_u16toa), (24 bytes).
    Removing u8x8_u16toa.o(i.u8x8_u16toap), (56 bytes).
    Removing u8x8_u16toa.o(i.u8x8_utoa), (28 bytes).
    Removing u8x8_u16toa.o(.data), (6 bytes).
    Removing game_snake.o(.rev16_text), (4 bytes).
    Removing game_snake.o(.revsh_text), (4 bytes).
    Removing game_snake.o(i.Game_Snake_Append), (32 bytes).
    Removing game_snake.o(i.Game_Snake_Colliding), (78 bytes).
    Removing game_snake.o(i.Game_Snake_Eaten), (60 bytes).
    Removing game_snake.o(i.Game_Snake_Generate), (42 bytes).
    Removing game_snake.o(i.Game_Snake_Init), (26 bytes).
    Removing game_snake.o(i.Game_Snake_Update), (232 bytes).
    Removing game_snake.o(.data), (8 bytes).
    Removing ds18b20.o(.rev16_text), (4 bytes).
    Removing ds18b20.o(.revsh_text), (4 bytes).
    Removing ds18b20.o(i.Ds18b20_Configure), (70 bytes).
    Removing ds18b20.o(i.Ds18b20_Crc), (40 bytes).
    Removing ds18b20.o(i.Ds18b20_GetTemperture), (120 bytes).
    Removing ds18b20.o(i.Ds18b20_Init), (8 bytes).
    Removing ds18b20.o(i.Ds18b20_ReadByte), (78 bytes).
    Removing ds18b20.o(i.Ds18b20_ReadBytes), (32 bytes).
    Removing ds18b20.o(i.Ds18b20_Rest), (80 bytes).
    Removing ds18b20.o(i.Ds18b20_WriteByte), (64 bytes).
    Removing ds18b20.o(.bss), (9 bytes).
    Removing ds18b20.o(.constdata), (256 bytes).
    Removing ds18b20.o(.data), (3 bytes).
    Removing dht11.o(.rev16_text), (4 bytes).
    Removing dht11.o(.revsh_text), (4 bytes).
    Removing dht11.o(i.DHT11_Crc), (36 bytes).
    Removing dht11.o(i.DHT11_GetHumidity), (44 bytes).
    Removing dht11.o(i.DHT11_Read), (64 bytes).
    Removing dht11.o(i.DHT11_Start), (84 bytes).
    Removing dht11.o(.data), (7 bytes).
    Removing system_stm32g0xx.o(.rev16_text), (4 bytes).
    Removing system_stm32g0xx.o(.revsh_text), (4 bytes).
    Removing system_stm32g0xx.o(i.SystemCoreClockUpdate), (144 bytes).
    Removing system_stm32g0xx.o(.constdata), (32 bytes).
    Removing event_groups.o(i.prvTestWaitCondition), (22 bytes).
    Removing event_groups.o(i.vEventGroupClearBitsCallback), (8 bytes).
    Removing event_groups.o(i.vEventGroupDelete), (42 bytes).
    Removing event_groups.o(i.vEventGroupSetBitsCallback), (8 bytes).
    Removing event_groups.o(i.xEventGroupClearBits), (26 bytes).
    Removing event_groups.o(i.xEventGroupCreate), (26 bytes).
    Removing event_groups.o(i.xEventGroupGetBitsFromISR), (18 bytes).
    Removing event_groups.o(i.xEventGroupSetBits), (102 bytes).
    Removing event_groups.o(i.xEventGroupSync), (130 bytes).
    Removing event_groups.o(i.xEventGroupWaitBits), (160 bytes).
    Removing list.o(i.uxListRemove), (38 bytes).
    Removing list.o(i.vListInsert), (48 bytes).
    Removing list.o(i.vListInsertEnd), (24 bytes).
    Removing queue.o(i.prvCopyDataFromQueue), (38 bytes).
    Removing queue.o(i.prvCopyDataToQueue), (92 bytes).
    Removing queue.o(i.prvIsQueueEmpty), (28 bytes).
    Removing queue.o(i.prvUnlockQueue), (112 bytes).
    Removing queue.o(i.uxQueueMessagesWaiting), (18 bytes).
    Removing queue.o(i.uxQueueMessagesWaitingFromISR), (4 bytes).
    Removing queue.o(i.uxQueueSpacesAvailable), (22 bytes).
    Removing queue.o(i.vQueueDelete), (8 bytes).
    Removing queue.o(i.xQueueGenericCreate), (74 bytes).
    Removing queue.o(i.xQueueGenericReset), (130 bytes).
    Removing queue.o(i.xQueueGenericSend), (224 bytes).
    Removing queue.o(i.xQueueGenericSendFromISR), (110 bytes).
    Removing queue.o(i.xQueueGiveFromISR), (92 bytes).
    Removing queue.o(i.xQueueIsQueueEmptyFromISR), (14 bytes).
    Removing queue.o(i.xQueueIsQueueFullFromISR), (16 bytes).
    Removing queue.o(i.xQueuePeek), (218 bytes).
    Removing queue.o(i.xQueuePeekFromISR), (46 bytes).
    Removing queue.o(i.xQueueReceive), (216 bytes).
    Removing queue.o(i.xQueueReceiveFromISR), (104 bytes).
    Removing queue.o(i.xQueueSemaphoreTake), (208 bytes).
    Removing stream_buffer.o(i.prvBytesInBuffer), (18 bytes).
    Removing stream_buffer.o(i.prvInitialiseNewStreamBuffer), (28 bytes).
    Removing stream_buffer.o(i.prvReadBytesFromBuffer), (62 bytes).
    Removing stream_buffer.o(i.prvReadMessageFromBuffer), (70 bytes).
    Removing stream_buffer.o(i.prvWriteBytesToBuffer), (62 bytes).
    Removing stream_buffer.o(i.prvWriteMessageToBuffer), (72 bytes).
    Removing stream_buffer.o(i.vStreamBufferDelete), (22 bytes).
    Removing stream_buffer.o(i.xStreamBufferBytesAvailable), (8 bytes).
    Removing stream_buffer.o(i.xStreamBufferGenericCreate), (78 bytes).
    Removing stream_buffer.o(i.xStreamBufferIsEmpty), (16 bytes).
    Removing stream_buffer.o(i.xStreamBufferIsFull), (30 bytes).
    Removing stream_buffer.o(i.xStreamBufferNextMessageLengthBytes), (40 bytes).
    Removing stream_buffer.o(i.xStreamBufferReceive), (154 bytes).
    Removing stream_buffer.o(i.xStreamBufferReceiveCompletedFromISR), (54 bytes).
    Removing stream_buffer.o(i.xStreamBufferReceiveFromISR), (94 bytes).
    Removing stream_buffer.o(i.xStreamBufferReset), (56 bytes).
    Removing stream_buffer.o(i.xStreamBufferSend), (198 bytes).
    Removing stream_buffer.o(i.xStreamBufferSendCompletedFromISR), (54 bytes).
    Removing stream_buffer.o(i.xStreamBufferSendFromISR), (102 bytes).
    Removing stream_buffer.o(i.xStreamBufferSetTriggerLevel), (22 bytes).
    Removing stream_buffer.o(i.xStreamBufferSpacesAvailable), (32 bytes).
    Removing tasks.o(i.pcTaskGetName), (16 bytes).
    Removing tasks.o(i.prvAddCurrentTaskToDelayedList), (116 bytes).
    Removing tasks.o(i.prvDeleteTCB), (18 bytes).
    Removing tasks.o(i.prvIdleTask), (72 bytes).
    Removing tasks.o(i.prvTaskIsTaskSuspended), (36 bytes).
    Removing tasks.o(i.ulTaskGenericNotifyTake), (112 bytes).
    Removing tasks.o(i.ulTaskGenericNotifyValueClear), (48 bytes).
    Removing tasks.o(i.uxTaskGetNumberOfTasks), (12 bytes).
    Removing tasks.o(i.uxTaskPriorityGet), (32 bytes).
    Removing tasks.o(i.uxTaskPriorityGetFromISR), (32 bytes).
    Removing tasks.o(i.uxTaskResetEventItemValue), (24 bytes).
    Removing tasks.o(i.vTaskDelay), (32 bytes).
    Removing tasks.o(i.vTaskDelete), (116 bytes).
    Removing tasks.o(i.vTaskEndScheduler), (20 bytes).
    Removing tasks.o(i.vTaskGenericNotifyGiveFromISR), (204 bytes).
    Removing tasks.o(i.vTaskInternalSetTimeOutState), (16 bytes).
    Removing tasks.o(i.vTaskMissedYield), (12 bytes).
    Removing tasks.o(i.vTaskPlaceOnEventList), (28 bytes).
    Removing tasks.o(i.vTaskPlaceOnUnorderedEventList), (68 bytes).
    Removing tasks.o(i.vTaskPrioritySet), (164 bytes).
    Removing tasks.o(i.vTaskRemoveFromUnorderedEventList), (156 bytes).
    Removing tasks.o(i.vTaskResume), (120 bytes).
    Removing tasks.o(i.vTaskSetTimeOutState), (28 bytes).
    Removing tasks.o(i.vTaskStartScheduler), (68 bytes).
    Removing tasks.o(i.vTaskSuspend), (128 bytes).
    Removing tasks.o(i.xTaskCatchUpTicks), (36 bytes).
    Removing tasks.o(i.xTaskCheckForTimeOut), (84 bytes).
    Removing tasks.o(i.xTaskDelayUntil), (76 bytes).
    Removing tasks.o(i.xTaskGenericNotify), (208 bytes).
    Removing tasks.o(i.xTaskGenericNotifyFromISR), (260 bytes).
    Removing tasks.o(i.xTaskGenericNotifyStateClear), (52 bytes).
    Removing tasks.o(i.xTaskGenericNotifyWait), (140 bytes).
    Removing tasks.o(i.xTaskGetCurrentTaskHandle), (12 bytes).
    Removing tasks.o(i.xTaskGetTickCount), (12 bytes).
    Removing tasks.o(i.xTaskGetTickCountFromISR), (12 bytes).
    Removing tasks.o(i.xTaskRemoveFromEventList), (192 bytes).
    Removing tasks.o(i.xTaskResumeFromISR), (136 bytes).
    Removing port.o(i.vPortEndScheduler), (2 bytes).
    Removing heap_2.o(i.pvPortCalloc), (46 bytes).
    Removing heap_2.o(i.vPortInitialiseBlocks), (2 bytes).
    Removing heap_2.o(i.xPortGetFreeHeapSize), (12 bytes).
    Removing dadd.o(.text), (356 bytes).
    Removing dmul.o(.text), (208 bytes).
    Removing ddiv.o(.text), (240 bytes).
    Removing dfixul.o(.text), (64 bytes).
    Removing cdrcmple.o(.text), (40 bytes).
    Removing depilogue.o(.text), (190 bytes).
    Removing stm32g0xx_hal_dma.o(i.__ARM_common_switch8), (26 bytes).
    Removing depilogue.o(i.__ARM_clz), (46 bytes).

2949 unused section(s) (total 11479168 bytes) removed from the image.

==============================================================================

Image Symbol Table

    Local Symbols

    Symbol Name                              Value     Ov Type        Size  Object(Section)

    ../Core/Src/adc.c                        0x00000000   Number         0  adc.o ABSOLUTE
    ../Core/Src/dma.c                        0x00000000   Number         0  dma.o ABSOLUTE
    ../Core/Src/gpio.c                       0x00000000   Number         0  gpio.o ABSOLUTE
    ../Core/Src/main.c                       0x00000000   Number         0  main.o ABSOLUTE
    ../Core/Src/stm32g0xx_hal_msp.c          0x00000000   Number         0  stm32g0xx_hal_msp.o ABSOLUTE
    ../Core/Src/stm32g0xx_it.c               0x00000000   Number         0  stm32g0xx_it.o ABSOLUTE
    ../Core/Src/system_stm32g0xx.c           0x00000000   Number         0  system_stm32g0xx.o ABSOLUTE
    ../Drivers/STM32G0xx_HAL_Driver/Src/stm32g0xx_hal.c 0x00000000   Number         0  stm32g0xx_hal.o ABSOLUTE
    ../Drivers/STM32G0xx_HAL_Driver/Src/stm32g0xx_hal_adc.c 0x00000000   Number         0  stm32g0xx_hal_adc.o ABSOLUTE
    ../Drivers/STM32G0xx_HAL_Driver/Src/stm32g0xx_hal_adc_ex.c 0x00000000   Number         0  stm32g0xx_hal_adc_ex.o ABSOLUTE
    ../Drivers/STM32G0xx_HAL_Driver/Src/stm32g0xx_hal_cortex.c 0x00000000   Number         0  stm32g0xx_hal_cortex.o ABSOLUTE
    ../Drivers/STM32G0xx_HAL_Driver/Src/stm32g0xx_hal_dma.c 0x00000000   Number         0  stm32g0xx_hal_dma.o ABSOLUTE
    ../Drivers/STM32G0xx_HAL_Driver/Src/stm32g0xx_hal_dma_ex.c 0x00000000   Number         0  stm32g0xx_hal_dma_ex.o ABSOLUTE
    ../Drivers/STM32G0xx_HAL_Driver/Src/stm32g0xx_hal_exti.c 0x00000000   Number         0  stm32g0xx_hal_exti.o ABSOLUTE
    ../Drivers/STM32G0xx_HAL_Driver/Src/stm32g0xx_hal_flash.c 0x00000000   Number         0  stm32g0xx_hal_flash.o ABSOLUTE
    ../Drivers/STM32G0xx_HAL_Driver/Src/stm32g0xx_hal_flash_ex.c 0x00000000   Number         0  stm32g0xx_hal_flash_ex.o ABSOLUTE
    ../Drivers/STM32G0xx_HAL_Driver/Src/stm32g0xx_hal_gpio.c 0x00000000   Number         0  stm32g0xx_hal_gpio.o ABSOLUTE
    ../Drivers/STM32G0xx_HAL_Driver/Src/stm32g0xx_hal_pwr.c 0x00000000   Number         0  stm32g0xx_hal_pwr.o ABSOLUTE
    ../Drivers/STM32G0xx_HAL_Driver/Src/stm32g0xx_hal_pwr_ex.c 0x00000000   Number         0  stm32g0xx_hal_pwr_ex.o ABSOLUTE
    ../Drivers/STM32G0xx_HAL_Driver/Src/stm32g0xx_hal_rcc.c 0x00000000   Number         0  stm32g0xx_hal_rcc.o ABSOLUTE
    ../Drivers/STM32G0xx_HAL_Driver/Src/stm32g0xx_hal_rcc_ex.c 0x00000000   Number         0  stm32g0xx_hal_rcc_ex.o ABSOLUTE
    ../Drivers/STM32G0xx_HAL_Driver/Src/stm32g0xx_hal_tim.c 0x00000000   Number         0  stm32g0xx_hal_tim.o ABSOLUTE
    ../Drivers/STM32G0xx_HAL_Driver/Src/stm32g0xx_hal_tim_ex.c 0x00000000   Number         0  stm32g0xx_hal_tim_ex.o ABSOLUTE
    ../Drivers/STM32G0xx_HAL_Driver/Src/stm32g0xx_ll_adc.c 0x00000000   Number         0  stm32g0xx_ll_adc.o ABSOLUTE
    ../Drivers/STM32G0xx_HAL_Driver/Src/stm32g0xx_ll_dma.c 0x00000000   Number         0  stm32g0xx_ll_dma.o ABSOLUTE
    ../Drivers/STM32G0xx_HAL_Driver/Src/stm32g0xx_ll_rcc.c 0x00000000   Number         0  stm32g0xx_ll_rcc.o ABSOLUTE
    ../clib/microlib/division.c              0x00000000   Number         0  uidiv.o ABSOLUTE
    ../clib/microlib/division.c              0x00000000   Number         0  uldiv.o ABSOLUTE
    ../clib/microlib/division.c              0x00000000   Number         0  idiv.o ABSOLUTE
    ../clib/microlib/init/entry.s            0x00000000   Number         0  entry5.o ABSOLUTE
    ../clib/microlib/init/entry.s            0x00000000   Number         0  entry10b.o ABSOLUTE
    ../clib/microlib/init/entry.s            0x00000000   Number         0  entry2.o ABSOLUTE
    ../clib/microlib/init/entry.s            0x00000000   Number         0  entry.o ABSOLUTE
    ../clib/microlib/init/entry.s            0x00000000   Number         0  entry11b.o ABSOLUTE
    ../clib/microlib/init/entry.s            0x00000000   Number         0  entry11a.o ABSOLUTE
    ../clib/microlib/init/entry.s            0x00000000   Number         0  entry10a.o ABSOLUTE
    ../clib/microlib/init/entry.s            0x00000000   Number         0  entry9b.o ABSOLUTE
    ../clib/microlib/init/entry.s            0x00000000   Number         0  entry9a.o ABSOLUTE
    ../clib/microlib/init/entry.s            0x00000000   Number         0  entry8b.o ABSOLUTE
    ../clib/microlib/init/entry.s            0x00000000   Number         0  entry8a.o ABSOLUTE
    ../clib/microlib/init/entry.s            0x00000000   Number         0  entry7b.o ABSOLUTE
    ../clib/microlib/init/entry.s            0x00000000   Number         0  entry7a.o ABSOLUTE
    ../clib/microlib/longlong.c              0x00000000   Number         0  llsshr.o ABSOLUTE
    ../clib/microlib/longlong.c              0x00000000   Number         0  llshl.o ABSOLUTE
    ../clib/microlib/longlong.c              0x00000000   Number         0  llushr.o ABSOLUTE
    ../clib/microlib/malloc/malloc.c         0x00000000   Number         0  malloca.o ABSOLUTE
    ../clib/microlib/malloc/malloc.c         0x00000000   Number         0  mallocr.o ABSOLUTE
    ../clib/microlib/malloc/malloc.c         0x00000000   Number         0  malloc.o ABSOLUTE
    ../clib/microlib/malloc/malloc.c         0x00000000   Number         0  mallocra.o ABSOLUTE
    ../clib/microlib/malloc/mvars.c          0x00000000   Number         0  mvars.o ABSOLUTE
    ../clib/microlib/printf/printf.c         0x00000000   Number         0  printfa.o ABSOLUTE
    ../clib/microlib/printf/printf.c         0x00000000   Number         0  printf1.o ABSOLUTE
    ../clib/microlib/printf/printf.c         0x00000000   Number         0  printf0.o ABSOLUTE
    ../clib/microlib/printf/printf.c         0x00000000   Number         0  printfb.o ABSOLUTE
    ../clib/microlib/printf/printf.c         0x00000000   Number         0  printf4.o ABSOLUTE
    ../clib/microlib/printf/printf.c         0x00000000   Number         0  printf8.o ABSOLUTE
    ../clib/microlib/printf/printf.c         0x00000000   Number         0  printf7.o ABSOLUTE
    ../clib/microlib/printf/printf.c         0x00000000   Number         0  printf6.o ABSOLUTE
    ../clib/microlib/printf/printf.c         0x00000000   Number         0  printf5.o ABSOLUTE
    ../clib/microlib/printf/printf.c         0x00000000   Number         0  printf3.o ABSOLUTE
    ../clib/microlib/printf/printf.c         0x00000000   Number         0  printf2.o ABSOLUTE
    ../clib/microlib/printf/stubs.s          0x00000000   Number         0  stubs.o ABSOLUTE
    ../clib/microlib/stdio/fputc.c           0x00000000   Number         0  fputc.o ABSOLUTE
    ../clib/microlib/stdio/semi.s            0x00000000   Number         0  semi.o ABSOLUTE
    ../clib/microlib/stdio/streams.c         0x00000000   Number         0  stdout.o ABSOLUTE
    ../clib/microlib/stdlib/rand.c           0x00000000   Number         0  rand.o ABSOLUTE
    ../clib/microlib/string/memcpy.c         0x00000000   Number         0  memcpya.o ABSOLUTE
    ../clib/microlib/string/memcpy.c         0x00000000   Number         0  memcpyb.o ABSOLUTE
    ../clib/microlib/string/memset.c         0x00000000   Number         0  memseta.o ABSOLUTE
    ../clib/microlib/string/strlen.c         0x00000000   Number         0  strlen.o ABSOLUTE
    ../clib/microlib/stubs.s                 0x00000000   Number         0  iusesemip.o ABSOLUTE
    ../clib/microlib/stubs.s                 0x00000000   Number         0  iusefp.o ABSOLUTE
    ../fplib/microlib/fpadd.c                0x00000000   Number         0  dadd.o ABSOLUTE
    ../fplib/microlib/fpdiv.c                0x00000000   Number         0  ddiv.o ABSOLUTE
    ../fplib/microlib/fpepilogue.c           0x00000000   Number         0  depilogue.o ABSOLUTE
    ../fplib/microlib/fpfix.c                0x00000000   Number         0  dfixul.o ABSOLUTE
    ../fplib/microlib/fpmul.c                0x00000000   Number         0  dmul.o ABSOLUTE
    ..\Core\Src\adc.c                        0x00000000   Number         0  adc.o ABSOLUTE
    ..\Core\Src\dma.c                        0x00000000   Number         0  dma.o ABSOLUTE
    ..\Core\Src\gpio.c                       0x00000000   Number         0  gpio.o ABSOLUTE
    ..\Core\Src\main.c                       0x00000000   Number         0  main.o ABSOLUTE
    ..\Core\Src\rtc.c                        0x00000000   Number         0  rtc.o ABSOLUTE
    ..\Core\Src\stm32g0xx_hal_msp.c          0x00000000   Number         0  stm32g0xx_hal_msp.o ABSOLUTE
    ..\Core\Src\stm32g0xx_it.c               0x00000000   Number         0  stm32g0xx_it.o ABSOLUTE
    ..\Core\Src\system_stm32g0xx.c           0x00000000   Number         0  system_stm32g0xx.o ABSOLUTE
    ..\Drivers\STM32G0xx_HAL_Driver\Src\stm32g0xx_hal.c 0x00000000   Number         0  stm32g0xx_hal.o ABSOLUTE
    ..\Drivers\STM32G0xx_HAL_Driver\Src\stm32g0xx_hal_adc.c 0x00000000   Number         0  stm32g0xx_hal_adc.o ABSOLUTE
    ..\Drivers\STM32G0xx_HAL_Driver\Src\stm32g0xx_hal_adc_ex.c 0x00000000   Number         0  stm32g0xx_hal_adc_ex.o ABSOLUTE
    ..\Drivers\STM32G0xx_HAL_Driver\Src\stm32g0xx_hal_cortex.c 0x00000000   Number         0  stm32g0xx_hal_cortex.o ABSOLUTE
    ..\Drivers\STM32G0xx_HAL_Driver\Src\stm32g0xx_hal_dma.c 0x00000000   Number         0  stm32g0xx_hal_dma.o ABSOLUTE
    ..\Drivers\STM32G0xx_HAL_Driver\Src\stm32g0xx_hal_dma_ex.c 0x00000000   Number         0  stm32g0xx_hal_dma_ex.o ABSOLUTE
    ..\Drivers\STM32G0xx_HAL_Driver\Src\stm32g0xx_hal_exti.c 0x00000000   Number         0  stm32g0xx_hal_exti.o ABSOLUTE
    ..\Drivers\STM32G0xx_HAL_Driver\Src\stm32g0xx_hal_flash.c 0x00000000   Number         0  stm32g0xx_hal_flash.o ABSOLUTE
    ..\Drivers\STM32G0xx_HAL_Driver\Src\stm32g0xx_hal_flash_ex.c 0x00000000   Number         0  stm32g0xx_hal_flash_ex.o ABSOLUTE
    ..\Drivers\STM32G0xx_HAL_Driver\Src\stm32g0xx_hal_gpio.c 0x00000000   Number         0  stm32g0xx_hal_gpio.o ABSOLUTE
    ..\Drivers\STM32G0xx_HAL_Driver\Src\stm32g0xx_hal_pwr.c 0x00000000   Number         0  stm32g0xx_hal_pwr.o ABSOLUTE
    ..\Drivers\STM32G0xx_HAL_Driver\Src\stm32g0xx_hal_pwr_ex.c 0x00000000   Number         0  stm32g0xx_hal_pwr_ex.o ABSOLUTE
    ..\Drivers\STM32G0xx_HAL_Driver\Src\stm32g0xx_hal_rcc.c 0x00000000   Number         0  stm32g0xx_hal_rcc.o ABSOLUTE
    ..\Drivers\STM32G0xx_HAL_Driver\Src\stm32g0xx_hal_rcc_ex.c 0x00000000   Number         0  stm32g0xx_hal_rcc_ex.o ABSOLUTE
    ..\Drivers\STM32G0xx_HAL_Driver\Src\stm32g0xx_hal_rtc.c 0x00000000   Number         0  stm32g0xx_hal_rtc.o ABSOLUTE
    ..\Drivers\STM32G0xx_HAL_Driver\Src\stm32g0xx_hal_rtc_ex.c 0x00000000   Number         0  stm32g0xx_hal_rtc_ex.o ABSOLUTE
    ..\Drivers\STM32G0xx_HAL_Driver\Src\stm32g0xx_hal_tim.c 0x00000000   Number         0  stm32g0xx_hal_tim.o ABSOLUTE
    ..\Drivers\STM32G0xx_HAL_Driver\Src\stm32g0xx_hal_tim_ex.c 0x00000000   Number         0  stm32g0xx_hal_tim_ex.o ABSOLUTE
    ..\FreeRTOS\croutine.c                   0x00000000   Number         0  croutine.o ABSOLUTE
    ..\FreeRTOS\event_groups.c               0x00000000   Number         0  event_groups.o ABSOLUTE
    ..\FreeRTOS\list.c                       0x00000000   Number         0  list.o ABSOLUTE
    ..\FreeRTOS\portable\MemMang\heap_2.c    0x00000000   Number         0  heap_2.o ABSOLUTE
    ..\FreeRTOS\portable\RVDS\ARM_CM0\port.c 0x00000000   Number         0  port.o ABSOLUTE
    ..\FreeRTOS\queue.c                      0x00000000   Number         0  queue.o ABSOLUTE
    ..\FreeRTOS\stream_buffer.c              0x00000000   Number         0  stream_buffer.o ABSOLUTE
    ..\FreeRTOS\tasks.c                      0x00000000   Number         0  tasks.o ABSOLUTE
    ..\FreeRTOS\timers.c                     0x00000000   Number         0  timers.o ABSOLUTE
    ..\Game\Snake\Src\game_snake.c           0x00000000   Number         0  game_snake.o ABSOLUTE
    ..\Hardware\DHT11\Src\dht11.c            0x00000000   Number         0  dht11.o ABSOLUTE
    ..\Hardware\DS18B20\Src\ds18b20.c        0x00000000   Number         0  ds18b20.o ABSOLUTE
    ..\Hardware\Joystick\Src\joystick.c      0x00000000   Number         0  joystick.o ABSOLUTE
    ..\Hardware\OLED\Src\oled.c              0x00000000   Number         0  oled.o ABSOLUTE
    ..\Hardware\U8G2\mui.c                   0x00000000   Number         0  mui.o ABSOLUTE
    ..\Hardware\U8G2\mui_u8g2.c              0x00000000   Number         0  mui_u8g2.o ABSOLUTE
    ..\Hardware\U8G2\u8g2_arc.c              0x00000000   Number         0  u8g2_arc.o ABSOLUTE
    ..\Hardware\U8G2\u8g2_bitmap.c           0x00000000   Number         0  u8g2_bitmap.o ABSOLUTE
    ..\Hardware\U8G2\u8g2_box.c              0x00000000   Number         0  u8g2_box.o ABSOLUTE
    ..\Hardware\U8G2\u8g2_buffer.c           0x00000000   Number         0  u8g2_buffer.o ABSOLUTE
    ..\Hardware\U8G2\u8g2_button.c           0x00000000   Number         0  u8g2_button.o ABSOLUTE
    ..\Hardware\U8G2\u8g2_circle.c           0x00000000   Number         0  u8g2_circle.o ABSOLUTE
    ..\Hardware\U8G2\u8g2_cleardisplay.c     0x00000000   Number         0  u8g2_cleardisplay.o ABSOLUTE
    ..\Hardware\U8G2\u8g2_d_memory.c         0x00000000   Number         0  u8g2_d_memory.o ABSOLUTE
    ..\Hardware\U8G2\u8g2_d_setup.c          0x00000000   Number         0  u8g2_d_setup.o ABSOLUTE
    ..\Hardware\U8G2\u8g2_font.c             0x00000000   Number         0  u8g2_font.o ABSOLUTE
    ..\Hardware\U8G2\u8g2_fonts.c            0x00000000   Number         0  u8g2_fonts.o ABSOLUTE
    ..\Hardware\U8G2\u8g2_hvline.c           0x00000000   Number         0  u8g2_hvline.o ABSOLUTE
    ..\Hardware\U8G2\u8g2_input_value.c      0x00000000   Number         0  u8g2_input_value.o ABSOLUTE
    ..\Hardware\U8G2\u8g2_intersection.c     0x00000000   Number         0  u8g2_intersection.o ABSOLUTE
    ..\Hardware\U8G2\u8g2_kerning.c          0x00000000   Number         0  u8g2_kerning.o ABSOLUTE
    ..\Hardware\U8G2\u8g2_line.c             0x00000000   Number         0  u8g2_line.o ABSOLUTE
    ..\Hardware\U8G2\u8g2_ll_hvline.c        0x00000000   Number         0  u8g2_ll_hvline.o ABSOLUTE
    ..\Hardware\U8G2\u8g2_message.c          0x00000000   Number         0  u8g2_message.o ABSOLUTE
    ..\Hardware\U8G2\u8g2_polygon.c          0x00000000   Number         0  u8g2_polygon.o ABSOLUTE
    ..\Hardware\U8G2\u8g2_selection_list.c   0x00000000   Number         0  u8g2_selection_list.o ABSOLUTE
    ..\Hardware\U8G2\u8g2_setup.c            0x00000000   Number         0  u8g2_setup.o ABSOLUTE
    ..\Hardware\U8G2\u8log.c                 0x00000000   Number         0  u8log.o ABSOLUTE
    ..\Hardware\U8G2\u8log_u8g2.c            0x00000000   Number         0  u8log_u8g2.o ABSOLUTE
    ..\Hardware\U8G2\u8log_u8x8.c            0x00000000   Number         0  u8log_u8x8.o ABSOLUTE
    ..\Hardware\U8G2\u8x8_8x8.c              0x00000000   Number         0  u8x8_8x8.o ABSOLUTE
    ..\Hardware\U8G2\u8x8_byte.c             0x00000000   Number         0  u8x8_byte.o ABSOLUTE
    ..\Hardware\U8G2\u8x8_cad.c              0x00000000   Number         0  u8x8_cad.o ABSOLUTE
    ..\Hardware\U8G2\u8x8_capture.c          0x00000000   Number         0  u8x8_capture.o ABSOLUTE
    ..\Hardware\U8G2\u8x8_d_ssd1306_128x32.c 0x00000000   Number         0  u8x8_d_ssd1306_128x32.o ABSOLUTE
    ..\Hardware\U8G2\u8x8_d_ssd1306_128x64_noname.c 0x00000000   Number         0  u8x8_d_ssd1306_128x64_noname.o ABSOLUTE
    ..\Hardware\U8G2\u8x8_debounce.c         0x00000000   Number         0  u8x8_debounce.o ABSOLUTE
    ..\Hardware\U8G2\u8x8_display.c          0x00000000   Number         0  u8x8_display.o ABSOLUTE
    ..\Hardware\U8G2\u8x8_fonts.c            0x00000000   Number         0  u8x8_fonts.o ABSOLUTE
    ..\Hardware\U8G2\u8x8_gpio.c             0x00000000   Number         0  u8x8_gpio.o ABSOLUTE
    ..\Hardware\U8G2\u8x8_input_value.c      0x00000000   Number         0  u8x8_input_value.o ABSOLUTE
    ..\Hardware\U8G2\u8x8_message.c          0x00000000   Number         0  u8x8_message.o ABSOLUTE
    ..\Hardware\U8G2\u8x8_selection_list.c   0x00000000   Number         0  u8x8_selection_list.o ABSOLUTE
    ..\Hardware\U8G2\u8x8_setup.c            0x00000000   Number         0  u8x8_setup.o ABSOLUTE
    ..\Hardware\U8G2\u8x8_string.c           0x00000000   Number         0  u8x8_string.o ABSOLUTE
    ..\Hardware\U8G2\u8x8_u16toa.c           0x00000000   Number         0  u8x8_u16toa.o ABSOLUTE
    ..\Hardware\U8G2\u8x8_u8toa.c            0x00000000   Number         0  u8x8_u8toa.o ABSOLUTE
    ..\Hardware\UI\Src\ui.c                  0x00000000   Number         0  ui.o ABSOLUTE
    ..\Hardware\UI\Src\ui_main.c             0x00000000   Number         0  ui_main.o ABSOLUTE
    ..\Hardware\UI\Src\ui_snake.c            0x00000000   Number         0  ui_snake.o ABSOLUTE
    ..\\Core\\Src\\rtc.c                     0x00000000   Number         0  rtc.o ABSOLUTE
    ..\\Drivers\\STM32G0xx_HAL_Driver\\Src\\stm32g0xx_hal_rtc.c 0x00000000   Number         0  stm32g0xx_hal_rtc.o ABSOLUTE
    ..\\Drivers\\STM32G0xx_HAL_Driver\\Src\\stm32g0xx_hal_rtc_ex.c 0x00000000   Number         0  stm32g0xx_hal_rtc_ex.o ABSOLUTE
    ..\\FreeRTOS\\portable\\RVDS\\ARM_CM0\\port.c 0x00000000   Number         0  port.o ABSOLUTE
    ..\\Game\\Snake\\Src\\game_snake.c       0x00000000   Number         0  game_snake.o ABSOLUTE
    ..\\Hardware\\DHT11\\Src\\dht11.c        0x00000000   Number         0  dht11.o ABSOLUTE
    ..\\Hardware\\DS18B20\\Src\\ds18b20.c    0x00000000   Number         0  ds18b20.o ABSOLUTE
    ..\\Hardware\\Joystick\\Src\\joystick.c  0x00000000   Number         0  joystick.o ABSOLUTE
    ..\\Hardware\\OLED\\Src\\oled.c          0x00000000   Number         0  oled.o ABSOLUTE
    ..\\Hardware\\U8G2\\u8g2_d_setup.c       0x00000000   Number         0  u8g2_d_setup.o ABSOLUTE
    ..\\Hardware\\UI\\Src\\ui.c              0x00000000   Number         0  ui.o ABSOLUTE
    ..\\Hardware\\UI\\Src\\ui_main.c         0x00000000   Number         0  ui_main.o ABSOLUTE
    ..\\Hardware\\UI\\Src\\ui_snake.c        0x00000000   Number         0  ui_snake.o ABSOLUTE
    cdrcmple.s                               0x00000000   Number         0  cdrcmple.o ABSOLUTE
    dc.s                                     0x00000000   Number         0  dc.o ABSOLUTE
    handlers.s                               0x00000000   Number         0  handlers.o ABSOLUTE
    init.s                                   0x00000000   Number         0  init.o ABSOLUTE
    startup_stm32g070xx.s                    0x00000000   Number         0  startup_stm32g070xx.o ABSOLUTE
    RESET                                    0x08000000   Section      184  startup_stm32g070xx.o(RESET)
    .ARM.Collect$$$$00000000                 0x080000b8   Section        0  entry.o(.ARM.Collect$$$$00000000)
    .ARM.Collect$$$$00000001                 0x080000b8   Section        4  entry2.o(.ARM.Collect$$$$00000001)
    .ARM.Collect$$$$00000004                 0x080000bc   Section        4  entry5.o(.ARM.Collect$$$$00000004)
    .ARM.Collect$$$$00000008                 0x080000c0   Section        0  entry7b.o(.ARM.Collect$$$$00000008)
    .ARM.Collect$$$$0000000A                 0x080000c0   Section        0  entry8b.o(.ARM.Collect$$$$0000000A)
    .ARM.Collect$$$$0000000B                 0x080000c0   Section        8  entry9a.o(.ARM.Collect$$$$0000000B)
    .ARM.Collect$$$$0000000D                 0x080000c8   Section        0  entry10a.o(.ARM.Collect$$$$0000000D)
    .ARM.Collect$$$$0000000F                 0x080000c8   Section        0  entry11a.o(.ARM.Collect$$$$0000000F)
    .ARM.Collect$$$$00002712                 0x080000c8   Section        4  entry2.o(.ARM.Collect$$$$00002712)
    __lit__00000000                          0x080000c8   Data           4  entry2.o(.ARM.Collect$$$$00002712)
    .emb_text                                0x080000cc   Section      120  port.o(.emb_text)
    .text                                    0x08000144   Section       28  startup_stm32g070xx.o(.text)
    .text                                    0x08000160   Section        0  uidiv.o(.text)
    .text                                    0x0800018c   Section        0  memseta.o(.text)
    .text                                    0x080001b0   Section       36  init.o(.text)
    i.ADC1_IRQHandler                        0x080001d4   Section        0  stm32g0xx_it.o(i.ADC1_IRQHandler)
    i.ADC_DMAConvCplt                        0x080001e4   Section        0  stm32g0xx_hal_adc.o(i.ADC_DMAConvCplt)
    ADC_DMAConvCplt                          0x080001e5   Thumb Code   128  stm32g0xx_hal_adc.o(i.ADC_DMAConvCplt)
    i.ADC_DMAError                           0x08000264   Section        0  stm32g0xx_hal_adc.o(i.ADC_DMAError)
    ADC_DMAError                             0x08000265   Thumb Code    26  stm32g0xx_hal_adc.o(i.ADC_DMAError)
    i.ADC_DMAHalfConvCplt                    0x0800027e   Section        0  stm32g0xx_hal_adc.o(i.ADC_DMAHalfConvCplt)
    ADC_DMAHalfConvCplt                      0x0800027f   Thumb Code    10  stm32g0xx_hal_adc.o(i.ADC_DMAHalfConvCplt)
    i.ADC_Disable                            0x08000288   Section        0  stm32g0xx_hal_adc.o(i.ADC_Disable)
    i.ADC_Enable                             0x080002f4   Section        0  stm32g0xx_hal_adc.o(i.ADC_Enable)
    i.DMA1_Channel1_IRQHandler               0x0800039c   Section        0  stm32g0xx_it.o(i.DMA1_Channel1_IRQHandler)
    i.DMA_CalcDMAMUXChannelBaseAndMask       0x080003ac   Section        0  stm32g0xx_hal_dma.o(i.DMA_CalcDMAMUXChannelBaseAndMask)
    DMA_CalcDMAMUXChannelBaseAndMask         0x080003ad   Thumb Code    44  stm32g0xx_hal_dma.o(i.DMA_CalcDMAMUXChannelBaseAndMask)
    i.DMA_CalcDMAMUXRequestGenBaseAndMask    0x080003dc   Section        0  stm32g0xx_hal_dma.o(i.DMA_CalcDMAMUXRequestGenBaseAndMask)
    DMA_CalcDMAMUXRequestGenBaseAndMask      0x080003dd   Thumb Code    34  stm32g0xx_hal_dma.o(i.DMA_CalcDMAMUXRequestGenBaseAndMask)
    i.DMA_SetConfig                          0x08000404   Section        0  stm32g0xx_hal_dma.o(i.DMA_SetConfig)
    DMA_SetConfig                            0x08000405   Thumb Code    66  stm32g0xx_hal_dma.o(i.DMA_SetConfig)
    i.Error_Handler                          0x0800044c   Section        0  main.o(i.Error_Handler)
    i.HAL_ADCEx_Calibration_Start            0x08000450   Section        0  stm32g0xx_hal_adc_ex.o(i.HAL_ADCEx_Calibration_Start)
    i.HAL_ADCEx_ChannelConfigReadyCallback   0x080004f0   Section        0  stm32g0xx_hal_adc_ex.o(i.HAL_ADCEx_ChannelConfigReadyCallback)
    i.HAL_ADCEx_EndOfSamplingCallback        0x080004f2   Section        0  stm32g0xx_hal_adc_ex.o(i.HAL_ADCEx_EndOfSamplingCallback)
    i.HAL_ADCEx_LevelOutOfWindow2Callback    0x080004f4   Section        0  stm32g0xx_hal_adc_ex.o(i.HAL_ADCEx_LevelOutOfWindow2Callback)
    i.HAL_ADCEx_LevelOutOfWindow3Callback    0x080004f6   Section        0  stm32g0xx_hal_adc_ex.o(i.HAL_ADCEx_LevelOutOfWindow3Callback)
    i.HAL_ADC_ConfigChannel                  0x080004f8   Section        0  stm32g0xx_hal_adc.o(i.HAL_ADC_ConfigChannel)
    i.HAL_ADC_ConvCpltCallback               0x0800071c   Section        0  stm32g0xx_hal_adc.o(i.HAL_ADC_ConvCpltCallback)
    i.HAL_ADC_ConvHalfCpltCallback           0x0800071e   Section        0  stm32g0xx_hal_adc.o(i.HAL_ADC_ConvHalfCpltCallback)
    i.HAL_ADC_ErrorCallback                  0x08000720   Section        0  stm32g0xx_hal_adc.o(i.HAL_ADC_ErrorCallback)
    i.HAL_ADC_IRQHandler                     0x08000724   Section        0  stm32g0xx_hal_adc.o(i.HAL_ADC_IRQHandler)
    i.HAL_ADC_Init                           0x08000874   Section        0  stm32g0xx_hal_adc.o(i.HAL_ADC_Init)
    i.HAL_ADC_LevelOutOfWindowCallback       0x08000ac0   Section        0  stm32g0xx_hal_adc.o(i.HAL_ADC_LevelOutOfWindowCallback)
    i.HAL_ADC_MspInit                        0x08000ac4   Section        0  adc.o(i.HAL_ADC_MspInit)
    i.HAL_ADC_Start_DMA                      0x08000b70   Section        0  stm32g0xx_hal_adc.o(i.HAL_ADC_Start_DMA)
    i.HAL_DMA_IRQHandler                     0x08000c24   Section        0  stm32g0xx_hal_dma.o(i.HAL_DMA_IRQHandler)
    i.HAL_DMA_Init                           0x08000cdc   Section        0  stm32g0xx_hal_dma.o(i.HAL_DMA_Init)
    i.HAL_DMA_Start_IT                       0x08000d80   Section        0  stm32g0xx_hal_dma.o(i.HAL_DMA_Start_IT)
    i.HAL_GPIO_Init                          0x08000e0c   Section        0  stm32g0xx_hal_gpio.o(i.HAL_GPIO_Init)
    i.HAL_GPIO_WritePin                      0x08000f68   Section        0  stm32g0xx_hal_gpio.o(i.HAL_GPIO_WritePin)
    i.HAL_GetTick                            0x08000f74   Section        0  stm32g0xx_hal.o(i.HAL_GetTick)
    i.HAL_Init                               0x08000f80   Section        0  stm32g0xx_hal.o(i.HAL_Init)
    i.HAL_InitTick                           0x08000fa8   Section        0  stm32g0xx_hal.o(i.HAL_InitTick)
    i.HAL_MspInit                            0x08000ff0   Section        0  stm32g0xx_hal_msp.o(i.HAL_MspInit)
    i.HAL_NVIC_EnableIRQ                     0x08001024   Section        0  stm32g0xx_hal_cortex.o(i.HAL_NVIC_EnableIRQ)
    i.HAL_NVIC_SetPriority                   0x0800103c   Section        0  stm32g0xx_hal_cortex.o(i.HAL_NVIC_SetPriority)
    i.HAL_PWREx_ControlVoltageScaling        0x08001044   Section        0  stm32g0xx_hal_pwr_ex.o(i.HAL_PWREx_ControlVoltageScaling)
    i.HAL_RCCEx_PeriphCLKConfig              0x08001090   Section        0  stm32g0xx_hal_rcc_ex.o(i.HAL_RCCEx_PeriphCLKConfig)
    i.HAL_RCC_ClockConfig                    0x080011f0   Section        0  stm32g0xx_hal_rcc.o(i.HAL_RCC_ClockConfig)
    i.HAL_RCC_GetSysClockFreq                0x08001348   Section        0  stm32g0xx_hal_rcc.o(i.HAL_RCC_GetSysClockFreq)
    i.HAL_RCC_OscConfig                      0x080013d4   Section        0  stm32g0xx_hal_rcc.o(i.HAL_RCC_OscConfig)
    i.HAL_RTC_Init                           0x080017b4   Section        0  stm32g0xx_hal_rtc.o(i.HAL_RTC_Init)
    i.HAL_RTC_MspInit                        0x08001858   Section        0  rtc.o(i.HAL_RTC_MspInit)
    i.HAL_RTC_SetDate                        0x0800188c   Section        0  stm32g0xx_hal_rtc.o(i.HAL_RTC_SetDate)
    i.HAL_RTC_SetTime                        0x08001928   Section        0  stm32g0xx_hal_rtc.o(i.HAL_RTC_SetTime)
    i.HAL_RTC_WaitForSynchro                 0x080019e8   Section        0  stm32g0xx_hal_rtc.o(i.HAL_RTC_WaitForSynchro)
    i.HAL_SYSCFG_StrobeDBattpinsConfig       0x08001a1c   Section        0  stm32g0xx_hal.o(i.HAL_SYSCFG_StrobeDBattpinsConfig)
    i.HAL_SYSTICK_Config                     0x08001a30   Section        0  stm32g0xx_hal_cortex.o(i.HAL_SYSTICK_Config)
    i.HardFault_Handler                      0x08001a60   Section        0  stm32g0xx_it.o(i.HardFault_Handler)
    i.LL_ADC_IsEnabled                       0x08001a62   Section        0  stm32g0xx_hal_adc.o(i.LL_ADC_IsEnabled)
    LL_ADC_IsEnabled                         0x08001a63   Thumb Code     8  stm32g0xx_hal_adc.o(i.LL_ADC_IsEnabled)
    i.LL_ADC_REG_IsConversionOngoing         0x08001a6a   Section        0  stm32g0xx_hal_adc.o(i.LL_ADC_REG_IsConversionOngoing)
    LL_ADC_REG_IsConversionOngoing           0x08001a6b   Thumb Code     8  stm32g0xx_hal_adc.o(i.LL_ADC_REG_IsConversionOngoing)
    i.LL_ADC_REG_IsTriggerSourceSWStart      0x08001a72   Section        0  stm32g0xx_hal_adc.o(i.LL_ADC_REG_IsTriggerSourceSWStart)
    LL_ADC_REG_IsTriggerSourceSWStart        0x08001a73   Thumb Code    16  stm32g0xx_hal_adc.o(i.LL_ADC_REG_IsTriggerSourceSWStart)
    i.LL_ADC_SetCommonPathInternalCh         0x08001a82   Section        0  stm32g0xx_hal_adc.o(i.LL_ADC_SetCommonPathInternalCh)
    LL_ADC_SetCommonPathInternalCh           0x08001a83   Thumb Code    14  stm32g0xx_hal_adc.o(i.LL_ADC_SetCommonPathInternalCh)
    i.LL_ADC_SetSamplingTimeCommonChannels   0x08001a90   Section        0  stm32g0xx_hal_adc.o(i.LL_ADC_SetSamplingTimeCommonChannels)
    LL_ADC_SetSamplingTimeCommonChannels     0x08001a91   Thumb Code    22  stm32g0xx_hal_adc.o(i.LL_ADC_SetSamplingTimeCommonChannels)
    i.MX_ADC1_Init                           0x08001aa8   Section        0  adc.o(i.MX_ADC1_Init)
    i.MX_DMA_Init                            0x08001b3c   Section        0  dma.o(i.MX_DMA_Init)
    i.MX_GPIO_Init                           0x08001b64   Section        0  gpio.o(i.MX_GPIO_Init)
    i.MX_RTC_Init                            0x08001c18   Section        0  rtc.o(i.MX_RTC_Init)
    i.NMI_Handler                            0x08001ca8   Section        0  stm32g0xx_it.o(i.NMI_Handler)
    i.RTC_ByteToBcd2                         0x08001caa   Section        0  stm32g0xx_hal_rtc.o(i.RTC_ByteToBcd2)
    i.RTC_EnterInitMode                      0x08001cc2   Section        0  stm32g0xx_hal_rtc.o(i.RTC_EnterInitMode)
    i.RTC_ExitInitMode                       0x08001d08   Section        0  stm32g0xx_hal_rtc.o(i.RTC_ExitInitMode)
    i.SystemClock_Config                     0x08001d58   Section        0  main.o(i.SystemClock_Config)
    i.SystemInit                             0x08001dec   Section        0  system_stm32g0xx.o(i.SystemInit)
    i.__NVIC_SetPriority                     0x08001dfc   Section        0  stm32g0xx_hal_cortex.o(i.__NVIC_SetPriority)
    __NVIC_SetPriority                       0x08001dfd   Thumb Code    60  stm32g0xx_hal_cortex.o(i.__NVIC_SetPriority)
    i.__scatterload_copy                     0x08001e40   Section       14  handlers.o(i.__scatterload_copy)
    i.__scatterload_null                     0x08001e4e   Section        2  handlers.o(i.__scatterload_null)
    i.__scatterload_zeroinit                 0x08001e50   Section       14  handlers.o(i.__scatterload_zeroinit)
    i.main                                   0x08001e60   Section        0  main.o(i.main)
    i.prvAddNewTaskToReadyList               0x08001ec8   Section        0  tasks.o(i.prvAddNewTaskToReadyList)
    prvAddNewTaskToReadyList                 0x08001ec9   Thumb Code   202  tasks.o(i.prvAddNewTaskToReadyList)
    i.prvInitialiseNewTask                   0x08001f9c   Section        0  tasks.o(i.prvInitialiseNewTask)
    prvInitialiseNewTask                     0x08001f9d   Thumb Code   108  tasks.o(i.prvInitialiseNewTask)
    i.prvResetNextTaskUnblockTime            0x08002008   Section        0  tasks.o(i.prvResetNextTaskUnblockTime)
    prvResetNextTaskUnblockTime              0x08002009   Thumb Code    26  tasks.o(i.prvResetNextTaskUnblockTime)
    i.prvTaskExitError                       0x08002028   Section        0  port.o(i.prvTaskExitError)
    prvTaskExitError                         0x08002029   Thumb Code     4  port.o(i.prvTaskExitError)
    i.pvPortMalloc                           0x0800202c   Section        0  heap_2.o(i.pvPortMalloc)
    i.pxPortInitialiseStack                  0x080020f0   Section        0  port.o(i.pxPortInitialiseStack)
    i.vListInitialise                        0x08002110   Section        0  list.o(i.vListInitialise)
    i.vListInitialiseItem                    0x08002126   Section        0  list.o(i.vListInitialiseItem)
    i.vPortEnterCritical                     0x0800212c   Section        0  port.o(i.vPortEnterCritical)
    i.vPortExitCritical                      0x08002144   Section        0  port.o(i.vPortExitCritical)
    i.vPortFree                              0x08002158   Section        0  heap_2.o(i.vPortFree)
    i.vPortSVCHandler                        0x080021a4   Section        0  port.o(i.vPortSVCHandler)
    i.vPortSetupTimerInterrupt               0x080021a8   Section        0  port.o(i.vPortSetupTimerInterrupt)
    i.vPortYield                             0x080021c4   Section        0  port.o(i.vPortYield)
    i.vTaskSuspendAll                        0x080021dc   Section        0  tasks.o(i.vTaskSuspendAll)
    i.vTaskSwitchContext                     0x080021ec   Section        0  tasks.o(i.vTaskSwitchContext)
    i.vTask_Update                           0x0800223c   Section        0  main.o(i.vTask_Update)
    i.xPortStartScheduler                    0x08002240   Section        0  port.o(i.xPortStartScheduler)
    i.xPortSysTickHandler                    0x08002270   Section        0  port.o(i.xPortSysTickHandler)
    i.xTaskCreate                            0x08002294   Section        0  tasks.o(i.xTaskCreate)
    i.xTaskIncrementTick                     0x080022e8   Section        0  tasks.o(i.xTaskIncrementTick)
    i.xTaskResumeAll                         0x080023ec   Section        0  tasks.o(i.xTaskResumeAll)
    .constdata                               0x080024e0   Section       64  system_stm32g0xx.o(.constdata)
    .data                                    0x20000000   Section        4  joystick.o(.data)
    .data                                    0x20000004   Section       12  stm32g0xx_hal.o(.data)
    .data                                    0x20000010   Section        4  system_stm32g0xx.o(.data)
    .data                                    0x20000014   Section       64  tasks.o(.data)
    uxDeletedTasksWaitingCleanUp             0x20000018   Data           4  tasks.o(.data)
    uxCurrentNumberOfTasks                   0x2000001c   Data           4  tasks.o(.data)
    xTickCount                               0x20000020   Data           4  tasks.o(.data)
    uxTopReadyPriority                       0x20000024   Data           4  tasks.o(.data)
    xSchedulerRunning                        0x20000028   Data           4  tasks.o(.data)
    xPendedTicks                             0x2000002c   Data           4  tasks.o(.data)
    xYieldPending                            0x20000030   Data           4  tasks.o(.data)
    xNumOfOverflows                          0x20000034   Data           4  tasks.o(.data)
    uxTaskNumber                             0x20000038   Data           4  tasks.o(.data)
    xNextTaskUnblockTime                     0x2000003c   Data           4  tasks.o(.data)
    xIdleTaskHandle                          0x20000040   Data           4  tasks.o(.data)
    uxSchedulerSuspended                     0x20000048   Data           4  tasks.o(.data)
    pxDelayedTaskList                        0x2000004c   Data           4  tasks.o(.data)
    pxOverflowDelayedTaskList                0x20000050   Data           4  tasks.o(.data)
    .data                                    0x20000054   Section        4  port.o(.data)
    uxCriticalNesting                        0x20000054   Data           4  port.o(.data)
    .data                                    0x20000058   Section       24  heap_2.o(.data)
    xFreeBytesRemaining                      0x20000058   Data           4  heap_2.o(.data)
    xHeapHasBeenInitialised                  0x2000005c   Data           4  heap_2.o(.data)
    xStart                                   0x20000060   Data           8  heap_2.o(.data)
    xEnd                                     0x20000068   Data           8  heap_2.o(.data)
    .bss                                     0x20000070   Section      192  adc.o(.bss)
    .bss                                     0x20000130   Section       44  rtc.o(.bss)
    .bss                                     0x2000015c   Section      200  tasks.o(.bss)
    pxReadyTasksLists                        0x2000015c   Data         100  tasks.o(.bss)
    xDelayedTaskList1                        0x200001c0   Data          20  tasks.o(.bss)
    xDelayedTaskList2                        0x200001d4   Data          20  tasks.o(.bss)
    xPendingReadyList                        0x200001e8   Data          20  tasks.o(.bss)
    xTasksWaitingTermination                 0x200001fc   Data          20  tasks.o(.bss)
    xSuspendedTaskList                       0x20000210   Data          20  tasks.o(.bss)
    .bss                                     0x20000224   Section     8192  heap_2.o(.bss)
    ucHeap                                   0x20000224   Data        8192  heap_2.o(.bss)
    STACK                                    0x20002228   Section     1024  startup_stm32g070xx.o(STACK)

    Global Symbols

    Symbol Name                              Value     Ov Type        Size  Object(Section)

    BuildAttributes$$THM_ISAv3M$S$PE$A:L22$X:L11$S22$IEEE1$IW$USESV6$~STKCKD$USESV7$~SHL$OSPACE$ROPI$EBA8$MICROLIB$REQ8$PRES8$EABIv2 0x00000000   Number         0  anon$$obj.o ABSOLUTE
    __ARM_use_no_argv                        0x00000000   Number         0  main.o ABSOLUTE
    _printf_a                                0x00000000   Number         0  stubs.o ABSOLUTE
    _printf_c                                0x00000000   Number         0  stubs.o ABSOLUTE
    _printf_charcount                        0x00000000   Number         0  stubs.o ABSOLUTE
    _printf_d                                0x00000000   Number         0  stubs.o ABSOLUTE
    _printf_e                                0x00000000   Number         0  stubs.o ABSOLUTE
    _printf_f                                0x00000000   Number         0  stubs.o ABSOLUTE
    _printf_flags                            0x00000000   Number         0  stubs.o ABSOLUTE
    _printf_fp_dec                           0x00000000   Number         0  stubs.o ABSOLUTE
    _printf_fp_hex                           0x00000000   Number         0  stubs.o ABSOLUTE
    _printf_g                                0x00000000   Number         0  stubs.o ABSOLUTE
    _printf_i                                0x00000000   Number         0  stubs.o ABSOLUTE
    _printf_int_dec                          0x00000000   Number         0  stubs.o ABSOLUTE
    _printf_l                                0x00000000   Number         0  stubs.o ABSOLUTE
    _printf_lc                               0x00000000   Number         0  stubs.o ABSOLUTE
    _printf_ll                               0x00000000   Number         0  stubs.o ABSOLUTE
    _printf_lld                              0x00000000   Number         0  stubs.o ABSOLUTE
    _printf_lli                              0x00000000   Number         0  stubs.o ABSOLUTE
    _printf_llo                              0x00000000   Number         0  stubs.o ABSOLUTE
    _printf_llu                              0x00000000   Number         0  stubs.o ABSOLUTE
    _printf_llx                              0x00000000   Number         0  stubs.o ABSOLUTE
    _printf_longlong_dec                     0x00000000   Number         0  stubs.o ABSOLUTE
    _printf_longlong_hex                     0x00000000   Number         0  stubs.o ABSOLUTE
    _printf_longlong_oct                     0x00000000   Number         0  stubs.o ABSOLUTE
    _printf_ls                               0x00000000   Number         0  stubs.o ABSOLUTE
    _printf_mbtowc                           0x00000000   Number         0  stubs.o ABSOLUTE
    _printf_n                                0x00000000   Number         0  stubs.o ABSOLUTE
    _printf_o                                0x00000000   Number         0  stubs.o ABSOLUTE
    _printf_p                                0x00000000   Number         0  stubs.o ABSOLUTE
    _printf_percent                          0x00000000   Number         0  stubs.o ABSOLUTE
    _printf_pre_padding                      0x00000000   Number         0  stubs.o ABSOLUTE
    _printf_return_value                     0x00000000   Number         0  stubs.o ABSOLUTE
    _printf_s                                0x00000000   Number         0  stubs.o ABSOLUTE
    _printf_sizespec                         0x00000000   Number         0  stubs.o ABSOLUTE
    _printf_str                              0x00000000   Number         0  stubs.o ABSOLUTE
    _printf_truncate_signed                  0x00000000   Number         0  stubs.o ABSOLUTE
    _printf_truncate_unsigned                0x00000000   Number         0  stubs.o ABSOLUTE
    _printf_u                                0x00000000   Number         0  stubs.o ABSOLUTE
    _printf_wc                               0x00000000   Number         0  stubs.o ABSOLUTE
    _printf_wctomb                           0x00000000   Number         0  stubs.o ABSOLUTE
    _printf_widthprec                        0x00000000   Number         0  stubs.o ABSOLUTE
    _printf_x                                0x00000000   Number         0  stubs.o ABSOLUTE
    __cpp_initialize__aeabi_                  - Undefined Weak Reference
    __cxa_finalize                            - Undefined Weak Reference
    __decompress                              - Undefined Weak Reference
    _clock_init                               - Undefined Weak Reference
    _microlib_exit                            - Undefined Weak Reference
    __Vectors_Size                           0x000000b8   Number         0  startup_stm32g070xx.o ABSOLUTE
    __Vectors                                0x08000000   Data           4  startup_stm32g070xx.o(RESET)
    __Vectors_End                            0x080000b8   Data           0  startup_stm32g070xx.o(RESET)
    __main                                   0x080000b9   Thumb Code     0  entry.o(.ARM.Collect$$$$00000000)
    _main_stk                                0x080000b9   Thumb Code     0  entry2.o(.ARM.Collect$$$$00000001)
    _main_scatterload                        0x080000bd   Thumb Code     0  entry5.o(.ARM.Collect$$$$00000004)
    __main_after_scatterload                 0x080000c1   Thumb Code     0  entry5.o(.ARM.Collect$$$$00000004)
    _main_clock                              0x080000c1   Thumb Code     0  entry7b.o(.ARM.Collect$$$$00000008)
    _main_cpp_init                           0x080000c1   Thumb Code     0  entry8b.o(.ARM.Collect$$$$0000000A)
    _main_init                               0x080000c1   Thumb Code     0  entry9a.o(.ARM.Collect$$$$0000000B)
    __rt_final_cpp                           0x080000c9   Thumb Code     0  entry10a.o(.ARM.Collect$$$$0000000D)
    __rt_final_exit                          0x080000c9   Thumb Code     0  entry11a.o(.ARM.Collect$$$$0000000F)
    __asm___6_port_c_39a90d8d__prvPortStartFirstTask 0x080000cd   Thumb Code    36  port.o(.emb_text)
    ulSetInterruptMaskFromISR                0x080000f5   Thumb Code     8  port.o(.emb_text)
    vClearInterruptMaskFromISR               0x080000fd   Thumb Code     6  port.o(.emb_text)
    xPortPendSVHandler                       0x08000103   Thumb Code    62  port.o(.emb_text)
    Reset_Handler                            0x08000145   Thumb Code     8  startup_stm32g070xx.o(.text)
    DMA1_Ch4_7_DMAMUX1_OVR_IRQHandler        0x08000157   Thumb Code     0  startup_stm32g070xx.o(.text)
    DMA1_Channel2_3_IRQHandler               0x08000157   Thumb Code     0  startup_stm32g070xx.o(.text)
    EXTI0_1_IRQHandler                       0x08000157   Thumb Code     0  startup_stm32g070xx.o(.text)
    EXTI2_3_IRQHandler                       0x08000157   Thumb Code     0  startup_stm32g070xx.o(.text)
    EXTI4_15_IRQHandler                      0x08000157   Thumb Code     0  startup_stm32g070xx.o(.text)
    FLASH_IRQHandler                         0x08000157   Thumb Code     0  startup_stm32g070xx.o(.text)
    I2C1_IRQHandler                          0x08000157   Thumb Code     0  startup_stm32g070xx.o(.text)
    I2C2_IRQHandler                          0x08000157   Thumb Code     0  startup_stm32g070xx.o(.text)
    RCC_IRQHandler                           0x08000157   Thumb Code     0  startup_stm32g070xx.o(.text)
    RTC_TAMP_IRQHandler                      0x08000157   Thumb Code     0  startup_stm32g070xx.o(.text)
    SPI1_IRQHandler                          0x08000157   Thumb Code     0  startup_stm32g070xx.o(.text)
    SPI2_IRQHandler                          0x08000157   Thumb Code     0  startup_stm32g070xx.o(.text)
    TIM14_IRQHandler                         0x08000157   Thumb Code     0  startup_stm32g070xx.o(.text)
    TIM15_IRQHandler                         0x08000157   Thumb Code     0  startup_stm32g070xx.o(.text)
    TIM16_IRQHandler                         0x08000157   Thumb Code     0  startup_stm32g070xx.o(.text)
    TIM17_IRQHandler                         0x08000157   Thumb Code     0  startup_stm32g070xx.o(.text)
    TIM1_BRK_UP_TRG_COM_IRQHandler           0x08000157   Thumb Code     0  startup_stm32g070xx.o(.text)
    TIM1_CC_IRQHandler                       0x08000157   Thumb Code     0  startup_stm32g070xx.o(.text)
    TIM3_IRQHandler                          0x08000157   Thumb Code     0  startup_stm32g070xx.o(.text)
    TIM6_IRQHandler                          0x08000157   Thumb Code     0  startup_stm32g070xx.o(.text)
    TIM7_IRQHandler                          0x08000157   Thumb Code     0  startup_stm32g070xx.o(.text)
    USART1_IRQHandler                        0x08000157   Thumb Code     0  startup_stm32g070xx.o(.text)
    USART2_IRQHandler                        0x08000157   Thumb Code     0  startup_stm32g070xx.o(.text)
    USART3_4_IRQHandler                      0x08000157   Thumb Code     0  startup_stm32g070xx.o(.text)
    WWDG_IRQHandler                          0x08000157   Thumb Code     0  startup_stm32g070xx.o(.text)
    __aeabi_uidiv                            0x08000161   Thumb Code     0  uidiv.o(.text)
    __aeabi_uidivmod                         0x08000161   Thumb Code    44  uidiv.o(.text)
    __aeabi_memset                           0x0800018d   Thumb Code    14  memseta.o(.text)
    __aeabi_memset4                          0x0800018d   Thumb Code     0  memseta.o(.text)
    __aeabi_memset8                          0x0800018d   Thumb Code     0  memseta.o(.text)
    __aeabi_memclr                           0x0800019b   Thumb Code     4  memseta.o(.text)
    __aeabi_memclr4                          0x0800019b   Thumb Code     0  memseta.o(.text)
    __aeabi_memclr8                          0x0800019b   Thumb Code     0  memseta.o(.text)
    _memset$wrapper                          0x0800019f   Thumb Code    18  memseta.o(.text)
    __scatterload                            0x080001b1   Thumb Code    28  init.o(.text)
    __scatterload_rt2                        0x080001b1   Thumb Code     0  init.o(.text)
    ADC1_IRQHandler                          0x080001d5   Thumb Code    10  stm32g0xx_it.o(i.ADC1_IRQHandler)
    ADC_Disable                              0x08000289   Thumb Code   102  stm32g0xx_hal_adc.o(i.ADC_Disable)
    ADC_Enable                               0x080002f5   Thumb Code   152  stm32g0xx_hal_adc.o(i.ADC_Enable)
    DMA1_Channel1_IRQHandler                 0x0800039d   Thumb Code    10  stm32g0xx_it.o(i.DMA1_Channel1_IRQHandler)
    Error_Handler                            0x0800044d   Thumb Code     4  main.o(i.Error_Handler)
    HAL_ADCEx_Calibration_Start              0x08000451   Thumb Code   154  stm32g0xx_hal_adc_ex.o(i.HAL_ADCEx_Calibration_Start)
    HAL_ADCEx_ChannelConfigReadyCallback     0x080004f1   Thumb Code     2  stm32g0xx_hal_adc_ex.o(i.HAL_ADCEx_ChannelConfigReadyCallback)
    HAL_ADCEx_EndOfSamplingCallback          0x080004f3   Thumb Code     2  stm32g0xx_hal_adc_ex.o(i.HAL_ADCEx_EndOfSamplingCallback)
    HAL_ADCEx_LevelOutOfWindow2Callback      0x080004f5   Thumb Code     2  stm32g0xx_hal_adc_ex.o(i.HAL_ADCEx_LevelOutOfWindow2Callback)
    HAL_ADCEx_LevelOutOfWindow3Callback      0x080004f7   Thumb Code     2  stm32g0xx_hal_adc_ex.o(i.HAL_ADCEx_LevelOutOfWindow3Callback)
    HAL_ADC_ConfigChannel                    0x080004f9   Thumb Code   522  stm32g0xx_hal_adc.o(i.HAL_ADC_ConfigChannel)
    HAL_ADC_ConvCpltCallback                 0x0800071d   Thumb Code     2  stm32g0xx_hal_adc.o(i.HAL_ADC_ConvCpltCallback)
    HAL_ADC_ConvHalfCpltCallback             0x0800071f   Thumb Code     2  stm32g0xx_hal_adc.o(i.HAL_ADC_ConvHalfCpltCallback)
    HAL_ADC_ErrorCallback                    0x08000721   Thumb Code     2  stm32g0xx_hal_adc.o(i.HAL_ADC_ErrorCallback)
    HAL_ADC_IRQHandler                       0x08000725   Thumb Code   330  stm32g0xx_hal_adc.o(i.HAL_ADC_IRQHandler)
    HAL_ADC_Init                             0x08000875   Thumb Code   552  stm32g0xx_hal_adc.o(i.HAL_ADC_Init)
    HAL_ADC_LevelOutOfWindowCallback         0x08000ac1   Thumb Code     2  stm32g0xx_hal_adc.o(i.HAL_ADC_LevelOutOfWindowCallback)
    HAL_ADC_MspInit                          0x08000ac5   Thumb Code   154  adc.o(i.HAL_ADC_MspInit)
    HAL_ADC_Start_DMA                        0x08000b71   Thumb Code   158  stm32g0xx_hal_adc.o(i.HAL_ADC_Start_DMA)
    HAL_DMA_IRQHandler                       0x08000c25   Thumb Code   180  stm32g0xx_hal_dma.o(i.HAL_DMA_IRQHandler)
    HAL_DMA_Init                             0x08000cdd   Thumb Code   156  stm32g0xx_hal_dma.o(i.HAL_DMA_Init)
    HAL_DMA_Start_IT                         0x08000d81   Thumb Code   136  stm32g0xx_hal_dma.o(i.HAL_DMA_Start_IT)
    HAL_GPIO_Init                            0x08000e0d   Thumb Code   330  stm32g0xx_hal_gpio.o(i.HAL_GPIO_Init)
    HAL_GPIO_WritePin                        0x08000f69   Thumb Code    12  stm32g0xx_hal_gpio.o(i.HAL_GPIO_WritePin)
    HAL_GetTick                              0x08000f75   Thumb Code     6  stm32g0xx_hal.o(i.HAL_GetTick)
    HAL_Init                                 0x08000f81   Thumb Code    36  stm32g0xx_hal.o(i.HAL_Init)
    HAL_InitTick                             0x08000fa9   Thumb Code    64  stm32g0xx_hal.o(i.HAL_InitTick)
    HAL_MspInit                              0x08000ff1   Thumb Code    46  stm32g0xx_hal_msp.o(i.HAL_MspInit)
    HAL_NVIC_EnableIRQ                       0x08001025   Thumb Code    18  stm32g0xx_hal_cortex.o(i.HAL_NVIC_EnableIRQ)
    HAL_NVIC_SetPriority                     0x0800103d   Thumb Code     8  stm32g0xx_hal_cortex.o(i.HAL_NVIC_SetPriority)
    HAL_PWREx_ControlVoltageScaling          0x08001045   Thumb Code    62  stm32g0xx_hal_pwr_ex.o(i.HAL_PWREx_ControlVoltageScaling)
    HAL_RCCEx_PeriphCLKConfig                0x08001091   Thumb Code   338  stm32g0xx_hal_rcc_ex.o(i.HAL_RCCEx_PeriphCLKConfig)
    HAL_RCC_ClockConfig                      0x080011f1   Thumb Code   318  stm32g0xx_hal_rcc.o(i.HAL_RCC_ClockConfig)
    HAL_RCC_GetSysClockFreq                  0x08001349   Thumb Code   130  stm32g0xx_hal_rcc.o(i.HAL_RCC_GetSysClockFreq)
    HAL_RCC_OscConfig                        0x080013d5   Thumb Code   954  stm32g0xx_hal_rcc.o(i.HAL_RCC_OscConfig)
    HAL_RTC_Init                             0x080017b5   Thumb Code   160  stm32g0xx_hal_rtc.o(i.HAL_RTC_Init)
    HAL_RTC_MspInit                          0x08001859   Thumb Code    42  rtc.o(i.HAL_RTC_MspInit)
    HAL_RTC_SetDate                          0x0800188d   Thumb Code   152  stm32g0xx_hal_rtc.o(i.HAL_RTC_SetDate)
    HAL_RTC_SetTime                          0x08001929   Thumb Code   188  stm32g0xx_hal_rtc.o(i.HAL_RTC_SetTime)
    HAL_RTC_WaitForSynchro                   0x080019e9   Thumb Code    52  stm32g0xx_hal_rtc.o(i.HAL_RTC_WaitForSynchro)
    HAL_SYSCFG_StrobeDBattpinsConfig         0x08001a1d   Thumb Code    16  stm32g0xx_hal.o(i.HAL_SYSCFG_StrobeDBattpinsConfig)
    HAL_SYSTICK_Config                       0x08001a31   Thumb Code    38  stm32g0xx_hal_cortex.o(i.HAL_SYSTICK_Config)
    HardFault_Handler                        0x08001a61   Thumb Code     2  stm32g0xx_it.o(i.HardFault_Handler)
    MX_ADC1_Init                             0x08001aa9   Thumb Code   132  adc.o(i.MX_ADC1_Init)
    MX_DMA_Init                              0x08001b3d   Thumb Code    36  dma.o(i.MX_DMA_Init)
    MX_GPIO_Init                             0x08001b65   Thumb Code   170  gpio.o(i.MX_GPIO_Init)
    MX_RTC_Init                              0x08001c19   Thumb Code   134  rtc.o(i.MX_RTC_Init)
    NMI_Handler                              0x08001ca9   Thumb Code     2  stm32g0xx_it.o(i.NMI_Handler)
    RTC_ByteToBcd2                           0x08001cab   Thumb Code    24  stm32g0xx_hal_rtc.o(i.RTC_ByteToBcd2)
    RTC_EnterInitMode                        0x08001cc3   Thumb Code    68  stm32g0xx_hal_rtc.o(i.RTC_EnterInitMode)
    RTC_ExitInitMode                         0x08001d09   Thumb Code    74  stm32g0xx_hal_rtc.o(i.RTC_ExitInitMode)
    SystemClock_Config                       0x08001d59   Thumb Code   148  main.o(i.SystemClock_Config)
    SystemInit                               0x08001ded   Thumb Code    10  system_stm32g0xx.o(i.SystemInit)
    __scatterload_copy                       0x08001e41   Thumb Code    14  handlers.o(i.__scatterload_copy)
    __scatterload_null                       0x08001e4f   Thumb Code     2  handlers.o(i.__scatterload_null)
    __scatterload_zeroinit                   0x08001e51   Thumb Code    14  handlers.o(i.__scatterload_zeroinit)
    main                                     0x08001e61   Thumb Code    74  main.o(i.main)
    pvPortMalloc                             0x0800202d   Thumb Code   184  heap_2.o(i.pvPortMalloc)
    pxPortInitialiseStack                    0x080020f1   Thumb Code    28  port.o(i.pxPortInitialiseStack)
    vListInitialise                          0x08002111   Thumb Code    22  list.o(i.vListInitialise)
    vListInitialiseItem                      0x08002127   Thumb Code     6  list.o(i.vListInitialiseItem)
    vPortEnterCritical                       0x0800212d   Thumb Code    20  port.o(i.vPortEnterCritical)
    vPortExitCritical                        0x08002145   Thumb Code    14  port.o(i.vPortExitCritical)
    vPortFree                                0x08002159   Thumb Code    70  heap_2.o(i.vPortFree)
    vPortSVCHandler                          0x080021a5   Thumb Code     2  port.o(i.vPortSVCHandler)
    vPortSetupTimerInterrupt                 0x080021a9   Thumb Code    18  port.o(i.vPortSetupTimerInterrupt)
    vPortYield                               0x080021c5   Thumb Code    18  port.o(i.vPortYield)
    vTaskSuspendAll                          0x080021dd   Thumb Code    10  tasks.o(i.vTaskSuspendAll)
    vTaskSwitchContext                       0x080021ed   Thumb Code    70  tasks.o(i.vTaskSwitchContext)
    vTask_Update                             0x0800223d   Thumb Code     2  main.o(i.vTask_Update)
    xPortStartScheduler                      0x08002241   Thumb Code    40  port.o(i.xPortStartScheduler)
    xPortSysTickHandler                      0x08002271   Thumb Code    32  port.o(i.xPortSysTickHandler)
    xTaskCreate                              0x08002295   Thumb Code    84  tasks.o(i.xTaskCreate)
    xTaskIncrementTick                       0x080022e9   Thumb Code   252  tasks.o(i.xTaskIncrementTick)
    xTaskResumeAll                           0x080023ed   Thumb Code   234  tasks.o(i.xTaskResumeAll)
    AHBPrescTable                            0x080024e0   Data          64  system_stm32g0xx.o(.constdata)
    Region$$Table$$Base                      0x08002520   Number         0  anon$$obj.o(Region$$Table)
    Region$$Table$$Limit                     0x08002540   Number         0  anon$$obj.o(Region$$Table)
    ADC_VALUE                                0x20000000   Data           4  joystick.o(.data)
    uwTickFreq                               0x20000004   Data           1  stm32g0xx_hal.o(.data)
    uwTickPrio                               0x20000008   Data           4  stm32g0xx_hal.o(.data)
    uwTick                                   0x2000000c   Data           4  stm32g0xx_hal.o(.data)
    SystemCoreClock                          0x20000010   Data           4  system_stm32g0xx.o(.data)
    pxCurrentTCB                             0x20000014   Data           4  tasks.o(.data)
    uxTopUsedPriority                        0x20000044   Data           4  tasks.o(.data)
    hadc1                                    0x20000070   Data         100  adc.o(.bss)
    hdma_adc1                                0x200000d4   Data          92  adc.o(.bss)
    hrtc                                     0x20000130   Data          44  rtc.o(.bss)
    __initial_sp                             0x20002628   Data           0  startup_stm32g070xx.o(STACK)



==============================================================================

Memory Map of the image

  Image Entry point : 0x080000b9

  Load Region LR_IROM1 (Base: 0x08000000, Size: 0x000025b0, Max: 0x00020000, ABSOLUTE)

    Execution Region ER_IROM1 (Exec base: 0x08000000, Load base: 0x08000000, Size: 0x00002540, Max: 0x00020000, ABSOLUTE)

    Exec Addr    Load Addr    Size         Type   Attr      Idx    E Section Name        Object

    0x08000000   0x08000000   0x000000b8   Data   RO            3    RESET               startup_stm32g070xx.o
    0x080000b8   0x080000b8   0x00000000   Code   RO         8249  * .ARM.Collect$$$$00000000  mc_p.l(entry.o)
    0x080000b8   0x080000b8   0x00000004   Code   RO         8556    .ARM.Collect$$$$00000001  mc_p.l(entry2.o)
    0x080000bc   0x080000bc   0x00000004   Code   RO         8559    .ARM.Collect$$$$00000004  mc_p.l(entry5.o)
    0x080000c0   0x080000c0   0x00000000   Code   RO         8561    .ARM.Collect$$$$00000008  mc_p.l(entry7b.o)
    0x080000c0   0x080000c0   0x00000000   Code   RO         8563    .ARM.Collect$$$$0000000A  mc_p.l(entry8b.o)
    0x080000c0   0x080000c0   0x00000008   Code   RO         8564    .ARM.Collect$$$$0000000B  mc_p.l(entry9a.o)
    0x080000c8   0x080000c8   0x00000000   Code   RO         8566    .ARM.Collect$$$$0000000D  mc_p.l(entry10a.o)
    0x080000c8   0x080000c8   0x00000000   Code   RO         8568    .ARM.Collect$$$$0000000F  mc_p.l(entry11a.o)
    0x080000c8   0x080000c8   0x00000004   Code   RO         8557    .ARM.Collect$$$$00002712  mc_p.l(entry2.o)
    0x080000cc   0x080000cc   0x00000078   Code   RO         8139    .emb_text           port.o
    0x08000144   0x08000144   0x0000001c   Code   RO            4    .text               startup_stm32g070xx.o
    0x08000160   0x08000160   0x0000002c   Code   RO         8252    .text               mc_p.l(uidiv.o)
    0x0800018c   0x0800018c   0x00000024   Code   RO         8261    .text               mc_p.l(memseta.o)
    0x080001b0   0x080001b0   0x00000024   Code   RO         8588    .text               mc_p.l(init.o)
    0x080001d4   0x080001d4   0x00000010   Code   RO          369    i.ADC1_IRQHandler   stm32g0xx_it.o
    0x080001e4   0x080001e4   0x00000080   Code   RO          576    i.ADC_DMAConvCplt   stm32g0xx_hal_adc.o
    0x08000264   0x08000264   0x0000001a   Code   RO          577    i.ADC_DMAError      stm32g0xx_hal_adc.o
    0x0800027e   0x0800027e   0x0000000a   Code   RO          578    i.ADC_DMAHalfConvCplt  stm32g0xx_hal_adc.o
    0x08000288   0x08000288   0x0000006c   Code   RO          579    i.ADC_Disable       stm32g0xx_hal_adc.o
    0x080002f4   0x080002f4   0x000000a8   Code   RO          580    i.ADC_Enable        stm32g0xx_hal_adc.o
    0x0800039c   0x0800039c   0x00000010   Code   RO          370    i.DMA1_Channel1_IRQHandler  stm32g0xx_it.o
    0x080003ac   0x080003ac   0x00000030   Code   RO         1264    i.DMA_CalcDMAMUXChannelBaseAndMask  stm32g0xx_hal_dma.o
    0x080003dc   0x080003dc   0x00000028   Code   RO         1265    i.DMA_CalcDMAMUXRequestGenBaseAndMask  stm32g0xx_hal_dma.o
    0x08000404   0x08000404   0x00000048   Code   RO         1266    i.DMA_SetConfig     stm32g0xx_hal_dma.o
    0x0800044c   0x0800044c   0x00000004   Code   RO           13    i.Error_Handler     main.o
    0x08000450   0x08000450   0x000000a0   Code   RO          789    i.HAL_ADCEx_Calibration_Start  stm32g0xx_hal_adc_ex.o
    0x080004f0   0x080004f0   0x00000002   Code   RO          790    i.HAL_ADCEx_ChannelConfigReadyCallback  stm32g0xx_hal_adc_ex.o
    0x080004f2   0x080004f2   0x00000002   Code   RO          792    i.HAL_ADCEx_EndOfSamplingCallback  stm32g0xx_hal_adc_ex.o
    0x080004f4   0x080004f4   0x00000002   Code   RO          793    i.HAL_ADCEx_LevelOutOfWindow2Callback  stm32g0xx_hal_adc_ex.o
    0x080004f6   0x080004f6   0x00000002   Code   RO          794    i.HAL_ADCEx_LevelOutOfWindow3Callback  stm32g0xx_hal_adc_ex.o
    0x080004f8   0x080004f8   0x00000224   Code   RO          582    i.HAL_ADC_ConfigChannel  stm32g0xx_hal_adc.o
    0x0800071c   0x0800071c   0x00000002   Code   RO          583    i.HAL_ADC_ConvCpltCallback  stm32g0xx_hal_adc.o
    0x0800071e   0x0800071e   0x00000002   Code   RO          584    i.HAL_ADC_ConvHalfCpltCallback  stm32g0xx_hal_adc.o
    0x08000720   0x08000720   0x00000002   Code   RO          586    i.HAL_ADC_ErrorCallback  stm32g0xx_hal_adc.o
    0x08000722   0x08000722   0x00000002   PAD
    0x08000724   0x08000724   0x00000150   Code   RO          590    i.HAL_ADC_IRQHandler  stm32g0xx_hal_adc.o
    0x08000874   0x08000874   0x0000024c   Code   RO          591    i.HAL_ADC_Init      stm32g0xx_hal_adc.o
    0x08000ac0   0x08000ac0   0x00000002   Code   RO          592    i.HAL_ADC_LevelOutOfWindowCallback  stm32g0xx_hal_adc.o
    0x08000ac2   0x08000ac2   0x00000002   PAD
    0x08000ac4   0x08000ac4   0x000000ac   Code   RO          274    i.HAL_ADC_MspInit   adc.o
    0x08000b70   0x08000b70   0x000000b4   Code   RO          598    i.HAL_ADC_Start_DMA  stm32g0xx_hal_adc.o
    0x08000c24   0x08000c24   0x000000b8   Code   RO         1272    i.HAL_DMA_IRQHandler  stm32g0xx_hal_dma.o
    0x08000cdc   0x08000cdc   0x000000a4   Code   RO         1273    i.HAL_DMA_Init      stm32g0xx_hal_dma.o
    0x08000d80   0x08000d80   0x0000008c   Code   RO         1277    i.HAL_DMA_Start_IT  stm32g0xx_hal_dma.o
    0x08000e0c   0x08000e0c   0x0000015c   Code   RO         1200    i.HAL_GPIO_Init     stm32g0xx_hal_gpio.o
    0x08000f68   0x08000f68   0x0000000c   Code   RO         1204    i.HAL_GPIO_WritePin  stm32g0xx_hal_gpio.o
    0x08000f74   0x08000f74   0x0000000c   Code   RO         1731    i.HAL_GetTick       stm32g0xx_hal.o
    0x08000f80   0x08000f80   0x00000028   Code   RO         1738    i.HAL_Init          stm32g0xx_hal.o
    0x08000fa8   0x08000fa8   0x00000048   Code   RO         1739    i.HAL_InitTick      stm32g0xx_hal.o
    0x08000ff0   0x08000ff0   0x00000034   Code   RO          429    i.HAL_MspInit       stm32g0xx_hal_msp.o
    0x08001024   0x08001024   0x00000018   Code   RO         1615    i.HAL_NVIC_EnableIRQ  stm32g0xx_hal_cortex.o
    0x0800103c   0x0800103c   0x00000008   Code   RO         1619    i.HAL_NVIC_SetPriority  stm32g0xx_hal_cortex.o
    0x08001044   0x08001044   0x0000004c   Code   RO         1500    i.HAL_PWREx_ControlVoltageScaling  stm32g0xx_hal_pwr_ex.o
    0x08001090   0x08001090   0x00000160   Code   RO          966    i.HAL_RCCEx_PeriphCLKConfig  stm32g0xx_hal_rcc_ex.o
    0x080011f0   0x080011f0   0x00000158   Code   RO          856    i.HAL_RCC_ClockConfig  stm32g0xx_hal_rcc.o
    0x08001348   0x08001348   0x0000008c   Code   RO          865    i.HAL_RCC_GetSysClockFreq  stm32g0xx_hal_rcc.o
    0x080013d4   0x080013d4   0x000003e0   Code   RO          869    i.HAL_RCC_OscConfig  stm32g0xx_hal_rcc.o
    0x080017b4   0x080017b4   0x000000a4   Code   RO         1986    i.HAL_RTC_Init      stm32g0xx_hal_rtc.o
    0x08001858   0x08001858   0x00000034   Code   RO          332    i.HAL_RTC_MspInit   rtc.o
    0x0800188c   0x0800188c   0x0000009c   Code   RO         1992    i.HAL_RTC_SetDate   stm32g0xx_hal_rtc.o
    0x08001928   0x08001928   0x000000c0   Code   RO         1993    i.HAL_RTC_SetTime   stm32g0xx_hal_rtc.o
    0x080019e8   0x080019e8   0x00000034   Code   RO         1994    i.HAL_RTC_WaitForSynchro  stm32g0xx_hal_rtc.o
    0x08001a1c   0x08001a1c   0x00000014   Code   RO         1747    i.HAL_SYSCFG_StrobeDBattpinsConfig  stm32g0xx_hal.o
    0x08001a30   0x08001a30   0x00000030   Code   RO         1623    i.HAL_SYSTICK_Config  stm32g0xx_hal_cortex.o
    0x08001a60   0x08001a60   0x00000002   Code   RO          371    i.HardFault_Handler  stm32g0xx_it.o
    0x08001a62   0x08001a62   0x00000008   Code   RO          603    i.LL_ADC_IsEnabled  stm32g0xx_hal_adc.o
    0x08001a6a   0x08001a6a   0x00000008   Code   RO          604    i.LL_ADC_REG_IsConversionOngoing  stm32g0xx_hal_adc.o
    0x08001a72   0x08001a72   0x00000010   Code   RO          605    i.LL_ADC_REG_IsTriggerSourceSWStart  stm32g0xx_hal_adc.o
    0x08001a82   0x08001a82   0x0000000e   Code   RO          607    i.LL_ADC_SetCommonPathInternalCh  stm32g0xx_hal_adc.o
    0x08001a90   0x08001a90   0x00000016   Code   RO          608    i.LL_ADC_SetSamplingTimeCommonChannels  stm32g0xx_hal_adc.o
    0x08001aa6   0x08001aa6   0x00000002   PAD
    0x08001aa8   0x08001aa8   0x00000094   Code   RO          275    i.MX_ADC1_Init      adc.o
    0x08001b3c   0x08001b3c   0x00000028   Code   RO          311    i.MX_DMA_Init       dma.o
    0x08001b64   0x08001b64   0x000000b4   Code   RO          249    i.MX_GPIO_Init      gpio.o
    0x08001c18   0x08001c18   0x00000090   Code   RO          333    i.MX_RTC_Init       rtc.o
    0x08001ca8   0x08001ca8   0x00000002   Code   RO          372    i.NMI_Handler       stm32g0xx_it.o
    0x08001caa   0x08001caa   0x00000018   Code   RO         1996    i.RTC_ByteToBcd2    stm32g0xx_hal_rtc.o
    0x08001cc2   0x08001cc2   0x00000044   Code   RO         1997    i.RTC_EnterInitMode  stm32g0xx_hal_rtc.o
    0x08001d06   0x08001d06   0x00000002   PAD
    0x08001d08   0x08001d08   0x00000050   Code   RO         1998    i.RTC_ExitInitMode  stm32g0xx_hal_rtc.o
    0x08001d58   0x08001d58   0x00000094   Code   RO           14    i.SystemClock_Config  main.o
    0x08001dec   0x08001dec   0x00000010   Code   RO         7430    i.SystemInit        system_stm32g0xx.o
    0x08001dfc   0x08001dfc   0x00000044   Code   RO         1625    i.__NVIC_SetPriority  stm32g0xx_hal_cortex.o
    0x08001e40   0x08001e40   0x0000000e   Code   RO         8604    i.__scatterload_copy  mc_p.l(handlers.o)
    0x08001e4e   0x08001e4e   0x00000002   Code   RO         8605    i.__scatterload_null  mc_p.l(handlers.o)
    0x08001e50   0x08001e50   0x0000000e   Code   RO         8606    i.__scatterload_zeroinit  mc_p.l(handlers.o)
    0x08001e5e   0x08001e5e   0x00000002   PAD
    0x08001e60   0x08001e60   0x00000068   Code   RO           15    i.main              main.o
    0x08001ec8   0x08001ec8   0x000000d4   Code   RO         7854    i.prvAddNewTaskToReadyList  tasks.o
    0x08001f9c   0x08001f9c   0x0000006c   Code   RO         7857    i.prvInitialiseNewTask  tasks.o
    0x08002008   0x08002008   0x00000020   Code   RO         7858    i.prvResetNextTaskUnblockTime  tasks.o
    0x08002028   0x08002028   0x00000004   Code   RO         8140    i.prvTaskExitError  port.o
    0x0800202c   0x0800202c   0x000000c4   Code   RO         8211    i.pvPortMalloc      heap_2.o
    0x080020f0   0x080020f0   0x00000020   Code   RO         8141    i.pxPortInitialiseStack  port.o
    0x08002110   0x08002110   0x00000016   Code   RO         7554    i.vListInitialise   list.o
    0x08002126   0x08002126   0x00000006   Code   RO         7555    i.vListInitialiseItem  list.o
    0x0800212c   0x0800212c   0x00000018   Code   RO         8143    i.vPortEnterCritical  port.o
    0x08002144   0x08002144   0x00000014   Code   RO         8144    i.vPortExitCritical  port.o
    0x08002158   0x08002158   0x0000004c   Code   RO         8212    i.vPortFree         heap_2.o
    0x080021a4   0x080021a4   0x00000002   Code   RO         8145    i.vPortSVCHandler   port.o
    0x080021a6   0x080021a6   0x00000002   PAD
    0x080021a8   0x080021a8   0x0000001c   Code   RO         8146    i.vPortSetupTimerInterrupt  port.o
    0x080021c4   0x080021c4   0x00000018   Code   RO         8147    i.vPortYield        port.o
    0x080021dc   0x080021dc   0x00000010   Code   RO         7880    i.vTaskSuspendAll   tasks.o
    0x080021ec   0x080021ec   0x00000050   Code   RO         7881    i.vTaskSwitchContext  tasks.o
    0x0800223c   0x0800223c   0x00000002   Code   RO           16    i.vTask_Update      main.o
    0x0800223e   0x0800223e   0x00000002   PAD
    0x08002240   0x08002240   0x00000030   Code   RO         8148    i.xPortStartScheduler  port.o
    0x08002270   0x08002270   0x00000024   Code   RO         8149    i.xPortSysTickHandler  port.o
    0x08002294   0x08002294   0x00000054   Code   RO         7884    i.xTaskCreate       tasks.o
    0x080022e8   0x080022e8   0x00000104   Code   RO         7893    i.xTaskIncrementTick  tasks.o
    0x080023ec   0x080023ec   0x000000f4   Code   RO         7895    i.xTaskResumeAll    tasks.o
    0x080024e0   0x080024e0   0x00000040   Data   RO         7431    .constdata          system_stm32g0xx.o
    0x08002520   0x08002520   0x00000020   Data   RO         8602    Region$$Table       anon$$obj.o


    Execution Region RW_IRAM1 (Exec base: 0x20000000, Load base: 0x08002540, Size: 0x00002628, Max: 0x00009000, ABSOLUTE)

    Exec Addr    Load Addr    Size         Type   Attr      Idx    E Section Name        Object

    0x20000000   0x08002540   0x00000004   Data   RW          545    .data               joystick.o
    0x20000004   0x08002544   0x0000000c   Data   RW         1750    .data               stm32g0xx_hal.o
    0x20000010   0x08002550   0x00000004   Data   RW         7433    .data               system_stm32g0xx.o
    0x20000014   0x08002554   0x00000040   Data   RW         7898    .data               tasks.o
    0x20000054   0x08002594   0x00000004   Data   RW         8150    .data               port.o
    0x20000058   0x08002598   0x00000018   Data   RW         8216    .data               heap_2.o
    0x20000070        -       0x000000c0   Zero   RW          276    .bss                adc.o
    0x20000130        -       0x0000002c   Zero   RW          334    .bss                rtc.o
    0x2000015c        -       0x000000c8   Zero   RW         7897    .bss                tasks.o
    0x20000224        -       0x00002000   Zero   RW         8215    .bss                heap_2.o
    0x20002224   0x080025b0   0x00000004   PAD
    0x20002228        -       0x00000400   Zero   RW            1    STACK               startup_stm32g070xx.o


==============================================================================

Image component sizes


      Code (inc. data)   RO Data    RW Data    ZI Data      Debug   Object Name

       320         34          0          0        192       1647   adc.o
        40          4          0          0          0        666   dma.o
         0          0          0          0          0       1472   event_groups.o
       180         10          0          0          0        863   gpio.o
       272         18          0         24       8192       3799   heap_2.o
         0          0          0          4          0        504   joystick.o
        28          0          0          0          0       1268   list.o
       258         30          0          0          0     375199   main.o
       338         52          0          4          0       6399   port.o
       196         20          0          0         44       1451   rtc.o
        28          8        184          0       1024        596   startup_stm32g070xx.o
       144         22          0         12          0      15554   stm32g0xx_hal.o
      2168        112          0          0          0      45504   stm32g0xx_hal_adc.o
       168          6          0          0          0      35339   stm32g0xx_hal_adc_ex.o
       148         24          0          0          0      11921   stm32g0xx_hal_cortex.o
       648         32          0          0          0       4599   stm32g0xx_hal_dma.o
       360         18          0          0          0       2164   stm32g0xx_hal_gpio.o
        52          6          0          0          0        762   stm32g0xx_hal_msp.o
        76         14          0          0          0        706   stm32g0xx_hal_pwr_ex.o
      1476         74          0          0          0       4254   stm32g0xx_hal_rcc.o
       352         14          0          0          0       1572   stm32g0xx_hal_rcc_ex.o
       736         18          0          0          0       5627   stm32g0xx_hal_rtc.o
        36         12          0          0          0       1627   stm32g0xx_it.o
        16          6         64          4          0       1035   system_stm32g0xx.o
      1036         50          0         64        200      15937   tasks.o

    ----------------------------------------------------------------------
      9088        584        280        112       9656     540465   Object Totals
         0          0         32          0          0          0   (incl. Generated)
        12          0          0          0          4          0   (incl. Padding)

    ----------------------------------------------------------------------

      Code (inc. data)   RO Data    RW Data    ZI Data      Debug   Library Member Name

         0          0          0          0          0          0   entry.o
         0          0          0          0          0          0   entry10a.o
         0          0          0          0          0          0   entry11a.o
         8          4          0          0          0          0   entry2.o
         4          0          0          0          0          0   entry5.o
         0          0          0          0          0          0   entry7b.o
         0          0          0          0          0          0   entry8b.o
         8          4          0          0          0          0   entry9a.o
        30          0          0          0          0          0   handlers.o
        36          8          0          0          0         68   init.o
        36          0          0          0          0        100   memseta.o
        44          0          0          0          0         72   uidiv.o

    ----------------------------------------------------------------------
       168         16          0          0          0        240   Library Totals
         2          0          0          0          0          0   (incl. Padding)

    ----------------------------------------------------------------------

      Code (inc. data)   RO Data    RW Data    ZI Data      Debug   Library Name

       166         16          0          0          0        240   mc_p.l

    ----------------------------------------------------------------------
       168         16          0          0          0        240   Library Totals

    ----------------------------------------------------------------------

==============================================================================


      Code (inc. data)   RO Data    RW Data    ZI Data      Debug   

      9256        600        280        112       9656     537065   Grand Totals
      9256        600        280        112       9656     537065   ELF Image Totals
      9256        600        280        112          0          0   ROM Totals

==============================================================================

    Total RO  Size (Code + RO Data)                 9536 (   9.31kB)
    Total RW  Size (RW Data + ZI Data)              9768 (   9.54kB)
    Total ROM Size (Code + RO Data + RW Data)       9648 (   9.42kB)

==============================================================================

